Component: ARM Compiler 5.06 update 6 (build 750) Tool: armlink [4d35ed]

==============================================================================

Section Cross References

    stm32f4xx_adc.o(i.ADC_DeInit) refers to stm32f4xx_rcc.o(i.RCC_APB2PeriphResetCmd) for RCC_APB2PeriphResetCmd
    stm32f4xx_tim.o(i.TIM_DeInit) refers to stm32f4xx_rcc.o(i.RCC_APB2PeriphResetCmd) for RCC_APB2PeriphResetCmd
    stm32f4xx_tim.o(i.TIM_DeInit) refers to stm32f4xx_rcc.o(i.RCC_APB1PeriphResetCmd) for RCC_APB1PeriphResetCmd
    stm32f4xx_tim.o(i.TIM_ETRClockMode1Config) refers to stm32f4xx_tim.o(i.TIM_ETRConfig) for TIM_ETRConfig
    stm32f4xx_tim.o(i.TIM_ETRClockMode2Config) refers to stm32f4xx_tim.o(i.TIM_ETRConfig) for TIM_ETRConfig
    stm32f4xx_tim.o(i.TIM_ICInit) refers to stm32f4xx_tim.o(i.TIM_SetIC4Prescaler) for TIM_SetIC4Prescaler
    stm32f4xx_tim.o(i.TIM_ICInit) refers to stm32f4xx_tim.o(i.TI1_Config) for TI1_Config
    stm32f4xx_tim.o(i.TIM_ICInit) refers to stm32f4xx_tim.o(i.TIM_SetIC1Prescaler) for TIM_SetIC1Prescaler
    stm32f4xx_tim.o(i.TIM_ICInit) refers to stm32f4xx_tim.o(i.TI2_Config) for TI2_Config
    stm32f4xx_tim.o(i.TIM_ICInit) refers to stm32f4xx_tim.o(i.TIM_SetIC2Prescaler) for TIM_SetIC2Prescaler
    stm32f4xx_tim.o(i.TIM_ICInit) refers to stm32f4xx_tim.o(i.TIM_SetIC3Prescaler) for TIM_SetIC3Prescaler
    stm32f4xx_tim.o(i.TIM_ITRxExternalClockConfig) refers to stm32f4xx_tim.o(i.TIM_SelectInputTrigger) for TIM_SelectInputTrigger
    stm32f4xx_tim.o(i.TIM_PWMIConfig) refers to stm32f4xx_tim.o(i.TI2_Config) for TI2_Config
    stm32f4xx_tim.o(i.TIM_PWMIConfig) refers to stm32f4xx_tim.o(i.TIM_SetIC2Prescaler) for TIM_SetIC2Prescaler
    stm32f4xx_tim.o(i.TIM_PWMIConfig) refers to stm32f4xx_tim.o(i.TI1_Config) for TI1_Config
    stm32f4xx_tim.o(i.TIM_PWMIConfig) refers to stm32f4xx_tim.o(i.TIM_SetIC1Prescaler) for TIM_SetIC1Prescaler
    stm32f4xx_tim.o(i.TIM_TIxExternalClockConfig) refers to stm32f4xx_tim.o(i.TI1_Config) for TI1_Config
    stm32f4xx_tim.o(i.TIM_TIxExternalClockConfig) refers to stm32f4xx_tim.o(i.TIM_SelectInputTrigger) for TIM_SelectInputTrigger
    stm32f4xx_tim.o(i.TIM_TIxExternalClockConfig) refers to stm32f4xx_tim.o(i.TI2_Config) for TI2_Config
    stm32f4xx_usart.o(i.USART_DeInit) refers to stm32f4xx_rcc.o(i.RCC_APB2PeriphResetCmd) for RCC_APB2PeriphResetCmd
    stm32f4xx_usart.o(i.USART_DeInit) refers to stm32f4xx_rcc.o(i.RCC_APB1PeriphResetCmd) for RCC_APB1PeriphResetCmd
    stm32f4xx_usart.o(i.USART_Init) refers to stm32f4xx_rcc.o(i.RCC_GetClocksFreq) for RCC_GetClocksFreq
    stm32f4xx_syscfg.o(i.SYSCFG_DeInit) refers to stm32f4xx_rcc.o(i.RCC_APB2PeriphResetCmd) for RCC_APB2PeriphResetCmd
    stm32f4xx_rcc.o(i.RCC_GetClocksFreq) refers to stm32f4xx_rcc.o(.data) for .data
    stm32f4xx_rcc.o(i.RCC_WaitForHSEStartUp) refers to stm32f4xx_rcc.o(i.RCC_GetFlagStatus) for RCC_GetFlagStatus
    stm32f4xx_pwr.o(i.PWR_DeInit) refers to stm32f4xx_rcc.o(i.RCC_APB1PeriphResetCmd) for RCC_APB1PeriphResetCmd
    boostconverter_nap.o(i.TimerTimeBaseIRQ_irq) refers to dmul.o(x$fpl$dmul) for __aeabi_dmul
    boostconverter_nap.o(i.TimerTimeBaseIRQ_irq) refers to ddiv.o(x$fpl$ddiv) for __aeabi_ddiv
    boostconverter_nap.o(i.TimerTimeBaseIRQ_irq) refers to daddsub_clz.o(x$fpl$dsub) for __aeabi_dsub
    boostconverter_nap.o(i.TimerTimeBaseIRQ_irq) refers to daddsub_clz.o(x$fpl$drsb) for __aeabi_drsub
    boostconverter_nap.o(i.TimerTimeBaseIRQ_irq) refers to basic.o(x$fpl$basic) for __aeabi_dneg
    boostconverter_nap.o(i.TimerTimeBaseIRQ_irq) refers to daddsub_clz.o(x$fpl$dadd) for __aeabi_dadd
    boostconverter_nap.o(i.TimerTimeBaseIRQ_irq) refers to drleqf.o(x$fpl$drleqf) for __aeabi_cdrcmple
    boostconverter_nap.o(i.TimerTimeBaseIRQ_irq) refers to dleqf.o(x$fpl$dleqf) for __aeabi_cdcmple
    boostconverter_nap.o(i.TimerTimeBaseIRQ_irq) refers to dfixu.o(x$fpl$dfixu) for __aeabi_d2uiz
    boostconverter_nap.o(i.TimerTimeBaseIRQ_irq) refers to boostconverter_nap.o(.bss) for .bss
    boostconverter_nap.o(i.boostconverter_nap_initialize) refers to rt_memclr_w.o(.text) for __aeabi_memclr4
    boostconverter_nap.o(i.boostconverter_nap_initialize) refers to waijung_hwdrvlib.o(i.enable_UARTSetup) for enable_UARTSetup
    boostconverter_nap.o(i.boostconverter_nap_initialize) refers to waijung_hwdrvlib.o(i.enable_RegularADC) for enable_RegularADC
    boostconverter_nap.o(i.boostconverter_nap_initialize) refers to waijung_hwdrvlib.o(i.enable_TimerTimeBaseIRQ) for enable_TimerTimeBaseIRQ
    boostconverter_nap.o(i.boostconverter_nap_initialize) refers to waijung_hwdrvlib.o(i.enable_FunctionCallSubsystemPBCBasicPWM) for enable_FunctionCallSubsystemPBCBasicPWM
    boostconverter_nap.o(i.boostconverter_nap_initialize) refers to waijung_hwdrvlib.o(i.enable_NHAN_DU_LIEUUARTRx) for enable_NHAN_DU_LIEUUARTRx
    boostconverter_nap.o(i.boostconverter_nap_initialize) refers to waijung_hwdrvlib.o(i.enable_TRUYEN_DU_LIEUUARTTx) for enable_TRUYEN_DU_LIEUUARTTx
[...]
    CL$$btod_emul                            0x08002038   Section       42  btod.o(CL$$btod_emul)
    CL$$btod_emuld                           0x08002062   Section       42  btod.o(CL$$btod_emuld)
    CL$$btod_mult_common                     0x0800208c   Section      580  btod.o(CL$$btod_mult_common)
    i.ADC_Cmd                                0x080022d0   Section        0  stm32f4xx_adc.o(i.ADC_Cmd)
    i.ADC_CommonInit                         0x080022e4   Section        0  stm32f4xx_adc.o(i.ADC_CommonInit)
    i.ADC_DMACmd                             0x08002310   Section        0  stm32f4xx_adc.o(i.ADC_DMACmd)
    i.ADC_DMARequestAfterLastTransferCmd     0x08002324   Section        0  stm32f4xx_adc.o(i.ADC_DMARequestAfterLastTransferCmd)
    i.ADC_Init                               0x08002338   Section        0  stm32f4xx_adc.o(i.ADC_Init)
    i.ADC_RegularChannelConfig               0x08002384   Section        0  stm32f4xx_adc.o(i.ADC_RegularChannelConfig)
    i.ADC_SoftwareStartConv                  0x080023f8   Section        0  stm32f4xx_adc.o(i.ADC_SoftwareStartConv)
    i.BusFault_Handler                       0x08002404   Section        0  stm32f4xx_it.o(i.BusFault_Handler)
    i.DMA_ClearFlag                          0x08002418   Section        0  stm32f4xx_dma.o(i.DMA_ClearFlag)
    i.DMA_Cmd                                0x08002444   Section        0  stm32f4xx_dma.o(i.DMA_Cmd)
    i.DMA_DeInit                             0x08002458   Section        0  stm32f4xx_dma.o(i.DMA_DeInit)
    i.DMA_GetFlagStatus                      0x0800257c   Section        0  stm32f4xx_dma.o(i.DMA_GetFlagStatus)
    i.DMA_Init                               0x080025b0   Section        0  stm32f4xx_dma.o(i.DMA_Init)
    i.DebugMon_Handler                       0x08002604   Section        0  stm32f4xx_it.o(i.DebugMon_Handler)
    i.GPIO_Init                              0x08002606   Section        0  stm32f4xx_gpio.o(i.GPIO_Init)
    i.GPIO_PinAFConfig                       0x080026a8   Section        0  stm32f4xx_gpio.o(i.GPIO_PinAFConfig)
    i.HardFault_Handler                      0x080026c8   Section        0  stm32f4xx_it.o(i.HardFault_Handler)
    i.MemManage_Handler                      0x080026dc   Section        0  stm32f4xx_it.o(i.MemManage_Handler)
    i.NHAN_DU_LIEUUARTRx_Receive             0x080026e0   Section        0  waijung_hwdrvlib.o(i.NHAN_DU_LIEUUARTRx_Receive)
    i.NMI_Handler                            0x08002748   Section        0  stm32f4xx_it.o(i.NMI_Handler)
    i.NVIC_Init                              0x0800274c   Section        0  misc.o(i.NVIC_Init)
    i.NVIC_PriorityGroupConfig               0x080027b0   Section        0  misc.o(i.NVIC_PriorityGroupConfig)
    i.PendSV_Handler                         0x080027c4   Section        0  stm32f4xx_it.o(i.PendSV_Handler)
    i.RCC_AHB1PeriphClockCmd                 0x080027c8   Section        0  stm32f4xx_rcc.o(i.RCC_AHB1PeriphClockCmd)
    i.RCC_APB1PeriphClockCmd                 0x080027e0   Section        0  stm32f4xx_rcc.o(i.RCC_APB1PeriphClockCmd)
    i.RCC_APB2PeriphClockCmd                 0x080027f8   Section        0  stm32f4xx_rcc.o(i.RCC_APB2PeriphClockCmd)
    i.RCC_GetClocksFreq                      0x08002810   Section        0  stm32f4xx_rcc.o(i.RCC_GetClocksFreq)
    i.RegularADCStartConversion              0x080028a0   Section        0  waijung_hwdrvlib.o(i.RegularADCStartConversion)
    i.SVC_Handler                            0x0800293c   Section        0  stm32f4xx_it.o(i.SVC_Handler)
    i.SetSysClock                            0x08002940   Section        0  system_stm32f4xx.o(i.SetSysClock)
    SetSysClock                              0x08002941   Thumb Code   162  system_stm32f4xx.o(i.SetSysClock)
    i.SysTick_Handler                        0x080029f4   Section        0  main.o(i.SysTick_Handler)
    i.SystemInit                             0x080029f8   Section        0  system_stm32f4xx.o(i.SystemInit)
    i.TIM2_IRQHandler                        0x08002a54   Section        0  stm32f4xx_it.o(i.TIM2_IRQHandler)
    i.TIM_ARRPreloadConfig                   0x08002a66   Section        0  stm32f4xx_tim.o(i.TIM_ARRPreloadConfig)
    i.TIM_ClearITPendingBit                  0x08002a7a   Section        0  stm32f4xx_tim.o(i.TIM_ClearITPendingBit)
    i.TIM_Cmd                                0x08002a80   Section        0  stm32f4xx_tim.o(i.TIM_Cmd)
    i.TIM_ITConfig                           0x08002a94   Section        0  stm32f4xx_tim.o(i.TIM_ITConfig)
    i.TIM_OC1Init                            0x08002aa4   Section        0  stm32f4xx_tim.o(i.TIM_OC1Init)
    i.TIM_OC1PreloadConfig                   0x08002b04   Section        0  stm32f4xx_tim.o(i.TIM_OC1PreloadConfig)
    i.TIM_OCStructInit                       0x08002b10   Section        0  stm32f4xx_tim.o(i.TIM_OCStructInit)
    i.TIM_PrescalerConfig                    0x08002b24   Section        0  stm32f4xx_tim.o(i.TIM_PrescalerConfig)
    i.TIM_SetAutoreload                      0x08002b2a   Section        0  stm32f4xx_tim.o(i.TIM_SetAutoreload)
    i.TIM_TimeBaseInit                       0x08002b30   Section        0  stm32f4xx_tim.o(i.TIM_TimeBaseInit)
    i.TimerTimeBaseIRQ_irq                   0x08002bac   Section        0  boostconverter_nap.o(i.TimerTimeBaseIRQ_irq)
    i.UART5_FlushTxBuffer                    0x08002d60   Section        0  waijung_hwdrvlib.o(i.UART5_FlushTxBuffer)
    i.UART5_Read                             0x08002dbc   Section        0  waijung_hwdrvlib.o(i.UART5_Read)
    i.UART5_ReadEx                           0x08002e1c   Section        0  waijung_hwdrvlib.o(i.UART5_ReadEx)
    i.UART5_ReadLine                         0x08002e7a   Section        0  waijung_hwdrvlib.o(i.UART5_ReadLine)
    i.UART5_RestoreBytes                     0x08002f4c   Section        0  waijung_hwdrvlib.o(i.UART5_RestoreBytes)
    i.UART5_TxUpdate                         0x08002f74   Section        0  waijung_hwdrvlib.o(i.UART5_TxUpdate)
    i.USART_ClearFlag                        0x08002fc0   Section        0  stm32f4xx_usart.o(i.USART_ClearFlag)
    i.USART_Cmd                              0x08002fc6   Section        0  stm32f4xx_usart.o(i.USART_Cmd)
    i.USART_DMACmd                           0x08002fda   Section        0  stm32f4xx_usart.o(i.USART_DMACmd)
    i.USART_GetFlagStatus                    0x08002fea   Section        0  stm32f4xx_usart.o(i.USART_GetFlagStatus)
    i.USART_Init                             0x08002ff8   Section        0  stm32f4xx_usart.o(i.USART_Init)
    i.USART_OverSampling8Cmd                 0x080030a4   Section        0  stm32f4xx_usart.o(i.USART_OverSampling8Cmd)
    i.UsageFault_Handler                     0x080030b8   Section        0  stm32f4xx_it.o(i.UsageFault_Handler)
    i.__ARM_fpclassify                       0x080030ba   Section        0  fpclassify.o(i.__ARM_fpclassify)
    i.__hardfp___mathlib_tofloat             0x080030f0   Section        0  narrow.o(i.__hardfp___mathlib_tofloat)
    i.__hardfp_ldexp                         0x080031e8   Section        0  ldexp.o(i.__hardfp_ldexp)
    i.__mathlib_dbl_overflow                 0x080032b8   Section        0  dunder.o(i.__mathlib_dbl_overflow)
    i.__mathlib_dbl_underflow                0x080032d8   Section        0  dunder.o(i.__mathlib_dbl_underflow)
    i.__mathlib_narrow                       0x080032f8   Section        0  narrow.o(i.__mathlib_narrow)
    i.__support_ldexp                        0x0800330a   Section        0  ldexp.o(i.__support_ldexp)
    i._is_digit                              0x0800331e   Section        0  __printf_wp.o(i._is_digit)
    i.boostconverter_nap_initialize          0x0800332c   Section        0  boostconverter_nap.o(i.boostconverter_nap_initialize)
    i.boostconverter_nap_step                0x08003398   Section        0  boostconverter_nap.o(i.boostconverter_nap_step)
    i.enable_FunctionCallSubsystemPBCBasicPWM 0x0800366c   Section        0  waijung_hwdrvlib.o(i.enable_FunctionCallSubsystemPBCBasicPWM)
    i.enable_NHAN_DU_LIEUUARTRx              0x08003710   Section        0  waijung_hwdrvlib.o(i.enable_NHAN_DU_LIEUUARTRx)
    i.enable_RegularADC                      0x08003714   Section        0  waijung_hwdrvlib.o(i.enable_RegularADC)
    i.enable_TRUYEN_DU_LIEUUARTTx            0x080037cc   Section        0  waijung_hwdrvlib.o(i.enable_TRUYEN_DU_LIEUUARTTx)
    i.enable_TRUYEN_DU_LIEUUARTTx1           0x080037d0   Section        0  waijung_hwdrvlib.o(i.enable_TRUYEN_DU_LIEUUARTTx1)
    i.enable_TRUYEN_DU_LIEUUARTTx2           0x080037d4   Section        0  waijung_hwdrvlib.o(i.enable_TRUYEN_DU_LIEUUARTTx2)
    i.enable_TRUYEN_DU_LIEUUARTTx3           0x080037d8   Section        0  waijung_hwdrvlib.o(i.enable_TRUYEN_DU_LIEUUARTTx3)
    i.enable_TRUYEN_DU_LIEUUARTTx4           0x080037dc   Section        0  waijung_hwdrvlib.o(i.enable_TRUYEN_DU_LIEUUARTTx4)
    i.enable_TRUYEN_DU_LIEUUARTTx5           0x080037e0   Section        0  waijung_hwdrvlib.o(i.enable_TRUYEN_DU_LIEUUARTTx5)
    i.enable_TRUYEN_DU_LIEUUARTTx6           0x080037e4   Section        0  waijung_hwdrvlib.o(i.enable_TRUYEN_DU_LIEUUARTTx6)
    i.enable_TimerTimeBaseIRQ                0x080037e8   Section        0  waijung_hwdrvlib.o(i.enable_TimerTimeBaseIRQ)
    i.enable_UARTSetup                       0x08003844   Section        0  waijung_hwdrvlib.o(i.enable_UARTSetup)
    i.frexp                                  0x08003848   Section        0  frexp.o(i.frexp)
    i.main                                   0x080038d4   Section        0  main.o(i.main)
    i.rt_OneStep                             0x08003910   Section        0  main.o(i.rt_OneStep)
    i.waijung_usart5_initial                 0x08003920   Section        0  waijung_hwdrvlib.o(i.waijung_usart5_initial)
    locale$$code                             0x08003a64   Section       44  lc_numeric_c.o(locale$$code)
    locale$$code                             0x08003a90   Section       44  lc_ctype_c.o(locale$$code)
    x$fpl$basic                              0x08003abc   Section       24  basic.o(x$fpl$basic)
    $v0                                      0x08003abc   Number         0  basic.o(x$fpl$basic)
    x$fpl$d2f                                0x08003ad4   Section       98  d2f.o(x$fpl$d2f)
    $v0                                      0x08003ad4   Number         0  d2f.o(x$fpl$d2f)
    x$fpl$dadd                               0x08003b38   Section      336  daddsub_clz.o(x$fpl$dadd)
    $v0                                      0x08003b38   Number         0  daddsub_clz.o(x$fpl$dadd)
    _dadd1                                   0x08003b49   Thumb Code     0  daddsub_clz.o(x$fpl$dadd)
    x$fpl$dcheck1                            0x08003c88   Section       16  dcheck1.o(x$fpl$dcheck1)
    $v0                                      0x08003c88   Number         0  dcheck1.o(x$fpl$dcheck1)
    x$fpl$dcmpinf                            0x08003c98   Section       24  dcmpi.o(x$fpl$dcmpinf)
    $v0                                      0x08003c98   Number         0  dcmpi.o(x$fpl$dcmpinf)
    x$fpl$ddiv                               0x08003cb0   Section      688  ddiv.o(x$fpl$ddiv)
    $v0                                      0x08003cb0   Number         0  ddiv.o(x$fpl$ddiv)
    ddiv_entry                               0x08003cb7   Thumb Code     0  ddiv.o(x$fpl$ddiv)
    x$fpl$deqf                               0x08003f60   Section      120  deqf.o(x$fpl$deqf)
    $v0                                      0x08003f60   Number         0  deqf.o(x$fpl$deqf)
    x$fpl$dfixu                              0x08003fd8   Section       90  dfixu.o(x$fpl$dfixu)
    $v0                                      0x08003fd8   Number         0  dfixu.o(x$fpl$dfixu)
    x$fpl$dfltu                              0x08004032   Section       38  dflt_clz.o(x$fpl$dfltu)
    $v0                                      0x08004032   Number         0  dflt_clz.o(x$fpl$dfltu)
    x$fpl$dleqf                              0x08004058   Section      120  dleqf.o(x$fpl$dleqf)
    $v0                                      0x08004058   Number         0  dleqf.o(x$fpl$dleqf)
    x$fpl$dmul                               0x080040d0   Section      340  dmul.o(x$fpl$dmul)
    $v0                                      0x080040d0   Number         0  dmul.o(x$fpl$dmul)
    x$fpl$dnaninf                            0x08004224   Section      156  dnaninf.o(x$fpl$dnaninf)
    $v0                                      0x08004224   Number         0  dnaninf.o(x$fpl$dnaninf)
    x$fpl$dretinf                            0x080042c0   Section       12  dretinf.o(x$fpl$dretinf)
    $v0                                      0x080042c0   Number         0  dretinf.o(x$fpl$dretinf)
    x$fpl$drleqf                             0x080042cc   Section      108  drleqf.o(x$fpl$drleqf)
    $v0                                      0x080042cc   Number         0  drleqf.o(x$fpl$drleqf)
    x$fpl$drsb                               0x08004338   Section       22  daddsub_clz.o(x$fpl$drsb)
    $v0                                      0x08004338   Number         0  daddsub_clz.o(x$fpl$drsb)
    x$fpl$dsub                               0x08004350   Section      468  daddsub_clz.o(x$fpl$dsub)
    $v0                                      0x08004350   Number         0  daddsub_clz.o(x$fpl$dsub)
    _dsub1                                   0x08004361   Thumb Code     0  daddsub_clz.o(x$fpl$dsub)
    x$fpl$f2d                                0x08004524   Section       86  f2d.o(x$fpl$f2d)
    $v0                                      0x08004524   Number         0  f2d.o(x$fpl$f2d)
    x$fpl$fnaninf                            0x0800457a   Section      140  fnaninf.o(x$fpl$fnaninf)
    $v0                                      0x0800457a   Number         0  fnaninf.o(x$fpl$fnaninf)
    x$fpl$fpinit                             0x08004606   Section       10  fpinit.o(x$fpl$fpinit)
    $v0                                      0x08004606   Number         0  fpinit.o(x$fpl$fpinit)
    x$fpl$fretinf                            0x08004610   Section       10  fretinf.o(x$fpl$fretinf)
    $v0                                      0x08004610   Number         0  fretinf.o(x$fpl$fretinf)
    x$fpl$ieeestatus                         0x0800461a   Section        6  istatus.o(x$fpl$ieeestatus)
    $v0                                      0x0800461a   Number         0  istatus.o(x$fpl$ieeestatus)
    x$fpl$printf1                            0x08004620   Section        4  printf1.o(x$fpl$printf1)
    $v0                                      0x08004620   Number         0  printf1.o(x$fpl$printf1)
    x$fpl$retnan                             0x08004624   Section      100  retnan.o(x$fpl$retnan)
    $v0                                      0x08004624   Number         0  retnan.o(x$fpl$retnan)
    x$fpl$scalbn                             0x08004688   Section       92  scalbn.o(x$fpl$scalbn)
    $v0                                      0x08004688   Number         0  scalbn.o(x$fpl$scalbn)
    x$fpl$scanf1                             0x080046e4   Section        4  scanf1.o(x$fpl$scanf1)
    $v0                                      0x080046e4   Number         0  scanf1.o(x$fpl$scanf1)
    x$fpl$scanf2                             0x080046e8   Section        8  scanf2.o(x$fpl$scanf2)
    $v0                                      0x080046e8   Number         0  scanf2.o(x$fpl$scanf2)
    x$fpl$trapveneer                         0x080046f0   Section       48  trapv.o(x$fpl$trapveneer)
    $v0                                      0x080046f0   Number         0  trapv.o(x$fpl$trapveneer)
    .constdata                               0x08004720   Section        4  boostconverter_nap.o(.constdata)
    x$fpl$usenofp                            0x08004720   Section        0  usenofp.o(x$fpl$usenofp)
    .constdata                               0x08004724   Section      148  bigflt0.o(.constdata)
    tenpwrs_x                                0x08004724   Data          60  bigflt0.o(.constdata)
    tenpwrs_i                                0x08004760   Data          64  bigflt0.o(.constdata)
    c$$dinf                                  0x080047d8   Section        8  fpconst.o(c$$dinf)
    c$$dmax                                  0x080047e0   Section        8  fpconst.o(c$$dmax)
    locale$$data                             0x080047e8   Section       28  lc_numeric_c.o(locale$$data)
    __lcnum_c_name                           0x080047ec   Data           2  lc_numeric_c.o(locale$$data)
    __lcnum_c_start                          0x080047f4   Data           0  lc_numeric_c.o(locale$$data)
    __lcnum_c_point                          0x08004800   Data           0  lc_numeric_c.o(locale$$data)
    __lcnum_c_thousands                      0x08004802   Data           0  lc_numeric_c.o(locale$$data)
    __lcnum_c_grouping                       0x08004803   Data           0  lc_numeric_c.o(locale$$data)
    locale$$data                             0x08004804   Section      272  lc_ctype_c.o(locale$$data)
    __lcnum_c_end                            0x08004804   Data           0  lc_numeric_c.o(locale$$data)
    __lcctype_c_name                         0x08004808   Data           2  lc_ctype_c.o(locale$$data)
    __lcctype_c_start                        0x08004810   Data           0  lc_ctype_c.o(locale$$data)
    __lcctype_c_end                          0x08004914   Data           0  lc_ctype_c.o(locale$$data)
    .data                                    0x20000000   Section       16  stm32f4xx_rcc.o(.data)
    APBAHBPrescTable                         0x20000000   Data          16  stm32f4xx_rcc.o(.data)
    .data                                    0x20000010   Section        4  boostconverter_nap.o(.data)
    .data                                    0x20000014   Section        8  main.o(.data)
    systick_active                           0x20000018   Data           4  main.o(.data)
    .data                                    0x2000001c   Section       36  waijung_hwdrvlib.o(.data)
    waijung_usart5_ready                     0x2000001c   Data           1  waijung_hwdrvlib.o(.data)
    .bss                                     0x20000040   Section      144  boostconverter_nap.o(.bss)
    .bss                                     0x200000d0   Section     1184  waijung_hwdrvlib.o(.bss)
    .bss                                     0x20000570   Section      512  waijung_hwdrvlib.o(.bss)
    .bss                                     0x20000770   Section       96  libspace.o(.bss)
    HEAP                                     0x200007d0   Section     8192  startup_stm32f4xx.o(HEAP)
    Heap_Mem                                 0x200007d0   Data        8192  startup_stm32f4xx.o(HEAP)
    STACK                                    0x200027d0   Section     8192  startup_stm32f4xx.o(STACK)
    Stack_Mem                                0x200027d0   Data        8192  startup_stm32f4xx.o(STACK)
    __initial_sp                             0x200047d0   Data           0  startup_stm32f4xx.o(STACK)

    Global Symbols

    Symbol Name                              Value     Ov Type        Size  Object(Section)

    BuildAttributes$$THM_ISAv4$E$P$D$K$B$S$7EM$VFPi3$EXTD16$VFPS$VFMA$PE$A:L22UL41UL21$X:L11$S22US41US21$IEEE1$IW$USESV6$~STKCKD$USESV7$~SHL$OTIME$ROPI$IEEEX$EBA8$UX$STANDARDLIB$REQ8$PRES8$EABIv2 0x00000000   Number         0  anon$$obj.o ABSOLUTE
    __ARM_use_no_argv                        0x00000000   Number         0  main.o ABSOLUTE
    __ARM_exceptions_init                     - Undefined Weak Reference
    __alloca_initialize                       - Undefined Weak Reference
    __arm_preinit_                            - Undefined Weak Reference
    __cpp_initialize__aeabi_                  - Undefined Weak Reference
    __cxa_finalize                            - Undefined Weak Reference
    __sigvec_lookup                           - Undefined Weak Reference
    _atexit_init                              - Undefined Weak Reference
    _call_atexit_fns                          - Undefined Weak Reference
    _clock_init                               - Undefined Weak Reference
    _fp_trap_init                             - Undefined Weak Reference
    _fp_trap_shutdown                         - Undefined Weak Reference
    _get_lc_collate                           - Undefined Weak Reference
    _get_lc_monetary                          - Undefined Weak Reference
    _get_lc_time                              - Undefined Weak Reference
    _getenv_init                              - Undefined Weak Reference
    _handle_redirection                       - Undefined Weak Reference
    _init_alloc                               - Undefined Weak Reference
    _init_user_alloc                          - Undefined Weak Reference
    _initio                                   - Undefined Weak Reference
    _printf_post_padding                      - Undefined Weak Reference
    _printf_pre_padding                       - Undefined Weak Reference
    _rand_init                                - Undefined Weak Reference
    _scanf_int                                - Undefined Weak Reference
    _scanf_longlong                           - Undefined Weak Reference
    _scanf_mbtowc                             - Undefined Weak Reference
    _scanf_string                             - Undefined Weak Reference
    _scanf_wctomb                             - Undefined Weak Reference
    _scanf_wstring                            - Undefined Weak Reference
    _signal_finish                            - Undefined Weak Reference
    _signal_init                              - Undefined Weak Reference
    _terminate_alloc                          - Undefined Weak Reference
    _terminate_user_alloc                     - Undefined Weak Reference
    _terminateio                              - Undefined Weak Reference
    __Vectors_Size                           0x00000188   Number         0  startup_stm32f4xx.o ABSOLUTE
    __Vectors                                0x08000000   Data           4  startup_stm32f4xx.o(RESET)
    __Vectors_End                            0x08000188   Data           0  startup_stm32f4xx.o(RESET)
    __main                                   0x08000189   Thumb Code     8  __main.o(!!!main)
    __scatterload                            0x08000191   Thumb Code     0  __scatter.o(!!!scatter)
    __scatterload_rt2                        0x08000191   Thumb Code    44  __scatter.o(!!!scatter)
    __scatterload_rt2_thumb_only             0x08000191   Thumb Code     0  __scatter.o(!!!scatter)
    __scatterload_null                       0x0800019f   Thumb Code     0  __scatter.o(!!!scatter)
    __scatterload_copy                       0x080001c5   Thumb Code    26  __scatter_copy.o(!!handler_copy)
    __scatterload_zeroinit                   0x080001e1   Thumb Code    28  __scatter_zi.o(!!handler_zi)
    _printf_f                                0x080001fd   Thumb Code     0  _printf_f.o(.ARM.Collect$$_printf_percent$$00000003)
    _printf_percent                          0x080001fd   Thumb Code     0  _printf_percent.o(.ARM.Collect$$_printf_percent$$00000000)
    _printf_percent_end                      0x08000203   Thumb Code     0  _printf_percent_end.o(.ARM.Collect$$_printf_percent$$00000017)
    __rt_lib_init                            0x08000207   Thumb Code     0  libinit.o(.ARM.Collect$$libinit$$00000000)
    __rt_lib_init_fp_1                       0x08000209   Thumb Code     0  libinit2.o(.ARM.Collect$$libinit$$00000001)
    __rt_lib_init_heap_1                     0x0800020d   Thumb Code     0  libinit2.o(.ARM.Collect$$libinit$$0000000A)
    __rt_lib_init_lc_common                  0x0800020d   Thumb Code     0  libinit2.o(.ARM.Collect$$libinit$$0000000F)
    __rt_lib_init_preinit_1                  0x0800020d   Thumb Code     0  libinit2.o(.ARM.Collect$$libinit$$00000004)
    __rt_lib_init_rand_1                     0x0800020d   Thumb Code     0  libinit2.o(.ARM.Collect$$libinit$$0000000E)
    __rt_lib_init_user_alloc_1               0x0800020d   Thumb Code     0  libinit2.o(.ARM.Collect$$libinit$$0000000C)
    __rt_lib_init_lc_collate_1               0x08000213   Thumb Code     0  libinit2.o(.ARM.Collect$$libinit$$00000011)
    __rt_lib_init_lc_ctype_2                 0x08000213   Thumb Code     0  libinit2.o(.ARM.Collect$$libinit$$00000012)
    __rt_lib_init_lc_ctype_1                 0x0800021f   Thumb Code     0  libinit2.o(.ARM.Collect$$libinit$$00000013)
    __rt_lib_init_lc_monetary_1              0x0800021f   Thumb Code     0  libinit2.o(.ARM.Collect$$libinit$$00000015)
    __rt_lib_init_lc_numeric_2               0x0800021f   Thumb Code     0  libinit2.o(.ARM.Collect$$libinit$$00000016)
    __rt_lib_init_alloca_1                   0x08000229   Thumb Code     0  libinit2.o(.ARM.Collect$$libinit$$0000002E)
    __rt_lib_init_argv_1                     0x08000229   Thumb Code     0  libinit2.o(.ARM.Collect$$libinit$$0000002C)
    __rt_lib_init_atexit_1                   0x08000229   Thumb Code     0  libinit2.o(.ARM.Collect$$libinit$$0000001B)
    __rt_lib_init_clock_1                    0x08000229   Thumb Code     0  libinit2.o(.ARM.Collect$$libinit$$00000021)
    __rt_lib_init_cpp_1                      0x08000229   Thumb Code     0  libinit2.o(.ARM.Collect$$libinit$$00000032)
    __rt_lib_init_exceptions_1               0x08000229   Thumb Code     0  libinit2.o(.ARM.Collect$$libinit$$00000030)
    __rt_lib_init_fp_trap_1                  0x08000229   Thumb Code     0  libinit2.o(.ARM.Collect$$libinit$$0000001F)
    __rt_lib_init_getenv_1                   0x08000229   Thumb Code     0  libinit2.o(.ARM.Collect$$libinit$$00000023)
    __rt_lib_init_lc_numeric_1               0x08000229   Thumb Code     0  libinit2.o(.ARM.Collect$$libinit$$00000017)
    __rt_lib_init_lc_time_1                  0x08000229   Thumb Code     0  libinit2.o(.ARM.Collect$$libinit$$00000019)
    __rt_lib_init_return                     0x08000229   Thumb Code     0  libinit2.o(.ARM.Collect$$libinit$$00000033)
    __rt_lib_init_signal_1                   0x08000229   Thumb Code     0  libinit2.o(.ARM.Collect$$libinit$$0000001D)
    __rt_lib_init_stdio_1                    0x08000229   Thumb Code     0  libinit2.o(.ARM.Collect$$libinit$$00000025)
    __rt_lib_shutdown                        0x0800022b   Thumb Code     0  libshutdown.o(.ARM.Collect$$libshutdown$$00000000)
    __rt_lib_shutdown_cpp_1                  0x0800022d   Thumb Code     0  libshutdown2.o(.ARM.Collect$$libshutdown$$00000002)
    __rt_lib_shutdown_fp_trap_1              0x0800022d   Thumb Code     0  libshutdown2.o(.ARM.Collect$$libshutdown$$00000007)
    __rt_lib_shutdown_heap_1                 0x0800022d   Thumb Code     0  libshutdown2.o(.ARM.Collect$$libshutdown$$0000000F)
    __rt_lib_shutdown_return                 0x0800022d   Thumb Code     0  libshutdown2.o(.ARM.Collect$$libshutdown$$00000010)
    __rt_lib_shutdown_signal_1               0x0800022d   Thumb Code     0  libshutdown2.o(.ARM.Collect$$libshutdown$$0000000A)
    __rt_lib_shutdown_stdio_1                0x0800022d   Thumb Code     0  libshutdown2.o(.ARM.Collect$$libshutdown$$00000004)
    __rt_lib_shutdown_user_alloc_1           0x0800022d   Thumb Code     0  libshutdown2.o(.ARM.Collect$$libshutdown$$0000000C)
    __rt_entry                               0x0800022f   Thumb Code     0  __rtentry.o(.ARM.Collect$$rtentry$$00000000)
    __rt_entry_presh_1                       0x0800022f   Thumb Code     0  __rtentry2.o(.ARM.Collect$$rtentry$$00000002)
    __rt_entry_sh                            0x0800022f   Thumb Code     0  __rtentry4.o(.ARM.Collect$$rtentry$$00000004)
    __rt_entry_li                            0x08000235   Thumb Code     0  __rtentry2.o(.ARM.Collect$$rtentry$$0000000A)
    __rt_entry_postsh_1                      0x08000235   Thumb Code     0  __rtentry2.o(.ARM.Collect$$rtentry$$00000009)
    __rt_entry_main                          0x08000239   Thumb Code     0  __rtentry2.o(.ARM.Collect$$rtentry$$0000000D)
    __rt_entry_postli_1                      0x08000239   Thumb Code     0  __rtentry2.o(.ARM.Collect$$rtentry$$0000000C)
    __rt_exit                                0x08000241   Thumb Code     0  rtexit.o(.ARM.Collect$$rtexit$$00000000)
    __rt_exit_ls                             0x08000243   Thumb Code     0  rtexit2.o(.ARM.Collect$$rtexit$$00000003)
    __rt_exit_prels_1                        0x08000243   Thumb Code     0  rtexit2.o(.ARM.Collect$$rtexit$$00000002)
    __rt_exit_exit                           0x08000247   Thumb Code     0  rtexit2.o(.ARM.Collect$$rtexit$$00000004)
    Reset_Handler                            0x0800024d   Thumb Code     8  startup_stm32f4xx.o(.text)
    ADC_IRQHandler                           0x08000267   Thumb Code     0  startup_stm32f4xx.o(.text)
    CAN1_RX0_IRQHandler                      0x08000267   Thumb Code     0  startup_stm32f4xx.o(.text)
    CAN1_RX1_IRQHandler                      0x08000267   Thumb Code     0  startup_stm32f4xx.o(.text)
    CAN1_SCE_IRQHandler                      0x08000267   Thumb Code     0  startup_stm32f4xx.o(.text)
    CAN1_TX_IRQHandler                       0x08000267   Thumb Code     0  startup_stm32f4xx.o(.text)
    CAN2_RX0_IRQHandler                      0x08000267   Thumb Code     0  startup_stm32f4xx.o(.text)
    CAN2_RX1_IRQHandler                      0x08000267   Thumb Code     0  startup_stm32f4xx.o(.text)
    CAN2_SCE_IRQHandler                      0x08000267   Thumb Code     0  startup_stm32f4xx.o(.text)
    CAN2_TX_IRQHandler                       0x08000267   Thumb Code     0  startup_stm32f4xx.o(.text)
    CRYP_IRQHandler                          0x08000267   Thumb Code     0  startup_stm32f4xx.o(.text)
    DCMI_IRQHandler                          0x08000267   Thumb Code     0  startup_stm32f4xx.o(.text)
    DMA1_Stream0_IRQHandler                  0x08000267   Thumb Code     0  startup_stm32f4xx.o(.text)
    DMA1_Stream1_IRQHandler                  0x08000267   Thumb Code     0  startup_stm32f4xx.o(.text)
    DMA1_Stream2_IRQHandler                  0x08000267   Thumb Code     0  startup_stm32f4xx.o(.text)
    DMA1_Stream3_IRQHandler                  0x08000267   Thumb Code     0  startup_stm32f4xx.o(.text)
    DMA1_Stream4_IRQHandler                  0x08000267   Thumb Code     0  startup_stm32f4xx.o(.text)
    DMA1_Stream5_IRQHandler                  0x08000267   Thumb Code     0  startup_stm32f4xx.o(.text)
    DMA1_Stream6_IRQHandler                  0x08000267   Thumb Code     0  startup_stm32f4xx.o(.text)
    DMA1_Stream7_IRQHandler                  0x08000267   Thumb Code     0  startup_stm32f4xx.o(.text)
    DMA2_Stream0_IRQHandler                  0x08000267   Thumb Code     0  startup_stm32f4xx.o(.text)
    DMA2_Stream1_IRQHandler                  0x08000267   Thumb Code     0  startup_stm32f4xx.o(.text)
    DMA2_Stream2_IRQHandler                  0x08000267   Thumb Code     0  startup_stm32f4xx.o(.text)
    DMA2_Stream3_IRQHandler                  0x08000267   Thumb Code     0  startup_stm32f4xx.o(.text)
    DMA2_Stream4_IRQHandler                  0x08000267   Thumb Code     0  startup_stm32f4xx.o(.text)
    DMA2_Stream5_IRQHandler                  0x08000267   Thumb Code     0  startup_stm32f4xx.o(.text)
    DMA2_Stream6_IRQHandler                  0x08000267   Thumb Code     0  startup_stm32f4xx.o(.text)
    DMA2_Stream7_IRQHandler                  0x08000267   Thumb Code     0  startup_stm32f4xx.o(.text)
    ETH_IRQHandler                           0x08000267   Thumb Code     0  startup_stm32f4xx.o(.text)
    ETH_WKUP_IRQHandler                      0x08000267   Thumb Code     0  startup_stm32f4xx.o(.text)
    EXTI0_IRQHandler                         0x08000267   Thumb Code     0  startup_stm32f4xx.o(.text)
    EXTI15_10_IRQHandler                     0x08000267   Thumb Code     0  startup_stm32f4xx.o(.text)
    EXTI1_IRQHandler                         0x08000267   Thumb Code     0  startup_stm32f4xx.o(.text)
    EXTI2_IRQHandler                         0x08000267   Thumb Code     0  startup_stm32f4xx.o(.text)
    EXTI3_IRQHandler                         0x08000267   Thumb Code     0  startup_stm32f4xx.o(.text)
    EXTI4_IRQHandler                         0x08000267   Thumb Code     0  startup_stm32f4xx.o(.text)
    EXTI9_5_IRQHandler                       0x08000267   Thumb Code     0  startup_stm32f4xx.o(.text)
    FLASH_IRQHandler                         0x08000267   Thumb Code     0  startup_stm32f4xx.o(.text)
    FPU_IRQHandler                           0x08000267   Thumb Code     0  startup_stm32f4xx.o(.text)
    FSMC_IRQHandler                          0x08000267   Thumb Code     0  startup_stm32f4xx.o(.text)
    HASH_RNG_IRQHandler                      0x08000267   Thumb Code     0  startup_stm32f4xx.o(.text)
    I2C1_ER_IRQHandler                       0x08000267   Thumb Code     0  startup_stm32f4xx.o(.text)
    I2C1_EV_IRQHandler                       0x08000267   Thumb Code     0  startup_stm32f4xx.o(.text)
    I2C2_ER_IRQHandler                       0x08000267   Thumb Code     0  startup_stm32f4xx.o(.text)
    I2C2_EV_IRQHandler                       0x08000267   Thumb Code     0  startup_stm32f4xx.o(.text)
    I2C3_ER_IRQHandler                       0x08000267   Thumb Code     0  startup_stm32f4xx.o(.text)
    I2C3_EV_IRQHandler                       0x08000267   Thumb Code     0  startup_stm32f4xx.o(.text)
    OTG_FS_IRQHandler                        0x08000267   Thumb Code     0  startup_stm32f4xx.o(.text)
    OTG_FS_WKUP_IRQHandler                   0x08000267   Thumb Code     0  startup_stm32f4xx.o(.text)
    OTG_HS_EP1_IN_IRQHandler                 0x08000267   Thumb Code     0  startup_stm32f4xx.o(.text)
    OTG_HS_EP1_OUT_IRQHandler                0x08000267   Thumb Code     0  startup_stm32f4xx.o(.text)
    OTG_HS_IRQHandler                        0x08000267   Thumb Code     0  startup_stm32f4xx.o(.text)
    OTG_HS_WKUP_IRQHandler                   0x08000267   Thumb Code     0  startup_stm32f4xx.o(.text)
    PVD_IRQHandler                           0x08000267   Thumb Code     0  startup_stm32f4xx.o(.text)
    RCC_IRQHandler                           0x08000267   Thumb Code     0  startup_stm32f4xx.o(.text)
    RTC_Alarm_IRQHandler                     0x08000267   Thumb Code     0  startup_stm32f4xx.o(.text)
    RTC_WKUP_IRQHandler                      0x08000267   Thumb Code     0  startup_stm32f4xx.o(.text)
    SDIO_IRQHandler                          0x08000267   Thumb Code     0  startup_stm32f4xx.o(.text)
    SPI1_IRQHandler                          0x08000267   Thumb Code     0  startup_stm32f4xx.o(.text)
    SPI2_IRQHandler                          0x08000267   Thumb Code     0  startup_stm32f4xx.o(.text)
    SPI3_IRQHandler                          0x08000267   Thumb Code     0  startup_stm32f4xx.o(.text)
    TAMP_STAMP_IRQHandler                    0x08000267   Thumb Code     0  startup_stm32f4xx.o(.text)
    TIM1_BRK_TIM9_IRQHandler                 0x08000267   Thumb Code     0  startup_stm32f4xx.o(.text)
    TIM1_CC_IRQHandler                       0x08000267   Thumb Code     0  startup_stm32f4xx.o(.text)
    TIM1_TRG_COM_TIM11_IRQHandler            0x08000267   Thumb Code     0  startup_stm32f4xx.o(.text)
    TIM1_UP_TIM10_IRQHandler                 0x08000267   Thumb Code     0  startup_stm32f4xx.o(.text)
    TIM3_IRQHandler                          0x08000267   Thumb Code     0  startup_stm32f4xx.o(.text)
    TIM4_IRQHandler                          0x08000267   Thumb Code     0  startup_stm32f4xx.o(.text)
    TIM5_IRQHandler                          0x08000267   Thumb Code     0  startup_stm32f4xx.o(.text)
    TIM6_DAC_IRQHandler                      0x08000267   Thumb Code     0  startup_stm32f4xx.o(.text)
    TIM7_IRQHandler                          0x08000267   Thumb Code     0  startup_stm32f4xx.o(.text)
    TIM8_BRK_TIM12_IRQHandler                0x08000267   Thumb Code     0  startup_stm32f4xx.o(.text)
    TIM8_CC_IRQHandler                       0x08000267   Thumb Code     0  startup_stm32f4xx.o(.text)
    TIM8_TRG_COM_TIM14_IRQHandler            0x08000267   Thumb Code     0  startup_stm32f4xx.o(.text)
    TIM8_UP_TIM13_IRQHandler                 0x08000267   Thumb Code     0  startup_stm32f4xx.o(.text)
    UART4_IRQHandler                         0x08000267   Thumb Code     0  startup_stm32f4xx.o(.text)
    UART5_IRQHandler                         0x08000267   Thumb Code     0  startup_stm32f4xx.o(.text)
    USART1_IRQHandler                        0x08000267   Thumb Code     0  startup_stm32f4xx.o(.text)
    USART2_IRQHandler                        0x08000267   Thumb Code     0  startup_stm32f4xx.o(.text)
    USART3_IRQHandler                        0x08000267   Thumb Code     0  startup_stm32f4xx.o(.text)
    USART6_IRQHandler                        0x08000267   Thumb Code     0  startup_stm32f4xx.o(.text)
    WWDG_IRQHandler                          0x08000267   Thumb Code     0  startup_stm32f4xx.o(.text)
    __user_initial_stackheap                 0x08000269   Thumb Code     0  startup_stm32f4xx.o(.text)
    __2sprintf                               0x0800028d   Thumb Code    34  noretval__2sprintf.o(.text)
    __printf                                 0x080002b5   Thumb Code   104  __printf.o(.text)
    __0sscanf                                0x0800031d   Thumb Code    52  __0sscanf.o(.text)
    strlen                                   0x08000359   Thumb Code    62  strlen.o(.text)
    strncmp                                  0x08000397   Thumb Code   150  strncmp.o(.text)
    __aeabi_memcpy                           0x0800042d   Thumb Code     0  rt_memcpy_v6.o(.text)
    __rt_memcpy                              0x0800042d   Thumb Code   138  rt_memcpy_v6.o(.text)
    _memcpy_lastbytes                        0x08000493   Thumb Code     0  rt_memcpy_v6.o(.text)
    __aeabi_memclr4                          0x080004b7   Thumb Code     0  rt_memclr_w.o(.text)
    __aeabi_memclr8                          0x080004b7   Thumb Code     0  rt_memclr_w.o(.text)
    __rt_memclr_w                            0x080004b7   Thumb Code    78  rt_memclr_w.o(.text)
    _memset_w                                0x080004bb   Thumb Code     0  rt_memclr_w.o(.text)
    __use_two_region_memory                  0x08000505   Thumb Code     2  heapauxi.o(.text)
    __rt_heap_escrow$2region                 0x08000507   Thumb Code     2  heapauxi.o(.text)
    __rt_heap_expand$2region                 0x08000509   Thumb Code     2  heapauxi.o(.text)
    __lib_sel_fp_printf                      0x0800050b   Thumb Code     2  _printf_fp_dec.o(.text)
    _printf_fp_dec_real                      0x080006bd   Thumb Code   620  _printf_fp_dec.o(.text)
    _printf_char_common                      0x08000933   Thumb Code    32  _printf_char_common.o(.text)
    _sputc                                   0x08000959   Thumb Code    10  _sputc.o(.text)
    _scanf_really_real                       0x08000bb1   Thumb Code   684  scanf_fp.o(.text)
    __vfscanf_char                           0x08000e69   Thumb Code    24  scanf_char.o(.text)
    _sgetc                                   0x08000e89   Thumb Code    30  _sgetc.o(.text)
    _sbackspace                              0x08000ea7   Thumb Code    34  _sgetc.o(.text)
    __aeabi_memcpy4                          0x08000ec9   Thumb Code     0  rt_memcpy_w.o(.text)
    __aeabi_memcpy8                          0x08000ec9   Thumb Code     0  rt_memcpy_w.o(.text)
    __rt_memcpy_w                            0x08000ec9   Thumb Code   100  rt_memcpy_w.o(.text)
    _memcpy_lastbytes_aligned                0x08000f11   Thumb Code     0  rt_memcpy_w.o(.text)
    __rt_locale                              0x08000f2d   Thumb Code     8  rt_locale_intlibspace.o(.text)
    __aeabi_errno_addr                       0x08000f35   Thumb Code     8  rt_errno_addr_intlibspace.o(.text)
    __errno$intlibspace                      0x08000f35   Thumb Code     0  rt_errno_addr_intlibspace.o(.text)
    __rt_errno_addr$intlibspace              0x08000f35   Thumb Code     0  rt_errno_addr_intlibspace.o(.text)
    _ll_udiv10                               0x08000f3d   Thumb Code   138  lludiv10.o(.text)
    isspace                                  0x08000fc7   Thumb Code    18  isspace.o(.text)
    _printf_fp_infnan                        0x08000fd9   Thumb Code   112  _printf_fp_infnan.o(.text)
    __vfscanf                                0x08001059   Thumb Code   878  _scanf.o(.text)
    _btod_etento                             0x080013cd   Thumb Code   224  bigflt0.o(.text)
    __user_libspace                          0x080014b1   Thumb Code     8  libspace.o(.text)
    __user_perproc_libspace                  0x080014b1   Thumb Code     0  libspace.o(.text)
    __user_perthread_libspace                0x080014b1   Thumb Code     0  libspace.o(.text)
    __user_setup_stackheap                   0x080014b9   Thumb Code    74  sys_stackheap_outer.o(.text)
    __rt_ctype_table                         0x08001505   Thumb Code    16  rt_ctype_table.o(.text)
    __read_errno                             0x08001515   Thumb Code    10  _rserrno.o(.text)
    __set_errno                              0x0800151f   Thumb Code    12  _rserrno.o(.text)
    _scanf_really_hex_real                   0x0800152d   Thumb Code   786  scanf_hexfp.o(.text)
    _scanf_really_infnan                     0x0800184d   Thumb Code   292  scanf_infnan.o(.text)
    exit                                     0x08001981   Thumb Code    18  exit.o(.text)
    strcmp                                   0x08001995   Thumb Code   128  strcmpv7m.o(.text)
    __aeabi_llsl                             0x08001a15   Thumb Code     0  llshl.o(.text)
    _ll_shift_l                              0x08001a15   Thumb Code    38  llshl.o(.text)
    _chval                                   0x08001a3b   Thumb Code    28  _chval.o(.text)
    _sys_exit                                0x08001a59   Thumb Code     8  sys_exit.o(.text)
    __I$use$semihosting                      0x08001a65   Thumb Code     0  use_no_semi.o(.text)
    __use_no_semihosting_swi                 0x08001a65   Thumb Code     2  use_no_semi.o(.text)
    __semihosting_library_function           0x08001a67   Thumb Code     0  indicate_semi.o(.text)
    _btod_d2e                                0x08001a67   Thumb Code    62  btod.o(CL$$btod_d2e)
    _d2e_denorm_low                          0x08001aa5   Thumb Code    70  btod.o(CL$$btod_d2e_denorm_low)
    _d2e_norm_op1                            0x08001aeb   Thumb Code    96  btod.o(CL$$btod_d2e_norm_op1)
    __btod_div_common                        0x08001b4b   Thumb Code   696  btod.o(CL$$btod_div_common)
    _e2d                                     0x08001e85   Thumb Code   122  btod.o(CL$$btod_e2d)
    _e2e                                     0x08001f09   Thumb Code   220  btod.o(CL$$btod_e2e)
    _btod_ediv                               0x08001fe5   Thumb Code    42  btod.o(CL$$btod_ediv)
    _btod_edivd                              0x0800200f   Thumb Code    42  btod.o(CL$$btod_edivd)
    _btod_emul                               0x08002039   Thumb Code    42  btod.o(CL$$btod_emul)
    _btod_emuld                              0x08002063   Thumb Code    42  btod.o(CL$$btod_emuld)
    __btod_mult_common                       0x0800208d   Thumb Code   580  btod.o(CL$$btod_mult_common)
    ADC_Cmd                                  0x080022d1   Thumb Code    20  stm32f4xx_adc.o(i.ADC_Cmd)
    ADC_CommonInit                           0x080022e5   Thumb Code    34  stm32f4xx_adc.o(i.ADC_CommonInit)
    ADC_DMACmd                               0x08002311   Thumb Code    20  stm32f4xx_adc.o(i.ADC_DMACmd)
    ADC_DMARequestAfterLastTransferCmd       0x08002325   Thumb Code    20  stm32f4xx_adc.o(i.ADC_DMARequestAfterLastTransferCmd)
    ADC_Init                                 0x08002339   Thumb Code    66  stm32f4xx_adc.o(i.ADC_Init)
    ADC_RegularChannelConfig                 0x08002385   Thumb Code   116  stm32f4xx_adc.o(i.ADC_RegularChannelConfig)
    ADC_SoftwareStartConv                    0x080023f9   Thumb Code    10  stm32f4xx_adc.o(i.ADC_SoftwareStartConv)
    BusFault_Handler                         0x08002405   Thumb Code    16  stm32f4xx_it.o(i.BusFault_Handler)
    DMA_ClearFlag                            0x08002419   Thumb Code    32  stm32f4xx_dma.o(i.DMA_ClearFlag)
    DMA_Cmd                                  0x08002445   Thumb Code    20  stm32f4xx_dma.o(i.DMA_Cmd)
    DMA_DeInit                               0x08002459   Thumb Code   272  stm32f4xx_dma.o(i.DMA_DeInit)
    DMA_GetFlagStatus                        0x0800257d   Thumb Code    40  stm32f4xx_dma.o(i.DMA_GetFlagStatus)
    DMA_Init                                 0x080025b1   Thumb Code    80  stm32f4xx_dma.o(i.DMA_Init)
    DebugMon_Handler                         0x08002605   Thumb Code     2  stm32f4xx_it.o(i.DebugMon_Handler)
    GPIO_Init                                0x08002607   Thumb Code   162  stm32f4xx_gpio.o(i.GPIO_Init)
    GPIO_PinAFConfig                         0x080026a9   Thumb Code    32  stm32f4xx_gpio.o(i.GPIO_PinAFConfig)
    HardFault_Handler                        0x080026c9   Thumb Code    16  stm32f4xx_it.o(i.HardFault_Handler)
    MemManage_Handler                        0x080026dd   Thumb Code     2  stm32f4xx_it.o(i.MemManage_Handler)
    NHAN_DU_LIEUUARTRx_Receive               0x080026e1   Thumb Code    62  waijung_hwdrvlib.o(i.NHAN_DU_LIEUUARTRx_Receive)
    NMI_Handler                              0x08002749   Thumb Code     2  stm32f4xx_it.o(i.NMI_Handler)
    NVIC_Init                                0x0800274d   Thumb Code    96  misc.o(i.NVIC_Init)
    NVIC_PriorityGroupConfig                 0x080027b1   Thumb Code    10  misc.o(i.NVIC_PriorityGroupConfig)
    PendSV_Handler                           0x080027c5   Thumb Code     2  stm32f4xx_it.o(i.PendSV_Handler)
    RCC_AHB1PeriphClockCmd                   0x080027c9   Thumb Code    18  stm32f4xx_rcc.o(i.RCC_AHB1PeriphClockCmd)
    RCC_APB1PeriphClockCmd                   0x080027e1   Thumb Code    18  stm32f4xx_rcc.o(i.RCC_APB1PeriphClockCmd)
    RCC_APB2PeriphClockCmd                   0x080027f9   Thumb Code    18  stm32f4xx_rcc.o(i.RCC_APB2PeriphClockCmd)
    RCC_GetClocksFreq                        0x08002811   Thumb Code   132  stm32f4xx_rcc.o(i.RCC_GetClocksFreq)
    RegularADCStartConversion                0x080028a1   Thumb Code   138  waijung_hwdrvlib.o(i.RegularADCStartConversion)
    SVC_Handler                              0x0800293d   Thumb Code     2  stm32f4xx_it.o(i.SVC_Handler)
    SysTick_Handler                          0x080029f5   Thumb Code     4  main.o(i.SysTick_Handler)
    SystemInit                               0x080029f9   Thumb Code    74  system_stm32f4xx.o(i.SystemInit)
    TIM2_IRQHandler                          0x08002a55   Thumb Code    18  stm32f4xx_it.o(i.TIM2_IRQHandler)
    TIM_ARRPreloadConfig                     0x08002a67   Thumb Code    20  stm32f4xx_tim.o(i.TIM_ARRPreloadConfig)
    TIM_ClearITPendingBit                    0x08002a7b   Thumb Code     6  stm32f4xx_tim.o(i.TIM_ClearITPendingBit)
    TIM_Cmd                                  0x08002a81   Thumb Code    20  stm32f4xx_tim.o(i.TIM_Cmd)
    TIM_ITConfig                             0x08002a95   Thumb Code    16  stm32f4xx_tim.o(i.TIM_ITConfig)
    TIM_OC1Init                              0x08002aa5   Thumb Code    88  stm32f4xx_tim.o(i.TIM_OC1Init)
    TIM_OC1PreloadConfig                     0x08002b05   Thumb Code    12  stm32f4xx_tim.o(i.TIM_OC1PreloadConfig)
    TIM_OCStructInit                         0x08002b11   Thumb Code    20  stm32f4xx_tim.o(i.TIM_OCStructInit)
    TIM_PrescalerConfig                      0x08002b25   Thumb Code     6  stm32f4xx_tim.o(i.TIM_PrescalerConfig)
    TIM_SetAutoreload                        0x08002b2b   Thumb Code     4  stm32f4xx_tim.o(i.TIM_SetAutoreload)
    TIM_TimeBaseInit                         0x08002b31   Thumb Code    96  stm32f4xx_tim.o(i.TIM_TimeBaseInit)
    TimerTimeBaseIRQ_irq                     0x08002bad   Thumb Code   388  boostconverter_nap.o(i.TimerTimeBaseIRQ_irq)
    UART5_FlushTxBuffer                      0x08002d61   Thumb Code    80  waijung_hwdrvlib.o(i.UART5_FlushTxBuffer)
    UART5_Read                               0x08002dbd   Thumb Code    88  waijung_hwdrvlib.o(i.UART5_Read)
    UART5_ReadEx                             0x08002e1d   Thumb Code    94  waijung_hwdrvlib.o(i.UART5_ReadEx)
    UART5_ReadLine                           0x08002e7b   Thumb Code   208  waijung_hwdrvlib.o(i.UART5_ReadLine)
    UART5_RestoreBytes                       0x08002f4d   Thumb Code    38  waijung_hwdrvlib.o(i.UART5_RestoreBytes)
    UART5_TxUpdate                           0x08002f75   Thumb Code    60  waijung_hwdrvlib.o(i.UART5_TxUpdate)
    USART_ClearFlag                          0x08002fc1   Thumb Code     6  stm32f4xx_usart.o(i.USART_ClearFlag)
    USART_Cmd                                0x08002fc7   Thumb Code    20  stm32f4xx_usart.o(i.USART_Cmd)
    USART_DMACmd                             0x08002fdb   Thumb Code    16  stm32f4xx_usart.o(i.USART_DMACmd)
    USART_GetFlagStatus                      0x08002feb   Thumb Code    14  stm32f4xx_usart.o(i.USART_GetFlagStatus)
    USART_Init                               0x08002ff9   Thumb Code   164  stm32f4xx_usart.o(i.USART_Init)
    USART_OverSampling8Cmd                   0x080030a5   Thumb Code    20  stm32f4xx_usart.o(i.USART_OverSampling8Cmd)
    UsageFault_Handler                       0x080030b9   Thumb Code     2  stm32f4xx_it.o(i.UsageFault_Handler)
    __ARM_fpclassify                         0x080030bb   Thumb Code    48  fpclassify.o(i.__ARM_fpclassify)
    __hardfp___mathlib_tofloat               0x080030f1   Thumb Code   232  narrow.o(i.__hardfp___mathlib_tofloat)
    __hardfp_ldexp                           0x080031e9   Thumb Code   200  ldexp.o(i.__hardfp_ldexp)
    __mathlib_dbl_overflow                   0x080032b9   Thumb Code    24  dunder.o(i.__mathlib_dbl_overflow)
    __mathlib_dbl_underflow                  0x080032d9   Thumb Code    24  dunder.o(i.__mathlib_dbl_underflow)
    __mathlib_narrow                         0x080032f9   Thumb Code    18  narrow.o(i.__mathlib_narrow)
    __support_ldexp                          0x0800330b   Thumb Code    20  ldexp.o(i.__support_ldexp)
    _is_digit                                0x0800331f   Thumb Code    14  __printf_wp.o(i._is_digit)
    boostconverter_nap_initialize            0x0800332d   Thumb Code    92  boostconverter_nap.o(i.boostconverter_nap_initialize)
    boostconverter_nap_step                  0x08003399   Thumb Code   584  boostconverter_nap.o(i.boostconverter_nap_step)
    enable_FunctionCallSubsystemPBCBasicPWM  0x0800366d   Thumb Code   156  waijung_hwdrvlib.o(i.enable_FunctionCallSubsystemPBCBasicPWM)
    enable_NHAN_DU_LIEUUARTRx                0x08003711   Thumb Code     4  waijung_hwdrvlib.o(i.enable_NHAN_DU_LIEUUARTRx)
    enable_RegularADC                        0x08003715   Thumb Code   166  waijung_hwdrvlib.o(i.enable_RegularADC)
    enable_TRUYEN_DU_LIEUUARTTx              0x080037cd   Thumb Code     4  waijung_hwdrvlib.o(i.enable_TRUYEN_DU_LIEUUARTTx)
    enable_TRUYEN_DU_LIEUUARTTx1             0x080037d1   Thumb Code     4  waijung_hwdrvlib.o(i.enable_TRUYEN_DU_LIEUUARTTx1)
    enable_TRUYEN_DU_LIEUUARTTx2             0x080037d5   Thumb Code     4  waijung_hwdrvlib.o(i.enable_TRUYEN_DU_LIEUUARTTx2)
    enable_TRUYEN_DU_LIEUUARTTx3             0x080037d9   Thumb Code     4  waijung_hwdrvlib.o(i.enable_TRUYEN_DU_LIEUUARTTx3)
    enable_TRUYEN_DU_LIEUUARTTx4             0x080037dd   Thumb Code     4  waijung_hwdrvlib.o(i.enable_TRUYEN_DU_LIEUUARTTx4)
    enable_TRUYEN_DU_LIEUUARTTx5             0x080037e1   Thumb Code     4  waijung_hwdrvlib.o(i.enable_TRUYEN_DU_LIEUUARTTx5)
    enable_TRUYEN_DU_LIEUUARTTx6             0x080037e5   Thumb Code     4  waijung_hwdrvlib.o(i.enable_TRUYEN_DU_LIEUUARTTx6)
    enable_TimerTimeBaseIRQ                  0x080037e9   Thumb Code    92  waijung_hwdrvlib.o(i.enable_TimerTimeBaseIRQ)
    enable_UARTSetup                         0x08003845   Thumb Code     4  waijung_hwdrvlib.o(i.enable_UARTSetup)
    frexp                                    0x08003849   Thumb Code   118  frexp.o(i.frexp)
    main                                     0x080038d5   Thumb Code    52  main.o(i.main)
    rt_OneStep                               0x08003911   Thumb Code    10  main.o(i.rt_OneStep)
    waijung_usart5_initial                   0x08003921   Thumb Code   292  waijung_hwdrvlib.o(i.waijung_usart5_initial)
    _get_lc_numeric                          0x08003a65   Thumb Code    44  lc_numeric_c.o(locale$$code)
    _get_lc_ctype                            0x08003a91   Thumb Code    44  lc_ctype_c.o(locale$$code)
    __aeabi_dneg                             0x08003abd   Thumb Code     0  basic.o(x$fpl$basic)
    _dneg                                    0x08003abd   Thumb Code     6  basic.o(x$fpl$basic)
    __aeabi_fneg                             0x08003ac3   Thumb Code     0  basic.o(x$fpl$basic)
    _fneg                                    0x08003ac3   Thumb Code     6  basic.o(x$fpl$basic)
    _dabs                                    0x08003ac9   Thumb Code     6  basic.o(x$fpl$basic)
    _fabs                                    0x08003acf   Thumb Code     6  basic.o(x$fpl$basic)
    __aeabi_d2f                              0x08003ad5   Thumb Code     0  d2f.o(x$fpl$d2f)
    _d2f                                     0x08003ad5   Thumb Code    98  d2f.o(x$fpl$d2f)
    __aeabi_dadd                             0x08003b39   Thumb Code     0  daddsub_clz.o(x$fpl$dadd)
    _dadd                                    0x08003b39   Thumb Code   332  daddsub_clz.o(x$fpl$dadd)
    __fpl_dcheck_NaN1                        0x08003c89   Thumb Code    10  dcheck1.o(x$fpl$dcheck1)
    __fpl_dcmp_Inf                           0x08003c99   Thumb Code    24  dcmpi.o(x$fpl$dcmpinf)
    __aeabi_ddiv                             0x08003cb1   Thumb Code     0  ddiv.o(x$fpl$ddiv)
    _ddiv                                    0x08003cb1   Thumb Code   552  ddiv.o(x$fpl$ddiv)
    __aeabi_cdcmpeq                          0x08003f61   Thumb Code     0  deqf.o(x$fpl$deqf)
    _dcmpeq                                  0x08003f61   Thumb Code   120  deqf.o(x$fpl$deqf)
    __aeabi_d2uiz                            0x08003fd9   Thumb Code     0  dfixu.o(x$fpl$dfixu)
    _dfixu                                   0x08003fd9   Thumb Code    90  dfixu.o(x$fpl$dfixu)
    __aeabi_ui2d                             0x08004033   Thumb Code     0  dflt_clz.o(x$fpl$dfltu)
    _dfltu                                   0x08004033   Thumb Code    38  dflt_clz.o(x$fpl$dfltu)
    __aeabi_cdcmple                          0x08004059   Thumb Code     0  dleqf.o(x$fpl$dleqf)
    _dcmple                                  0x08004059   Thumb Code   120  dleqf.o(x$fpl$dleqf)
    __fpl_dcmple_InfNaN                      0x080040bb   Thumb Code     0  dleqf.o(x$fpl$dleqf)
    __aeabi_dmul                             0x080040d1   Thumb Code     0  dmul.o(x$fpl$dmul)
    _dmul                                    0x080040d1   Thumb Code   332  dmul.o(x$fpl$dmul)
    __fpl_dnaninf                            0x08004225   Thumb Code   156  dnaninf.o(x$fpl$dnaninf)
    __fpl_dretinf                            0x080042c1   Thumb Code    12  dretinf.o(x$fpl$dretinf)
    __aeabi_cdrcmple                         0x080042cd   Thumb Code     0  drleqf.o(x$fpl$drleqf)
    _drcmple                                 0x080042cd   Thumb Code   108  drleqf.o(x$fpl$drleqf)
    __aeabi_drsub                            0x08004339   Thumb Code     0  daddsub_clz.o(x$fpl$drsb)
    _drsb                                    0x08004339   Thumb Code    22  daddsub_clz.o(x$fpl$drsb)
    __aeabi_dsub                             0x08004351   Thumb Code     0  daddsub_clz.o(x$fpl$dsub)
    _dsub                                    0x08004351   Thumb Code   464  daddsub_clz.o(x$fpl$dsub)
    __aeabi_f2d                              0x08004525   Thumb Code     0  f2d.o(x$fpl$f2d)
    _f2d                                     0x08004525   Thumb Code    86  f2d.o(x$fpl$f2d)
    __fpl_fnaninf                            0x0800457b   Thumb Code   140  fnaninf.o(x$fpl$fnaninf)
    _fp_init                                 0x08004607   Thumb Code    10  fpinit.o(x$fpl$fpinit)
    __fplib_config_fpu_vfp                   0x0800460f   Thumb Code     0  fpinit.o(x$fpl$fpinit)
    __fplib_config_pureend_doubles           0x0800460f   Thumb Code     0  fpinit.o(x$fpl$fpinit)
    __fpl_fretinf                            0x08004611   Thumb Code    10  fretinf.o(x$fpl$fretinf)
    __ieee_status                            0x0800461b   Thumb Code     6  istatus.o(x$fpl$ieeestatus)
    _printf_fp_dec                           0x08004621   Thumb Code     4  printf1.o(x$fpl$printf1)
    __fpl_return_NaN                         0x08004625   Thumb Code   100  retnan.o(x$fpl$retnan)
    __ARM_scalbn                             0x08004689   Thumb Code    92  scalbn.o(x$fpl$scalbn)
    _scanf_real                              0x080046e5   Thumb Code     4  scanf1.o(x$fpl$scanf1)
    _scanf_hex_real                          0x080046e9   Thumb Code     4  scanf2.o(x$fpl$scanf2)
    _scanf_infnan                            0x080046ed   Thumb Code     4  scanf2.o(x$fpl$scanf2)
    __fpl_cmpreturn                          0x080046f1   Thumb Code    48  trapv.o(x$fpl$trapveneer)
    __I$use$fp                               0x08004720   Number         0  usenofp.o(x$fpl$usenofp)
    boostconverter_nap_M                     0x08004720   Data           4  boostconverter_nap.o(.constdata)
    Region$$Table$$Base                      0x080047b8   Number         0  anon$$obj.o(Region$$Table)
    Region$$Table$$Limit                     0x080047d8   Number         0  anon$$obj.o(Region$$Table)
    __aeabi_HUGE_VAL                         0x080047d8   Data           0  fpconst.o(c$$dinf)
    __aeabi_HUGE_VALL                        0x080047d8   Data           0  fpconst.o(c$$dinf)
    __aeabi_INFINITY                         0x080047d8   Data           0  fpconst.o(c$$dinf)
    __dInf                                   0x080047d8   Data           0  fpconst.o(c$$dinf)
    __huge_val                               0x080047d8   Data           0  fpconst.o(c$$dinf)
    __dbl_max                                0x080047e0   Data           0  fpconst.o(c$$dmax)
    __ctype                                  0x08004811   Data           0  lc_ctype_c.o(locale$$data)
    boostconverter_nap_M_                    0x20000010   Data           4  boostconverter_nap.o(.data)
    systick_count                            0x20000014   Data           4  main.o(.data)
    UARTSetup_Tx_State                       0x2000001d   Data           1  waijung_hwdrvlib.o(.data)
    NHAN_DU_LIEUUARTRx_data0                 0x20000020   Data           4  waijung_hwdrvlib.o(.data)
    NHAN_DU_LIEUUARTRx_data1                 0x20000024   Data           4  waijung_hwdrvlib.o(.data)
    NHAN_DU_LIEUUARTRx_data2                 0x20000028   Data           4  waijung_hwdrvlib.o(.data)
    NHAN_DU_LIEUUARTRx_data3                 0x2000002c   Data           4  waijung_hwdrvlib.o(.data)
    RegularADC_ConvertedValue                0x20000030   Data           6  waijung_hwdrvlib.o(.data)
    NHAN_DU_LIEUUARTRx_read_structure        0x20000038   Data           8  waijung_hwdrvlib.o(.data)
    boostconverter_nap_B                     0x20000040   Data          80  boostconverter_nap.o(.bss)
    boostconverter_nap_DW                    0x20000090   Data          64  boostconverter_nap.o(.bss)
    UART5_Tx_Buffer                          0x200000d0   Data         512  waijung_hwdrvlib.o(.bss)
    UART5_Rx_Buffer                          0x200002d0   Data         512  waijung_hwdrvlib.o(.bss)
    UARTSetup_DMA_Init                       0x200004d0   Data          60  waijung_hwdrvlib.o(.bss)
    RegularADC_ADC_InitStructure             0x2000050c   Data          24  waijung_hwdrvlib.o(.bss)
    RegularADC_ADC_CommonInitStructure       0x20000524   Data          16  waijung_hwdrvlib.o(.bss)
    RegularADC_DMA_InitStructure             0x20000534   Data          60  waijung_hwdrvlib.o(.bss)
    UART5_Temp_Buffer                        0x20000570   Data         512  waijung_hwdrvlib.o(.bss)
    __libspace_start                         0x20000770   Data          96  libspace.o(.bss)
    __temporary_stack_top$libspace           0x200007d0   Data           0  libspace.o(.bss)



==============================================================================

Memory Map of the image

  Image Entry point : 0x08000189

  Load Region LR_IROM1 (Base: 0x08000000, Size: 0x00004954, Max: 0x00080000, ABSOLUTE)

    Execution Region ER_IROM1 (Base: 0x08000000, Size: 0x00004914, Max: 0x00080000, ABSOLUTE)

    Base Addr    Size         Type   Attr      Idx    E Section Name        Object

    0x08000000   0x00000188   Data   RO         2327    RESET               startup_stm32f4xx.o
    0x08000188   0x00000008   Code   RO         2374  * !!!main             c_w.l(__main.o)
    0x08000190   0x00000034   Code   RO         2727    !!!scatter          c_w.l(__scatter.o)
    0x080001c4   0x0000001a   Code   RO         2729    !!handler_copy      c_w.l(__scatter_copy.o)
    0x080001de   0x00000002   PAD
    0x080001e0   0x0000001c   Code   RO         2731    !!handler_zi        c_w.l(__scatter_zi.o)
    0x080001fc   0x00000000   Code   RO         2361    .ARM.Collect$$_printf_percent$$00000000  c_w.l(_printf_percent.o)
    0x080001fc   0x00000006   Code   RO         2360    .ARM.Collect$$_printf_percent$$00000003  c_w.l(_printf_f.o)
    0x08000202   0x00000004   Code   RO         2419    .ARM.Collect$$_printf_percent$$00000017  c_w.l(_printf_percent_end.o)
    0x08000206   0x00000002   Code   RO         2546    .ARM.Collect$$libinit$$00000000  c_w.l(libinit.o)
    0x08000208   0x00000004   Code   RO         2547    .ARM.Collect$$libinit$$00000001  c_w.l(libinit2.o)
    0x0800020c   0x00000000   Code   RO         2550    .ARM.Collect$$libinit$$00000004  c_w.l(libinit2.o)
    0x0800020c   0x00000000   Code   RO         2553    .ARM.Collect$$libinit$$0000000A  c_w.l(libinit2.o)
    0x0800020c   0x00000000   Code   RO         2555    .ARM.Collect$$libinit$$0000000C  c_w.l(libinit2.o)
    0x0800020c   0x00000000   Code   RO         2557    .ARM.Collect$$libinit$$0000000E  c_w.l(libinit2.o)
    0x0800020c   0x00000006   Code   RO         2558    .ARM.Collect$$libinit$$0000000F  c_w.l(libinit2.o)
    0x08000212   0x00000000   Code   RO         2560    .ARM.Collect$$libinit$$00000011  c_w.l(libinit2.o)
    0x08000212   0x0000000c   Code   RO         2561    .ARM.Collect$$libinit$$00000012  c_w.l(libinit2.o)
    0x0800021e   0x00000000   Code   RO         2562    .ARM.Collect$$libinit$$00000013  c_w.l(libinit2.o)
    0x0800021e   0x00000000   Code   RO         2564    .ARM.Collect$$libinit$$00000015  c_w.l(libinit2.o)
    0x0800021e   0x0000000a   Code   RO         2565    .ARM.Collect$$libinit$$00000016  c_w.l(libinit2.o)
    0x08000228   0x00000000   Code   RO         2566    .ARM.Collect$$libinit$$00000017  c_w.l(libinit2.o)
    0x08000228   0x00000000   Code   RO         2568    .ARM.Collect$$libinit$$00000019  c_w.l(libinit2.o)
    0x08000228   0x00000000   Code   RO         2570    .ARM.Collect$$libinit$$0000001B  c_w.l(libinit2.o)
    0x08000228   0x00000000   Code   RO         2572    .ARM.Collect$$libinit$$0000001D  c_w.l(libinit2.o)
    0x08000228   0x00000000   Code   RO         2574    .ARM.Collect$$libinit$$0000001F  c_w.l(libinit2.o)
    0x08000228   0x00000000   Code   RO         2576    .ARM.Collect$$libinit$$00000021  c_w.l(libinit2.o)
    0x08000228   0x00000000   Code   RO         2578    .ARM.Collect$$libinit$$00000023  c_w.l(libinit2.o)
    0x08000228   0x00000000   Code   RO         2580    .ARM.Collect$$libinit$$00000025  c_w.l(libinit2.o)
    0x08000228   0x00000000   Code   RO         2584    .ARM.Collect$$libinit$$0000002C  c_w.l(libinit2.o)
    0x08000228   0x00000000   Code   RO         2586    .ARM.Collect$$libinit$$0000002E  c_w.l(libinit2.o)
    0x08000228   0x00000000   Code   RO         2588    .ARM.Collect$$libinit$$00000030  c_w.l(libinit2.o)
    0x08000228   0x00000000   Code   RO         2590    .ARM.Collect$$libinit$$00000032  c_w.l(libinit2.o)
    0x08000228   0x00000002   Code   RO         2591    .ARM.Collect$$libinit$$00000033  c_w.l(libinit2.o)
    0x0800022a   0x00000002   Code   RO         2669    .ARM.Collect$$libshutdown$$00000000  c_w.l(libshutdown.o)
    0x0800022c   0x00000000   Code   RO         2682    .ARM.Collect$$libshutdown$$00000002  c_w.l(libshutdown2.o)
    0x0800022c   0x00000000   Code   RO         2684    .ARM.Collect$$libshutdown$$00000004  c_w.l(libshutdown2.o)
    0x0800022c   0x00000000   Code   RO         2687    .ARM.Collect$$libshutdown$$00000007  c_w.l(libshutdown2.o)
    0x0800022c   0x00000000   Code   RO         2690    .ARM.Collect$$libshutdown$$0000000A  c_w.l(libshutdown2.o)
    0x0800022c   0x00000000   Code   RO         2692    .ARM.Collect$$libshutdown$$0000000C  c_w.l(libshutdown2.o)
    0x0800022c   0x00000000   Code   RO         2695    .ARM.Collect$$libshutdown$$0000000F  c_w.l(libshutdown2.o)
    0x0800022c   0x00000002   Code   RO         2696    .ARM.Collect$$libshutdown$$00000010  c_w.l(libshutdown2.o)
    0x0800022e   0x00000000   Code   RO         2412    .ARM.Collect$$rtentry$$00000000  c_w.l(__rtentry.o)
    0x0800022e   0x00000000   Code   RO         2440    .ARM.Collect$$rtentry$$00000002  c_w.l(__rtentry2.o)
    0x0800022e   0x00000006   Code   RO         2452    .ARM.Collect$$rtentry$$00000004  c_w.l(__rtentry4.o)
    0x08000234   0x00000000   Code   RO         2442    .ARM.Collect$$rtentry$$00000009  c_w.l(__rtentry2.o)
    0x08000234   0x00000004   Code   RO         2443    .ARM.Collect$$rtentry$$0000000A  c_w.l(__rtentry2.o)
    0x08000238   0x00000000   Code   RO         2445    .ARM.Collect$$rtentry$$0000000C  c_w.l(__rtentry2.o)
    0x08000238   0x00000008   Code   RO         2446    .ARM.Collect$$rtentry$$0000000D  c_w.l(__rtentry2.o)
    0x08000240   0x00000002   Code   RO         2600    .ARM.Collect$$rtexit$$00000000  c_w.l(rtexit.o)
    0x08000242   0x00000000   Code   RO         2630    .ARM.Collect$$rtexit$$00000002  c_w.l(rtexit2.o)
    0x08000242   0x00000004   Code   RO         2631    .ARM.Collect$$rtexit$$00000003  c_w.l(rtexit2.o)
    0x08000246   0x00000006   Code   RO         2632    .ARM.Collect$$rtexit$$00000004  c_w.l(rtexit2.o)
    0x0800024c   0x00000040   Code   RO         2328    .text               startup_stm32f4xx.o
    0x0800028c   0x00000028   Code   RO         2336    .text               c_w.l(noretval__2sprintf.o)
    0x080002b4   0x00000068   Code   RO         2338    .text               c_w.l(__printf.o)
    0x0800031c   0x0000003c   Code   RO         2362    .text               c_w.l(__0sscanf.o)
    0x08000358   0x0000003e   Code   RO         2364    .text               c_w.l(strlen.o)
    0x08000396   0x00000096   Code   RO         2366    .text               c_w.l(strncmp.o)
    0x0800042c   0x0000008a   Code   RO         2368    .text               c_w.l(rt_memcpy_v6.o)
    0x080004b6   0x0000004e   Code   RO         2370    .text               c_w.l(rt_memclr_w.o)
    0x08000504   0x00000006   Code   RO         2372    .text               c_w.l(heapauxi.o)
    0x0800050a   0x0000041e   Code   RO         2413    .text               c_w.l(_printf_fp_dec.o)
    0x08000928   0x00000030   Code   RO         2415    .text               c_w.l(_printf_char_common.o)
    0x08000958   0x0000000a   Code   RO         2417    .text               c_w.l(_sputc.o)
    0x08000962   0x00000002   PAD
    0x08000964   0x000004f8   Code   RO         2420    .text               c_w.l(scanf_fp.o)
    0x08000e5c   0x0000002c   Code   RO         2422    .text               c_w.l(scanf_char.o)
    0x08000e88   0x00000040   Code   RO         2424    .text               c_w.l(_sgetc.o)
    0x08000ec8   0x00000064   Code   RO         2426    .text               c_w.l(rt_memcpy_w.o)
    0x08000f2c   0x00000008   Code   RO         2457    .text               c_w.l(rt_locale_intlibspace.o)
    0x08000f34   0x00000008   Code   RO         2462    .text               c_w.l(rt_errno_addr_intlibspace.o)
    0x08000f3c   0x0000008a   Code   RO         2464    .text               c_w.l(lludiv10.o)
    0x08000fc6   0x00000012   Code   RO         2466    .text               c_w.l(isspace.o)
    0x08000fd8   0x00000080   Code   RO         2468    .text               c_w.l(_printf_fp_infnan.o)
    0x08001058   0x00000374   Code   RO         2472    .text               c_w.l(_scanf.o)
    0x080013cc   0x000000e4   Code   RO         2474    .text               c_w.l(bigflt0.o)
    0x080014b0   0x00000008   Code   RO         2524    .text               c_w.l(libspace.o)
    0x080014b8   0x0000004a   Code   RO         2527    .text               c_w.l(sys_stackheap_outer.o)
    0x08001502   0x00000002   PAD
    0x08001504   0x00000010   Code   RO         2529    .text               c_w.l(rt_ctype_table.o)
    0x08001514   0x00000016   Code   RO         2531    .text               c_w.l(_rserrno.o)
    0x0800152a   0x00000002   PAD
    0x0800152c   0x00000320   Code   RO         2533    .text               c_w.l(scanf_hexfp.o)
    0x0800184c   0x00000134   Code   RO         2535    .text               c_w.l(scanf_infnan.o)
    0x08001980   0x00000012   Code   RO         2537    .text               c_w.l(exit.o)
    0x08001992   0x00000002   PAD
    0x08001994   0x00000080   Code   RO         2539    .text               c_w.l(strcmpv7m.o)
    0x08001a14   0x00000026   Code   RO         2602    .text               c_w.l(llshl.o)
    0x08001a3a   0x0000001c   Code   RO         2604    .text               c_w.l(_chval.o)
    0x08001a56   0x00000002   PAD
    0x08001a58   0x0000000c   Code   RO         2659    .text               c_w.l(sys_exit.o)
    0x08001a64   0x00000002   Code   RO         2672    .text               c_w.l(use_no_semi.o)
    0x08001a66   0x00000000   Code   RO         2674    .text               c_w.l(indicate_semi.o)
    0x08001a66   0x0000003e   Code   RO         2477    CL$$btod_d2e        c_w.l(btod.o)
    0x08001aa4   0x00000046   Code   RO         2479    CL$$btod_d2e_denorm_low  c_w.l(btod.o)
    0x08001aea   0x00000060   Code   RO         2478    CL$$btod_d2e_norm_op1  c_w.l(btod.o)
    0x08001b4a   0x00000338   Code   RO         2487    CL$$btod_div_common  c_w.l(btod.o)
    0x08001e82   0x00000002   PAD
    0x08001e84   0x00000084   Code   RO         2485    CL$$btod_e2d        c_w.l(btod.o)
    0x08001f08   0x000000dc   Code   RO         2484    CL$$btod_e2e        c_w.l(btod.o)
    0x08001fe4   0x0000002a   Code   RO         2481    CL$$btod_ediv       c_w.l(btod.o)
    0x0800200e   0x0000002a   Code   RO         2483    CL$$btod_edivd      c_w.l(btod.o)
    0x08002038   0x0000002a   Code   RO         2480    CL$$btod_emul       c_w.l(btod.o)
    0x08002062   0x0000002a   Code   RO         2482    CL$$btod_emuld      c_w.l(btod.o)
    0x0800208c   0x00000244   Code   RO         2486    CL$$btod_mult_common  c_w.l(btod.o)
    0x080022d0   0x00000014   Code   RO           10    i.ADC_Cmd           stm32f4xx_adc.o
    0x080022e4   0x0000002c   Code   RO           11    i.ADC_CommonInit    stm32f4xx_adc.o
    0x08002310   0x00000014   Code   RO           14    i.ADC_DMACmd        stm32f4xx_adc.o
    0x08002324   0x00000014   Code   RO           15    i.ADC_DMARequestAfterLastTransferCmd  stm32f4xx_adc.o
    0x08002338   0x0000004c   Code   RO           30    i.ADC_Init          stm32f4xx_adc.o
    0x08002384   0x00000074   Code   RO           35    i.ADC_RegularChannelConfig  stm32f4xx_adc.o
    0x080023f8   0x0000000a   Code   RO           37    i.ADC_SoftwareStartConv  stm32f4xx_adc.o
    0x08002402   0x00000002   PAD
    0x08002404   0x00000014   Code   RO         1679    i.BusFault_Handler  stm32f4xx_it.o
    0x08002418   0x0000002c   Code   RO         1872    i.DMA_ClearFlag     stm32f4xx_dma.o
    0x08002444   0x00000014   Code   RO         1874    i.DMA_Cmd           stm32f4xx_dma.o
    0x08002458   0x00000124   Code   RO         1875    i.DMA_DeInit        stm32f4xx_dma.o
    0x0800257c   0x00000034   Code   RO         1883    i.DMA_GetFlagStatus  stm32f4xx_dma.o
    0x080025b0   0x00000054   Code   RO         1886    i.DMA_Init          stm32f4xx_dma.o
    0x08002604   0x00000002   Code   RO         1680    i.DebugMon_Handler  stm32f4xx_it.o
    0x08002606   0x000000a2   Code   RO         2227    i.GPIO_Init         stm32f4xx_gpio.o
    0x080026a8   0x00000020   Code   RO         2228    i.GPIO_PinAFConfig  stm32f4xx_gpio.o
    0x080026c8   0x00000014   Code   RO         1681    i.HardFault_Handler  stm32f4xx_it.o
    0x080026dc   0x00000002   Code   RO         1682    i.MemManage_Handler  stm32f4xx_it.o
    0x080026de   0x00000002   PAD
    0x080026e0   0x00000068   Code   RO         2004    i.NHAN_DU_LIEUUARTRx_Receive  waijung_hwdrvlib.o
    0x08002748   0x00000002   Code   RO         1683    i.NMI_Handler       stm32f4xx_it.o
    0x0800274a   0x00000002   PAD
    0x0800274c   0x00000064   Code   RO         1767    i.NVIC_Init         misc.o
    0x080027b0   0x00000014   Code   RO         1768    i.NVIC_PriorityGroupConfig  misc.o
    0x080027c4   0x00000002   Code   RO         1684    i.PendSV_Handler    stm32f4xx_it.o
    0x080027c6   0x00000002   PAD
    0x080027c8   0x00000018   Code   RO         1113    i.RCC_AHB1PeriphClockCmd  stm32f4xx_rcc.o
    0x080027e0   0x00000018   Code   RO         1122    i.RCC_APB1PeriphClockCmd  stm32f4xx_rcc.o
    0x080027f8   0x00000018   Code   RO         1125    i.RCC_APB2PeriphClockCmd  stm32f4xx_rcc.o
    0x08002810   0x00000090   Code   RO         1134    i.RCC_GetClocksFreq  stm32f4xx_rcc.o
    0x080028a0   0x0000009c   Code   RO         2005    i.RegularADCStartConversion  waijung_hwdrvlib.o
    0x0800293c   0x00000002   Code   RO         1685    i.SVC_Handler       stm32f4xx_it.o
    0x0800293e   0x00000002   PAD
    0x08002940   0x000000b4   Code   RO         1638    i.SetSysClock       system_stm32f4xx.o
    0x080029f4   0x00000004   Code   RO         1815    i.SysTick_Handler   main.o
    0x080029f8   0x0000005c   Code   RO         1640    i.SystemInit        system_stm32f4xx.o
    0x08002a54   0x00000012   Code   RO         1686    i.TIM2_IRQHandler   stm32f4xx_it.o
    0x08002a66   0x00000014   Code   RO          312    i.TIM_ARRPreloadConfig  stm32f4xx_tim.o
    0x08002a7a   0x00000006   Code   RO          319    i.TIM_ClearITPendingBit  stm32f4xx_tim.o
    0x08002a80   0x00000014   Code   RO          324    i.TIM_Cmd           stm32f4xx_tim.o
    0x08002a94   0x00000010   Code   RO          349    i.TIM_ITConfig      stm32f4xx_tim.o
    0x08002aa4   0x00000060   Code   RO          353    i.TIM_OC1Init       stm32f4xx_tim.o
    0x08002b04   0x0000000c   Code   RO          356    i.TIM_OC1PreloadConfig  stm32f4xx_tim.o
    0x08002b10   0x00000014   Code   RO          371    i.TIM_OCStructInit  stm32f4xx_tim.o
    0x08002b24   0x00000006   Code   RO          373    i.TIM_PrescalerConfig  stm32f4xx_tim.o
    0x08002b2a   0x00000004   Code   RO          384    i.TIM_SetAutoreload  stm32f4xx_tim.o
    0x08002b2e   0x00000002   PAD
    0x08002b30   0x0000007c   Code   RO          396    i.TIM_TimeBaseInit  stm32f4xx_tim.o
    0x08002bac   0x000001b4   Code   RO         1565    i.TimerTimeBaseIRQ_irq  boostconverter_nap.o
    0x08002d60   0x0000005c   Code   RO         2012    i.UART5_FlushTxBuffer  waijung_hwdrvlib.o
    0x08002dbc   0x00000060   Code   RO         2013    i.UART5_Read        waijung_hwdrvlib.o
    0x08002e1c   0x0000005e   Code   RO         2015    i.UART5_ReadEx      waijung_hwdrvlib.o
    0x08002e7a   0x000000d0   Code   RO         2016    i.UART5_ReadLine    waijung_hwdrvlib.o
    0x08002f4a   0x00000002   PAD
    0x08002f4c   0x00000026   Code   RO         2017    i.UART5_RestoreBytes  waijung_hwdrvlib.o
    0x08002f72   0x00000002   PAD
    0x08002f74   0x0000004c   Code   RO         2018    i.UART5_TxUpdate    waijung_hwdrvlib.o
    0x08002fc0   0x00000006   Code   RO          861    i.USART_ClearFlag   stm32f4xx_usart.o
    0x08002fc6   0x00000014   Code   RO          865    i.USART_Cmd         stm32f4xx_usart.o
    0x08002fda   0x00000010   Code   RO          866    i.USART_DMACmd      stm32f4xx_usart.o
    0x08002fea   0x0000000e   Code   RO          868    i.USART_GetFlagStatus  stm32f4xx_usart.o
    0x08002ff8   0x000000ac   Code   RO          872    i.USART_Init        stm32f4xx_usart.o
    0x080030a4   0x00000014   Code   RO          878    i.USART_OverSampling8Cmd  stm32f4xx_usart.o
    0x080030b8   0x00000002   Code   RO         1687    i.UsageFault_Handler  stm32f4xx_it.o
    0x080030ba   0x00000030   Code   RO         2514    i.__ARM_fpclassify  m_wm.l(fpclassify.o)
    0x080030ea   0x00000006   PAD
    0x080030f0   0x000000f8   Code   RO         2516    i.__hardfp___mathlib_tofloat  m_wm.l(narrow.o)
    0x080031e8   0x000000d0   Code   RO         2613    i.__hardfp_ldexp    m_wm.l(ldexp.o)
    0x080032b8   0x00000020   Code   RO         2646    i.__mathlib_dbl_overflow  m_wm.l(dunder.o)
    0x080032d8   0x00000020   Code   RO         2648    i.__mathlib_dbl_underflow  m_wm.l(dunder.o)
    0x080032f8   0x00000012   Code   RO         2517    i.__mathlib_narrow  m_wm.l(narrow.o)
    0x0800330a   0x00000014   Code   RO         2615    i.__support_ldexp   m_wm.l(ldexp.o)
    0x0800331e   0x0000000e   Code   RO         2350    i._is_digit         c_w.l(__printf_wp.o)
    0x0800332c   0x0000006c   Code   RO         1566    i.boostconverter_nap_initialize  boostconverter_nap.o
    0x08003398   0x000002d4   Code   RO         1567    i.boostconverter_nap_step  boostconverter_nap.o
    0x0800366c   0x000000a4   Code   RO         2023    i.enable_FunctionCallSubsystemPBCBasicPWM  waijung_hwdrvlib.o
    0x08003710   0x00000004   Code   RO         2024    i.enable_NHAN_DU_LIEUUARTRx  waijung_hwdrvlib.o
    0x08003714   0x000000b8   Code   RO         2025    i.enable_RegularADC  waijung_hwdrvlib.o
    0x080037cc   0x00000004   Code   RO         2026    i.enable_TRUYEN_DU_LIEUUARTTx  waijung_hwdrvlib.o
    0x080037d0   0x00000004   Code   RO         2027    i.enable_TRUYEN_DU_LIEUUARTTx1  waijung_hwdrvlib.o
    0x080037d4   0x00000004   Code   RO         2028    i.enable_TRUYEN_DU_LIEUUARTTx2  waijung_hwdrvlib.o
    0x080037d8   0x00000004   Code   RO         2029    i.enable_TRUYEN_DU_LIEUUARTTx3  waijung_hwdrvlib.o
    0x080037dc   0x00000004   Code   RO         2030    i.enable_TRUYEN_DU_LIEUUARTTx4  waijung_hwdrvlib.o
    0x080037e0   0x00000004   Code   RO         2031    i.enable_TRUYEN_DU_LIEUUARTTx5  waijung_hwdrvlib.o
    0x080037e4   0x00000004   Code   RO         2032    i.enable_TRUYEN_DU_LIEUUARTTx6  waijung_hwdrvlib.o
    0x080037e8   0x0000005c   Code   RO         2033    i.enable_TimerTimeBaseIRQ  waijung_hwdrvlib.o
    0x08003844   0x00000004   Code   RO         2034    i.enable_UARTSetup  waijung_hwdrvlib.o
    0x08003848   0x0000008c   Code   RO         2596    i.frexp             m_wm.l(frexp.o)
    0x080038d4   0x0000003c   Code   RO         1816    i.main              main.o
    0x08003910   0x00000010   Code   RO         1817    i.rt_OneStep        main.o
    0x08003920   0x00000144   Code   RO         2036    i.waijung_usart5_initial  waijung_hwdrvlib.o
    0x08003a64   0x0000002c   Code   RO         2500    locale$$code        c_w.l(lc_numeric_c.o)
    0x08003a90   0x0000002c   Code   RO         2607    locale$$code        c_w.l(lc_ctype_c.o)
    0x08003abc   0x00000018   Code   RO         2376    x$fpl$basic         fz_wm.l(basic.o)
    0x08003ad4   0x00000062   Code   RO         2378    x$fpl$d2f           fz_wm.l(d2f.o)
    0x08003b36   0x00000002   PAD
    0x08003b38   0x00000150   Code   RO         2380    x$fpl$dadd          fz_wm.l(daddsub_clz.o)
    0x08003c88   0x00000010   Code   RO         2670    x$fpl$dcheck1       fz_wm.l(dcheck1.o)
    0x08003c98   0x00000018   Code   RO         2428    x$fpl$dcmpinf       fz_wm.l(dcmpi.o)
    0x08003cb0   0x000002b0   Code   RO         2387    x$fpl$ddiv          fz_wm.l(ddiv.o)
    0x08003f60   0x00000078   Code   RO         2592    x$fpl$deqf          fz_wm.l(deqf.o)
    0x08003fd8   0x0000005a   Code   RO         2390    x$fpl$dfixu         fz_wm.l(dfixu.o)
    0x08004032   0x00000026   Code   RO         2394    x$fpl$dfltu         fz_wm.l(dflt_clz.o)
    0x08004058   0x00000078   Code   RO         2400    x$fpl$dleqf         fz_wm.l(dleqf.o)
    0x080040d0   0x00000154   Code   RO         2402    x$fpl$dmul          fz_wm.l(dmul.o)
    0x08004224   0x0000009c   Code   RO         2430    x$fpl$dnaninf       fz_wm.l(dnaninf.o)
    0x080042c0   0x0000000c   Code   RO         2432    x$fpl$dretinf       fz_wm.l(dretinf.o)
    0x080042cc   0x0000006c   Code   RO         2404    x$fpl$drleqf        fz_wm.l(drleqf.o)
    0x08004338   0x00000016   Code   RO         2381    x$fpl$drsb          fz_wm.l(daddsub_clz.o)
    0x0800434e   0x00000002   PAD
    0x08004350   0x000001d4   Code   RO         2382    x$fpl$dsub          fz_wm.l(daddsub_clz.o)
    0x08004524   0x00000056   Code   RO         2406    x$fpl$f2d           fz_wm.l(f2d.o)
    0x0800457a   0x0000008c   Code   RO         2434    x$fpl$fnaninf       fz_wm.l(fnaninf.o)
    0x08004606   0x0000000a   Code   RO         2611    x$fpl$fpinit        fz_wm.l(fpinit.o)
    0x08004610   0x0000000a   Code   RO         2436    x$fpl$fretinf       fz_wm.l(fretinf.o)
    0x0800461a   0x00000006   Code   RO         2506    x$fpl$ieeestatus    fz_wm.l(istatus.o)
    0x08004620   0x00000004   Code   RO         2408    x$fpl$printf1       fz_wm.l(printf1.o)
    0x08004624   0x00000064   Code   RO         2697    x$fpl$retnan        fz_wm.l(retnan.o)
    0x08004688   0x0000005c   Code   RO         2640    x$fpl$scalbn        fz_wm.l(scalbn.o)
    0x080046e4   0x00000004   Code   RO         2410    x$fpl$scanf1        fz_wm.l(scanf1.o)
    0x080046e8   0x00000008   Code   RO         2508    x$fpl$scanf2        fz_wm.l(scanf2.o)
    0x080046f0   0x00000030   Code   RO         2703    x$fpl$trapveneer    fz_wm.l(trapv.o)
    0x08004720   0x00000000   Code   RO         2438    x$fpl$usenofp       fz_wm.l(usenofp.o)
    0x08004720   0x00000004   Data   RO         1570    .constdata          boostconverter_nap.o
    0x08004724   0x00000094   Data   RO         2475    .constdata          c_w.l(bigflt0.o)
    0x080047b8   0x00000020   Data   RO         2725    Region$$Table       anon$$obj.o
    0x080047d8   0x00000008   Data   RO         2502    c$$dinf             fz_wm.l(fpconst.o)
    0x080047e0   0x00000008   Data   RO         2505    c$$dmax             fz_wm.l(fpconst.o)
    0x080047e8   0x0000001c   Data   RO         2499    locale$$data        c_w.l(lc_numeric_c.o)
    0x08004804   0x00000110   Data   RO         2606    locale$$data        c_w.l(lc_ctype_c.o)


    Execution Region RW_IRAM1 (Base: 0x20000000, Size: 0x000047d0, Max: 0x00020000, ABSOLUTE)

    Base Addr    Size         Type   Attr      Idx    E Section Name        Object

    0x20000000   0x00000010   Data   RW         1166    .data               stm32f4xx_rcc.o
    0x20000010   0x00000004   Data   RW         1571    .data               boostconverter_nap.o
    0x20000014   0x00000008   Data   RW         1818    .data               main.o
    0x2000001c   0x00000024   Data   RW         2039    .data               waijung_hwdrvlib.o
    0x20000040   0x00000090   Zero   RW         1569    .bss                boostconverter_nap.o
    0x200000d0   0x000004a0   Zero   RW         2037    .bss                waijung_hwdrvlib.o
    0x20000570   0x00000200   Zero   RW         2038    .bss                waijung_hwdrvlib.o
    0x20000770   0x00000060   Zero   RW         2525    .bss                c_w.l(libspace.o)
    0x200007d0   0x00002000   Zero   RW         2326    HEAP                startup_stm32f4xx.o
    0x200027d0   0x00002000   Zero   RW         2325    STACK               startup_stm32f4xx.o


==============================================================================

Image component sizes


      Code (inc. data)   RO Data    RW Data    ZI Data      Debug   Object Name

      1268        204          4          4        144       5861   boostconverter_nap.o
        80         14          0          8          0      28149   main.o
       120         14          0          0          0       1415   misc.o
        64         26        392          0      16384        820   startup_stm32f4xx.o
       306         20          0          0          0     322043   stm32f4xx_adc.o
       492         48          0          0          0       4542   stm32f4xx_dma.o
       194          0          0          0          0       1687   stm32f4xx_gpio.o
        70          8          0          0          0       4158   stm32f4xx_it.o
       216         30          0         16          0       4639   stm32f4xx_rcc.o
       324         36          0          0          0       7344   stm32f4xx_tim.o
       248          8          0          0          0       4405   stm32f4xx_usart.o
       272         36          0          0          0       1509   system_stm32f4xx.o
      1664        154          0         36       1696      16963   waijung_hwdrvlib.o

    ----------------------------------------------------------------------
      5334        598        428         64      18224     403535   Object Totals
         0          0         32          0          0          0   (incl. Generated)
        16          0          0          0          0          0   (incl. Padding)

    ----------------------------------------------------------------------

      Code (inc. data)   RO Data    RW Data    ZI Data      Debug   Library Member Name

        60          8          0          0          0         84   __0sscanf.o
         8          0          0          0          0         68   __main.o
       104          0          0          0          0         84   __printf.o
        14          0          0          0          0         68   __printf_wp.o
         0          0          0          0          0          0   __rtentry.o
        12          0          0          0          0          0   __rtentry2.o
         6          0          0          0          0          0   __rtentry4.o
        52          8          0          0          0          0   __scatter.o
        26          0          0          0          0          0   __scatter_copy.o
        28          0          0          0          0          0   __scatter_zi.o
        28          0          0          0          0         68   _chval.o
        48          6          0          0          0         96   _printf_char_common.o
         6          0          0          0          0          0   _printf_f.o
      1054          0          0          0          0        216   _printf_fp_dec.o
       128         16          0          0          0         84   _printf_fp_infnan.o
         0          0          0          0          0          0   _printf_percent.o
         4          0          0          0          0          0   _printf_percent_end.o
        22          0          0          0          0        100   _rserrno.o
       884          6          0          0          0        100   _scanf.o
        64          0          0          0          0         84   _sgetc.o
        10          0          0          0          0         68   _sputc.o
       228          4        148          0          0         96   bigflt0.o
      2152        136          0          0          0        960   btod.o
        18          0          0          0          0         80   exit.o
         6          0          0          0          0        152   heapauxi.o
         0          0          0          0          0          0   indicate_semi.o
        18          0          0          0          0         76   isspace.o
        44         10        272          0          0         76   lc_ctype_c.o
        44         10         28          0          0         76   lc_numeric_c.o
         2          0          0          0          0          0   libinit.o
        34          0          0          0          0          0   libinit2.o
         2          0          0          0          0          0   libshutdown.o
         2          0          0          0          0          0   libshutdown2.o
         8          4          0          0         96         68   libspace.o
        38          0          0          0          0         68   llshl.o
       138          0          0          0          0         80   lludiv10.o
        40          6          0          0          0         84   noretval__2sprintf.o
        16          4          0          0          0         76   rt_ctype_table.o
         8          4          0          0          0         68   rt_errno_addr_intlibspace.o
         8          4          0          0          0         68   rt_locale_intlibspace.o
        78          0          0          0          0         80   rt_memclr_w.o
       138          0          0          0          0         68   rt_memcpy_v6.o
       100          0          0          0          0         80   rt_memcpy_w.o
         2          0          0          0          0          0   rtexit.o
        10          0          0          0          0          0   rtexit2.o
        44          8          0          0          0         84   scanf_char.o
      1272         16          0          0          0        168   scanf_fp.o
       800         14          0          0          0        100   scanf_hexfp.o
       308         16          0          0          0        100   scanf_infnan.o
       128          0          0          0          0         68   strcmpv7m.o
        62          0          0          0          0         76   strlen.o
       150          0          0          0          0         80   strncmp.o
        12          4          0          0          0         68   sys_exit.o
        74          0          0          0          0         80   sys_stackheap_outer.o
         2          0          0          0          0         68   use_no_semi.o
        24          0          0          0          0        164   basic.o
        98          4          0          0          0        140   d2f.o
       826         16          0          0          0        492   daddsub_clz.o
        16          4          0          0          0        116   dcheck1.o
        24          0          0          0          0        116   dcmpi.o
       688        140          0          0          0        256   ddiv.o
       120          4          0          0          0        140   deqf.o
        90          4          0          0          0        140   dfixu.o
        38          0          0          0          0        116   dflt_clz.o
       120          4          0          0          0        140   dleqf.o
       340         12          0          0          0        152   dmul.o
       156          4          0          0          0        140   dnaninf.o
        12          0          0          0          0        116   dretinf.o
       108          0          0          0          0        128   drleqf.o
        86          4          0          0          0        132   f2d.o
       140          4          0          0          0        132   fnaninf.o
         0          0         16          0          0          0   fpconst.o
        10          0          0          0          0        116   fpinit.o
        10          0          0          0          0        116   fretinf.o
         6          0          0          0          0        116   istatus.o
         4          0          0          0          0        116   printf1.o
       100          0          0          0          0        116   retnan.o
        92          0          0          0          0        116   scalbn.o
         4          0          0          0          0        116   scanf1.o
         8          0          0          0          0        132   scanf2.o
        48          0          0          0          0        116   trapv.o
         0          0          0          0          0          0   usenofp.o
        64         16          0          0          0        248   dunder.o
        48          0          0          0          0        124   fpclassify.o
       140         22          0          0          0        132   frexp.o
       228          8          0          0          0        308   ldexp.o
       266         16          0          0          0        308   narrow.o

    ----------------------------------------------------------------------
     12482        548        464          0         96       9068   Library Totals
        24          2          0          0          0          0   (incl. Padding)

    ----------------------------------------------------------------------

      Code (inc. data)   RO Data    RW Data    ZI Data      Debug   Library Name

      8544        284        448          0         96       4268   c_w.l
      3168        200         16          0          0       3680   fz_wm.l
       746         62          0          0          0       1120   m_wm.l

    ----------------------------------------------------------------------
     12482        548        464          0         96       9068   Library Totals

    ----------------------------------------------------------------------

==============================================================================


      Code (inc. data)   RO Data    RW Data    ZI Data      Debug   

     17816       1146        892         64      18320     400111   Grand Totals
     17816       1146        892         64      18320     400111   ELF Image Totals
     17816       1146        892         64          0          0   ROM Totals

==============================================================================

    Total RO  Size (Code + RO Data)                18708 (  18.27kB)
    Total RW  Size (RW Data + ZI Data)             18384 (  17.95kB)
    Total ROM Size (Code + RO Data + RW Data)      18772 (  18.33kB)

==============================================================================

