Component: ARM Compiler 5.06 update 6 (build 750) Tool: armlink [4d35ed]

==============================================================================

Section Cross References

    stm32f4xx_adc.o(i.ADC_DeInit) refers to stm32f4xx_rcc.o(i.RCC_APB2PeriphResetCmd) for RCC_APB2PeriphResetCmd
    stm32f4xx_tim.o(i.TIM_DeInit) refers to stm32f4xx_rcc.o(i.RCC_APB2PeriphResetCmd) for RCC_APB2PeriphResetCmd
    stm32f4xx_tim.o(i.TIM_DeInit) refers to stm32f4xx_rcc.o(i.RCC_APB1PeriphResetCmd) for RCC_APB1PeriphResetCmd
    stm32f4xx_tim.o(i.TIM_ETRClockMode1Config) refers to stm32f4xx_tim.o(i.TIM_ETRConfig) for TIM_ETRConfig
    stm32f4xx_tim.o(i.TIM_ETRClockMode2Config) refers to stm32f4xx_tim.o(i.TIM_ETRConfig) for TIM_ETRConfig
    stm32f4xx_tim.o(i.TIM_ICInit) refers to stm32f4xx_tim.o(i.TIM_SetIC4Prescaler) for TIM_SetIC4Prescaler
    stm32f4xx_tim.o(i.TIM_ICInit) refers to stm32f4xx_tim.o(i.TI1_Config) for TI1_Config
    stm32f4xx_tim.o(i.TIM_ICInit) refers to stm32f4xx_tim.o(i.TIM_SetIC1Prescaler) for TIM_SetIC1Prescaler
    stm32f4xx_tim.o(i.TIM_ICInit) refers to stm32f4xx_tim.o(i.TI2_Config) for TI2_Config
    stm32f4xx_tim.o(i.TIM_ICInit) refers to stm32f4xx_tim.o(i.TIM_SetIC2Prescaler) for TIM_SetIC2Prescaler
    stm32f4xx_tim.o(i.TIM_ICInit) refers to stm32f4xx_tim.o(i.TIM_SetIC3Prescaler) for TIM_SetIC3Prescaler
    stm32f4xx_tim.o(i.TIM_ITRxExternalClockConfig) refers to stm32f4xx_tim.o(i.TIM_SelectInputTrigger) for TIM_SelectInputTrigger
    stm32f4xx_tim.o(i.TIM_PWMIConfig) refers to stm32f4xx_tim.o(i.TI2_Config) for TI2_Config
    stm32f4xx_tim.o(i.TIM_PWMIConfig) refers to stm32f4xx_tim.o(i.TIM_SetIC2Prescaler) for TIM_SetIC2Prescaler
    stm32f4xx_tim.o(i.TIM_PWMIConfig) refers to stm32f4xx_tim.o(i.TI1_Config) for TI1_Config
    stm32f4xx_tim.o(i.TIM_PWMIConfig) refers to stm32f4xx_tim.o(i.TIM_SetIC1Prescaler) for TIM_SetIC1Prescaler
    stm32f4xx_tim.o(i.TIM_TIxExternalClockConfig) refers to stm32f4xx_tim.o(i.TI1_Config) for TI1_Config
    stm32f4xx_tim.o(i.TIM_TIxExternalClockConfig) refers to stm32f4xx_tim.o(i.TIM_SelectInputTrigger) for TIM_SelectInputTrigger
    stm32f4xx_tim.o(i.TIM_TIxExternalClockConfig) refers to stm32f4xx_tim.o(i.TI2_Config) for TI2_Config
    stm32f4xx_usart.o(i.USART_DeInit) refers to stm32f4xx_rcc.o(i.RCC_APB2PeriphResetCmd) for RCC_APB2PeriphResetCmd
    stm32f4xx_usart.o(i.USART_DeInit) refers to stm32f4xx_rcc.o(i.RCC_APB1PeriphResetCmd) for RCC_APB1PeriphResetCmd
    stm32f4xx_usart.o(i.USART_Init) refers to stm32f4xx_rcc.o(i.RCC_GetClocksFreq) for RCC_GetClocksFreq
    stm32f4xx_syscfg.o(i.SYSCFG_DeInit) refers to stm32f4xx_rcc.o(i.RCC_APB2PeriphResetCmd) for RCC_APB2PeriphResetCmd
    stm32f4xx_rcc.o(i.RCC_GetClocksFreq) refers to stm32f4xx_rcc.o(.data) for .data
    stm32f4xx_rcc.o(i.RCC_WaitForHSEStartUp) refers to stm32f4xx_rcc.o(i.RCC_GetFlagStatus) for RCC_GetFlagStatus
    stm32f4xx_pwr.o(i.PWR_DeInit) refers to stm32f4xx_rcc.o(i.RCC_APB1PeriphResetCmd) for RCC_APB1PeriphResetCmd
    test2.o(i.test2_initialize) refers to rt_nonfinite.o(i.rt_InitInfAndNaN) for rt_InitInfAndNaN
    test2.o(i.test2_initialize) refers to rt_memclr_w.o(.text) for __aeabi_memclr4
    test2.o(i.test2_initialize) refers to waijung_hwdrvlib.o(i.enable_RegularADC) for enable_RegularADC
    test2.o(i.test2_initialize) refers to waijung_hwdrvlib.o(i.enable_UARTRx) for enable_UARTRx
    test2.o(i.test2_initialize) refers to waijung_hwdrvlib.o(i.enable_BasicPWM) for enable_BasicPWM
    test2.o(i.test2_initialize) refers to waijung_hwdrvlib.o(i.enable_UARTTx) for enable_UARTTx
    test2.o(i.test2_initialize) refers to waijung_hwdrvlib.o(i.enable_UARTSetup) for enable_UARTSetup
    test2.o(i.test2_initialize) refers to test2.o(.constdata) for .constdata
    test2.o(i.test2_initialize) refers to test2.o(.bss) for .bss
    test2.o(i.test2_step) refers to waijung_hwdrvlib.o(i.RegularADCStartConversion) for RegularADCStartConversion
    test2.o(i.test2_step) refers to waijung_hwdrvlib.o(i.UARTRx_Receive) for UARTRx_Receive
    test2.o(i.test2_step) refers to rt_memcpy_v6.o(.text) for __aeabi_memcpy
    test2.o(i.test2_step) refers to daddsub_clz.o(x$fpl$dadd) for __aeabi_dadd
    test2.o(i.test2_step) refers to f2d.o(x$fpl$f2d) for __aeabi_f2d
    test2.o(i.test2_step) refers to d2f.o(x$fpl$d2f) for __aeabi_d2f
    test2.o(i.test2_step) refers to daddsub_clz.o(x$fpl$drsb) for __aeabi_drsub
    test2.o(i.test2_step) refers to daddsub_clz.o(x$fpl$dsub) for __aeabi_dsub
    test2.o(i.test2_step) refers to drleqf.o(x$fpl$drleqf) for __aeabi_cdrcmple
    test2.o(i.test2_step) refers to rt_nonfinite.o(i.rtIsNaN) for rtIsNaN
    test2.o(i.test2_step) refers to dleqf.o(x$fpl$dleqf) for __aeabi_cdcmple
    test2.o(i.test2_step) refers to test2.o(.constdata) for .constdata
    test2.o(i.test2_step) refers to waijung_hwdrvlib.o(.data) for RegularADC_ConvertedValue
    test2.o(i.test2_step) refers to test2.o(.bss) for .bss
[...]
    Removing stm32f4xx_rcc.o(i.RCC_AdjustHSICalibrationValue), (20 bytes).
    Removing stm32f4xx_rcc.o(i.RCC_BackupResetCmd), (12 bytes).
    Removing stm32f4xx_rcc.o(i.RCC_ClearFlag), (16 bytes).
    Removing stm32f4xx_rcc.o(i.RCC_ClearITPendingBit), (12 bytes).
    Removing stm32f4xx_rcc.o(i.RCC_ClockSecuritySystemCmd), (12 bytes).
    Removing stm32f4xx_rcc.o(i.RCC_DeInit), (84 bytes).
    Removing stm32f4xx_rcc.o(i.RCC_GetFlagStatus), (52 bytes).
    Removing stm32f4xx_rcc.o(i.RCC_GetITStatus), (20 bytes).
    Removing stm32f4xx_rcc.o(i.RCC_GetSYSCLKSource), (16 bytes).
    Removing stm32f4xx_rcc.o(i.RCC_HCLKConfig), (20 bytes).
    Removing stm32f4xx_rcc.o(i.RCC_HSEConfig), (16 bytes).
    Removing stm32f4xx_rcc.o(i.RCC_HSICmd), (12 bytes).
    Removing stm32f4xx_rcc.o(i.RCC_I2SCLKConfig), (12 bytes).
    Removing stm32f4xx_rcc.o(i.RCC_ITConfig), (24 bytes).
    Removing stm32f4xx_rcc.o(i.RCC_LSEConfig), (28 bytes).
    Removing stm32f4xx_rcc.o(i.RCC_LSEModeConfig), (28 bytes).
    Removing stm32f4xx_rcc.o(i.RCC_LSICmd), (12 bytes).
    Removing stm32f4xx_rcc.o(i.RCC_LTDCCLKDivConfig), (20 bytes).
    Removing stm32f4xx_rcc.o(i.RCC_MCO1Config), (20 bytes).
    Removing stm32f4xx_rcc.o(i.RCC_MCO2Config), (20 bytes).
    Removing stm32f4xx_rcc.o(i.RCC_PCLK1Config), (20 bytes).
    Removing stm32f4xx_rcc.o(i.RCC_PCLK2Config), (20 bytes).
    Removing stm32f4xx_rcc.o(i.RCC_PLLCmd), (12 bytes).
    Removing stm32f4xx_rcc.o(i.RCC_PLLConfig), (40 bytes).
    Removing stm32f4xx_rcc.o(i.RCC_PLLI2SCmd), (12 bytes).
    Removing stm32f4xx_rcc.o(i.RCC_PLLI2SConfig), (16 bytes).
    Removing stm32f4xx_rcc.o(i.RCC_PLLSAICmd), (12 bytes).
    Removing stm32f4xx_rcc.o(i.RCC_PLLSAIConfig), (20 bytes).
    Removing stm32f4xx_rcc.o(i.RCC_RTCCLKCmd), (12 bytes).
    Removing stm32f4xx_rcc.o(i.RCC_RTCCLKConfig), (48 bytes).
    Removing stm32f4xx_rcc.o(i.RCC_SAIBlockACLKConfig), (20 bytes).
    Removing stm32f4xx_rcc.o(i.RCC_SAIBlockBCLKConfig), (20 bytes).
    Removing stm32f4xx_rcc.o(i.RCC_SAIPLLI2SClkDivConfig), (20 bytes).
    Removing stm32f4xx_rcc.o(i.RCC_SAIPLLSAIClkDivConfig), (28 bytes).
    Removing stm32f4xx_rcc.o(i.RCC_SYSCLKConfig), (20 bytes).
    Removing stm32f4xx_rcc.o(i.RCC_TIMCLKPresConfig), (12 bytes).
    Removing stm32f4xx_rcc.o(i.RCC_WaitForHSEStartUp), (44 bytes).
    Removing stm32f4xx_crc.o(.rev16_text), (4 bytes).
    Removing stm32f4xx_crc.o(.revsh_text), (4 bytes).
    Removing stm32f4xx_crc.o(.rrx_text), (6 bytes).
    Removing stm32f4xx_crc.o(i.CRC_CalcCRC), (12 bytes).
    Removing stm32f4xx_crc.o(i.CRC_GetCRC), (12 bytes).
    Removing stm32f4xx_crc.o(i.CRC_GetIDRegister), (12 bytes).
    Removing stm32f4xx_crc.o(i.CRC_SetIDRegister), (12 bytes).
    Removing stm32f4xx_pwr.o(.rev16_text), (4 bytes).
    Removing stm32f4xx_pwr.o(.revsh_text), (4 bytes).
    Removing stm32f4xx_pwr.o(.rrx_text), (6 bytes).
    Removing stm32f4xx_pwr.o(i.PWR_BackupAccessCmd), (12 bytes).
    Removing stm32f4xx_pwr.o(i.PWR_BackupRegulatorCmd), (12 bytes).
    Removing stm32f4xx_pwr.o(i.PWR_ClearFlag), (16 bytes).
    Removing stm32f4xx_pwr.o(i.PWR_DeInit), (24 bytes).
    Removing stm32f4xx_pwr.o(i.PWR_EnterSTANDBYMode), (32 bytes).
    Removing stm32f4xx_pwr.o(i.PWR_EnterSTOPMode), (56 bytes).
    Removing stm32f4xx_pwr.o(i.PWR_EnterUnderDriveSTOPMode), (56 bytes).
    Removing stm32f4xx_pwr.o(i.PWR_FlashPowerDownCmd), (12 bytes).
    Removing stm32f4xx_pwr.o(i.PWR_GetFlagStatus), (20 bytes).
    Removing stm32f4xx_pwr.o(i.PWR_MainRegulatorModeConfig), (20 bytes).
    Removing stm32f4xx_pwr.o(i.PWR_OverDriveCmd), (12 bytes).
    Removing stm32f4xx_pwr.o(i.PWR_OverDriveSWCmd), (12 bytes).
    Removing stm32f4xx_pwr.o(i.PWR_PVDCmd), (12 bytes).
    Removing stm32f4xx_pwr.o(i.PWR_PVDLevelConfig), (20 bytes).
    Removing stm32f4xx_pwr.o(i.PWR_UnderDriveCmd), (28 bytes).
    Removing stm32f4xx_pwr.o(i.PWR_WakeUpPinCmd), (12 bytes).
    Removing test2.o(.rev16_text), (4 bytes).
    Removing test2.o(.revsh_text), (4 bytes).
    Removing test2.o(.rrx_text), (6 bytes).
    Removing test2.o(i.test2_terminate), (2 bytes).
    Removing rt_nonfinite.o(i.rtIsInf), (68 bytes).
    Removing rt_nonfinite.o(i.rtIsInfF), (44 bytes).
    Removing rt_nonfinite.o(i.rtIsNaNF), (18 bytes).
    Removing system_stm32f4xx.o(.rev16_text), (4 bytes).
    Removing system_stm32f4xx.o(.revsh_text), (4 bytes).
    Removing system_stm32f4xx.o(.rrx_text), (6 bytes).
    Removing system_stm32f4xx.o(i.SystemCoreClockUpdate), (120 bytes).
    Removing system_stm32f4xx.o(.data), (20 bytes).
    Removing stm32f4xx_it.o(.rev16_text), (4 bytes).
    Removing stm32f4xx_it.o(.revsh_text), (4 bytes).
    Removing stm32f4xx_it.o(.rrx_text), (6 bytes).
    Removing main.o(.rev16_text), (4 bytes).
    Removing main.o(.revsh_text), (4 bytes).
    Removing main.o(.rrx_text), (6 bytes).
    Removing misc.o(.rev16_text), (4 bytes).
    Removing misc.o(.revsh_text), (4 bytes).
    Removing misc.o(.rrx_text), (6 bytes).
    Removing misc.o(i.NVIC_Init), (100 bytes).
    Removing misc.o(i.NVIC_PriorityGroupConfig), (20 bytes).
    Removing misc.o(i.NVIC_SetVectorTable), (20 bytes).
    Removing misc.o(i.NVIC_SystemLPConfig), (24 bytes).
    Removing misc.o(i.SysTick_CLKSourceConfig), (24 bytes).
    Removing stm32f4xx_dma.o(.rev16_text), (4 bytes).
    Removing stm32f4xx_dma.o(.revsh_text), (4 bytes).
    Removing stm32f4xx_dma.o(.rrx_text), (6 bytes).
    Removing stm32f4xx_dma.o(i.DMA_ClearITPendingBit), (44 bytes).
    Removing stm32f4xx_dma.o(i.DMA_DoubleBufferModeCmd), (20 bytes).
    Removing stm32f4xx_dma.o(i.DMA_DoubleBufferModeConfig), (22 bytes).
    Removing stm32f4xx_dma.o(i.DMA_FlowControllerConfig), (20 bytes).
    Removing stm32f4xx_dma.o(i.DMA_GetCmdStatus), (14 bytes).
    Removing stm32f4xx_dma.o(i.DMA_GetCurrDataCounter), (6 bytes).
    Removing stm32f4xx_dma.o(i.DMA_GetCurrentMemoryTarget), (14 bytes).
    Removing stm32f4xx_dma.o(i.DMA_GetFIFOStatus), (8 bytes).
    Removing stm32f4xx_dma.o(i.DMA_GetITStatus), (84 bytes).
    Removing stm32f4xx_dma.o(i.DMA_ITConfig), (44 bytes).
    Removing stm32f4xx_dma.o(i.DMA_MemoryTargetConfig), (10 bytes).
    Removing stm32f4xx_dma.o(i.DMA_PeriphIncOffsetSizeConfig), (20 bytes).
    Removing stm32f4xx_dma.o(i.DMA_SetCurrDataCounter), (4 bytes).
    Removing stm32f4xx_dma.o(i.DMA_StructInit), (34 bytes).
    Removing waijung_hwdrvlib.o(.rev16_text), (4 bytes).
    Removing waijung_hwdrvlib.o(.revsh_text), (4 bytes).
    Removing waijung_hwdrvlib.o(.rrx_text), (6 bytes).
    Removing waijung_hwdrvlib.o(i.SysTimer_IsTimeout), (36 bytes).
    Removing waijung_hwdrvlib.o(i.SysTimer_Start), (40 bytes).
    Removing waijung_hwdrvlib.o(i.SysTimer_delay_ms), (22 bytes).
    Removing waijung_hwdrvlib.o(i.SysTimer_delay_us), (22 bytes).
    Removing waijung_hwdrvlib.o(i.SysTimer_uS_IsTimeout), (80 bytes).
    Removing waijung_hwdrvlib.o(i.SysTimer_uS_Start), (28 bytes).
    Removing waijung_hwdrvlib.o(i.UART2_ReadEx), (94 bytes).
    Removing waijung_hwdrvlib.o(i.UART2_ReadLine), (208 bytes).
    Removing waijung_hwdrvlib.o(i.UART2_Write), (40 bytes).
    Removing waijung_hwdrvlib.o(i.disable_BasicPWM), (12 bytes).
    Removing waijung_hwdrvlib.o(i.disable_RegularADC), (2 bytes).
    Removing waijung_hwdrvlib.o(i.terminate_BasicPWM), (12 bytes).
    Removing stm32f4xx_gpio.o(.rev16_text), (4 bytes).
    Removing stm32f4xx_gpio.o(.revsh_text), (4 bytes).
    Removing stm32f4xx_gpio.o(.rrx_text), (6 bytes).
    Removing stm32f4xx_gpio.o(i.GPIO_DeInit), (260 bytes).
    Removing stm32f4xx_gpio.o(i.GPIO_PinLockConfig), (24 bytes).
    Removing stm32f4xx_gpio.o(i.GPIO_ReadInputData), (6 bytes).
    Removing stm32f4xx_gpio.o(i.GPIO_ReadInputDataBit), (14 bytes).
    Removing stm32f4xx_gpio.o(i.GPIO_ReadOutputData), (6 bytes).
    Removing stm32f4xx_gpio.o(i.GPIO_ReadOutputDataBit), (14 bytes).
    Removing stm32f4xx_gpio.o(i.GPIO_ResetBits), (4 bytes).
    Removing stm32f4xx_gpio.o(i.GPIO_SetBits), (4 bytes).
    Removing stm32f4xx_gpio.o(i.GPIO_StructInit), (18 bytes).
    Removing stm32f4xx_gpio.o(i.GPIO_ToggleBits), (8 bytes).
    Removing stm32f4xx_gpio.o(i.GPIO_Write), (4 bytes).
    Removing stm32f4xx_gpio.o(i.GPIO_WriteBit), (10 bytes).

311 unused section(s) (total 7150 bytes) removed from the image.

==============================================================================

Image Symbol Table

    Local Symbols

    Symbol Name                              Value     Ov Type        Size  Object(Section)

    ../clib/angel/boardlib.s                 0x00000000   Number         0  boardshut.o ABSOLUTE
    ../clib/angel/boardlib.s                 0x00000000   Number         0  boardinit2.o ABSOLUTE
    ../clib/angel/boardlib.s                 0x00000000   Number         0  boardinit3.o ABSOLUTE
    ../clib/angel/boardlib.s                 0x00000000   Number         0  boardinit1.o ABSOLUTE
    ../clib/angel/handlers.s                 0x00000000   Number         0  __scatter_zi.o ABSOLUTE
    ../clib/angel/handlers.s                 0x00000000   Number         0  __scatter_copy.o ABSOLUTE
    ../clib/angel/kernel.s                   0x00000000   Number         0  __rtentry4.o ABSOLUTE
    ../clib/angel/kernel.s                   0x00000000   Number         0  __rtentry2.o ABSOLUTE
    ../clib/angel/kernel.s                   0x00000000   Number         0  rtexit.o ABSOLUTE
    ../clib/angel/kernel.s                   0x00000000   Number         0  __rtentry.o ABSOLUTE
    ../clib/angel/kernel.s                   0x00000000   Number         0  rtexit2.o ABSOLUTE
    ../clib/angel/rt.s                       0x00000000   Number         0  rt_raise.o ABSOLUTE
    ../clib/angel/scatter.s                  0x00000000   Number         0  __scatter.o ABSOLUTE
    ../clib/angel/startup.s                  0x00000000   Number         0  __main.o ABSOLUTE
    ../clib/angel/sys.s                      0x00000000   Number         0  sys_stackheap_outer.o ABSOLUTE
    ../clib/angel/sys.s                      0x00000000   Number         0  indicate_semi.o ABSOLUTE
    ../clib/angel/sys.s                      0x00000000   Number         0  use_no_semi.o ABSOLUTE
    ../clib/angel/sys.s                      0x00000000   Number         0  libspace.o ABSOLUTE
    ../clib/angel/sysapp.c                   0x00000000   Number         0  sys_wrch.o ABSOLUTE
    ../clib/angel/sysapp.c                   0x00000000   Number         0  sys_exit.o ABSOLUTE
    ../clib/angel/sysapp.c                   0x00000000   Number         0  sys_command.o ABSOLUTE
    ../clib/armsys.c                         0x00000000   Number         0  _get_argv_nomalloc.o ABSOLUTE
    ../clib/armsys.c                         0x00000000   Number         0  no_argv.o ABSOLUTE
    ../clib/armsys.c                         0x00000000   Number         0  argv_veneer.o ABSOLUTE
    ../clib/armsys.c                         0x00000000   Number         0  argv_veneer.o ABSOLUTE
    ../clib/heapalloc.c                      0x00000000   Number         0  hrguard.o ABSOLUTE
    ../clib/heapaux.c                        0x00000000   Number         0  heapauxi.o ABSOLUTE
    ../clib/libinit.s                        0x00000000   Number         0  libshutdown2.o ABSOLUTE
    ../clib/libinit.s                        0x00000000   Number         0  libinit2.o ABSOLUTE
    ../clib/libinit.s                        0x00000000   Number         0  libinit.o ABSOLUTE
    ../clib/libinit.s                        0x00000000   Number         0  libshutdown.o ABSOLUTE
    ../clib/memcpset.s                       0x00000000   Number         0  rt_memcpy_v6.o ABSOLUTE
    ../clib/memcpset.s                       0x00000000   Number         0  rt_memclr_w.o ABSOLUTE
    ../clib/memcpset.s                       0x00000000   Number         0  rt_memcpy_w.o ABSOLUTE
    ../clib/signal.c                         0x00000000   Number         0  defsig_general.o ABSOLUTE
    ../clib/signal.c                         0x00000000   Number         0  __raise.o ABSOLUTE
    ../clib/signal.c                         0x00000000   Number         0  defsig_rtmem_inner.o ABSOLUTE
    ../clib/signal.c                         0x00000000   Number         0  defsig_exit.o ABSOLUTE
    ../clib/signal.c                         0x00000000   Number         0  defsig_other.o ABSOLUTE
    ../clib/signal.c                         0x00000000   Number         0  defsig_segv_inner.o ABSOLUTE
    ../clib/signal.c                         0x00000000   Number         0  defsig_cppl_inner.o ABSOLUTE
    ../clib/signal.c                         0x00000000   Number         0  defsig_rtmem_formal.o ABSOLUTE
    ../clib/signal.c                         0x00000000   Number         0  defsig_rtmem_outer.o ABSOLUTE
    ../clib/signal.c                         0x00000000   Number         0  defsig_pvfn_inner.o ABSOLUTE
    ../clib/signal.c                         0x00000000   Number         0  defsig_stak_inner.o ABSOLUTE
    ../clib/signal.c                         0x00000000   Number         0  defsig_rtred_inner.o ABSOLUTE
    ../clib/signal.c                         0x00000000   Number         0  defsig_abrt_inner.o ABSOLUTE
    ../clib/signal.c                         0x00000000   Number         0  defsig_fpe_inner.o ABSOLUTE
    ../clib/signal.s                         0x00000000   Number         0  defsig.o ABSOLUTE
    ../clib/stdlib.c                         0x00000000   Number         0  exit.o ABSOLUTE
    ../clib/string.c                         0x00000000   Number         0  strncmp.o ABSOLUTE
    ../fplib/d2f.s                           0x00000000   Number         0  d2f.o ABSOLUTE
    ../fplib/daddsub.s                       0x00000000   Number         0  daddsub_clz.o ABSOLUTE
    ../fplib/dcmpi.s                         0x00000000   Number         0  dcmpi.o ABSOLUTE
    ../fplib/deqf.s                          0x00000000   Number         0  deqf.o ABSOLUTE
    ../fplib/dfixu.s                         0x00000000   Number         0  dfixu.o ABSOLUTE
    ../fplib/dflt.s                          0x00000000   Number         0  dflt_clz.o ABSOLUTE
    ../fplib/dleqf.s                         0x00000000   Number         0  dleqf.o ABSOLUTE
    ../fplib/dmul.s                          0x00000000   Number         0  dmul.o ABSOLUTE
    ../fplib/dnaninf.s                       0x00000000   Number         0  dnaninf.o ABSOLUTE
    ../fplib/dretinf.s                       0x00000000   Number         0  dretinf.o ABSOLUTE
    ../fplib/drleqf.s                        0x00000000   Number         0  drleqf.o ABSOLUTE
    ../fplib/f2d.s                           0x00000000   Number         0  f2d.o ABSOLUTE
    ../fplib/fnaninf.s                       0x00000000   Number         0  fnaninf.o ABSOLUTE
    ../fplib/fpinit.s                        0x00000000   Number         0  fpinit.o ABSOLUTE
    ../fplib/fretinf.s                       0x00000000   Number         0  fretinf.o ABSOLUTE
    ../fplib/usenofp.s                       0x00000000   Number         0  usenofp.o ABSOLUTE
    dc.s                                     0x00000000   Number         0  dc.o ABSOLUTE
    main.c                                   0x00000000   Number         0  main.o ABSOLUTE
    main.c                                   0x00000000   Number         0  main.o ABSOLUTE
    misc.c                                   0x00000000   Number         0  misc.o ABSOLUTE
    misc.c                                   0x00000000   Number         0  misc.o ABSOLUTE
    rtGetInf.c                               0x00000000   Number         0  rtGetInf.o ABSOLUTE
    rtGetNaN.c                               0x00000000   Number         0  rtGetNaN.o ABSOLUTE
    rt_nonfinite.c                           0x00000000   Number         0  rt_nonfinite.o ABSOLUTE
    startup_stm32f4xx.s                      0x00000000   Number         0  startup_stm32f4xx.o ABSOLUTE
    stm32f4xx_adc.c                          0x00000000   Number         0  stm32f4xx_adc.o ABSOLUTE
    stm32f4xx_adc.c                          0x00000000   Number         0  stm32f4xx_adc.o ABSOLUTE
    stm32f4xx_crc.c                          0x00000000   Number         0  stm32f4xx_crc.o ABSOLUTE
    stm32f4xx_crc.c                          0x00000000   Number         0  stm32f4xx_crc.o ABSOLUTE
    stm32f4xx_dma.c                          0x00000000   Number         0  stm32f4xx_dma.o ABSOLUTE
    stm32f4xx_dma.c                          0x00000000   Number         0  stm32f4xx_dma.o ABSOLUTE
    stm32f4xx_gpio.c                         0x00000000   Number         0  stm32f4xx_gpio.o ABSOLUTE
    stm32f4xx_gpio.c                         0x00000000   Number         0  stm32f4xx_gpio.o ABSOLUTE
    stm32f4xx_it.c                           0x00000000   Number         0  stm32f4xx_it.o ABSOLUTE
    stm32f4xx_it.c                           0x00000000   Number         0  stm32f4xx_it.o ABSOLUTE
    stm32f4xx_pwr.c                          0x00000000   Number         0  stm32f4xx_pwr.o ABSOLUTE
    stm32f4xx_pwr.c                          0x00000000   Number         0  stm32f4xx_pwr.o ABSOLUTE
    stm32f4xx_rcc.c                          0x00000000   Number         0  stm32f4xx_rcc.o ABSOLUTE
    stm32f4xx_rcc.c                          0x00000000   Number         0  stm32f4xx_rcc.o ABSOLUTE
    stm32f4xx_syscfg.c                       0x00000000   Number         0  stm32f4xx_syscfg.o ABSOLUTE
    stm32f4xx_syscfg.c                       0x00000000   Number         0  stm32f4xx_syscfg.o ABSOLUTE
    stm32f4xx_tim.c                          0x00000000   Number         0  stm32f4xx_tim.o ABSOLUTE
    stm32f4xx_tim.c                          0x00000000   Number         0  stm32f4xx_tim.o ABSOLUTE
    stm32f4xx_usart.c                        0x00000000   Number         0  stm32f4xx_usart.o ABSOLUTE
    stm32f4xx_usart.c                        0x00000000   Number         0  stm32f4xx_usart.o ABSOLUTE
    system_stm32f4xx.c                       0x00000000   Number         0  system_stm32f4xx.o ABSOLUTE
    system_stm32f4xx.c                       0x00000000   Number         0  system_stm32f4xx.o ABSOLUTE
    test2.c                                  0x00000000   Number         0  test2.o ABSOLUTE
    test2.c                                  0x00000000   Number         0  test2.o ABSOLUTE
    test2_data.c                             0x00000000   Number         0  test2_data.o ABSOLUTE
    test2_data.c                             0x00000000   Number         0  test2_data.o ABSOLUTE
    waijung_hwdrvlib.c                       0x00000000   Number         0  waijung_hwdrvlib.o ABSOLUTE
    waijung_hwdrvlib.c                       0x00000000   Number         0  waijung_hwdrvlib.o ABSOLUTE
    RESET                                    0x08000000   Section      392  startup_stm32f4xx.o(RESET)
    !!!main                                  0x08000188   Section        8  __main.o(!!!main)
    !!!scatter                               0x08000190   Section       52  __scatter.o(!!!scatter)
    !!handler_copy                           0x080001c4   Section       26  __scatter_copy.o(!!handler_copy)
    !!handler_zi                             0x080001e0   Section       28  __scatter_zi.o(!!handler_zi)
    .ARM.Collect$$libinit$$00000000          0x080001fc   Section        2  libinit.o(.ARM.Collect$$libinit$$00000000)
    .ARM.Collect$$libinit$$00000001          0x080001fe   Section        4  libinit2.o(.ARM.Collect$$libinit$$00000001)
    .ARM.Collect$$libinit$$00000004          0x08000202   Section        0  libinit2.o(.ARM.Collect$$libinit$$00000004)
    .ARM.Collect$$libinit$$0000000A          0x08000202   Section        0  libinit2.o(.ARM.Collect$$libinit$$0000000A)
    .ARM.Collect$$libinit$$0000000C          0x08000202   Section        0  libinit2.o(.ARM.Collect$$libinit$$0000000C)
    .ARM.Collect$$libinit$$0000000E          0x08000202   Section        0  libinit2.o(.ARM.Collect$$libinit$$0000000E)
    .ARM.Collect$$libinit$$00000011          0x08000202   Section        0  libinit2.o(.ARM.Collect$$libinit$$00000011)
    .ARM.Collect$$libinit$$00000013          0x08000202   Section        0  libinit2.o(.ARM.Collect$$libinit$$00000013)
    .ARM.Collect$$libinit$$00000015          0x08000202   Section        0  libinit2.o(.ARM.Collect$$libinit$$00000015)
    .ARM.Collect$$libinit$$00000017          0x08000202   Section        0  libinit2.o(.ARM.Collect$$libinit$$00000017)
    .ARM.Collect$$libinit$$00000019          0x08000202   Section        0  libinit2.o(.ARM.Collect$$libinit$$00000019)
    .ARM.Collect$$libinit$$0000001B          0x08000202   Section        0  libinit2.o(.ARM.Collect$$libinit$$0000001B)
    .ARM.Collect$$libinit$$0000001D          0x08000202   Section        0  libinit2.o(.ARM.Collect$$libinit$$0000001D)
    .ARM.Collect$$libinit$$0000001F          0x08000202   Section        0  libinit2.o(.ARM.Collect$$libinit$$0000001F)
    .ARM.Collect$$libinit$$00000021          0x08000202   Section        0  libinit2.o(.ARM.Collect$$libinit$$00000021)
    .ARM.Collect$$libinit$$00000023          0x08000202   Section        0  libinit2.o(.ARM.Collect$$libinit$$00000023)
    .ARM.Collect$$libinit$$00000025          0x08000202   Section        0  libinit2.o(.ARM.Collect$$libinit$$00000025)
    .ARM.Collect$$libinit$$0000002C          0x08000202   Section        0  libinit2.o(.ARM.Collect$$libinit$$0000002C)
    .ARM.Collect$$libinit$$0000002E          0x08000202   Section        0  libinit2.o(.ARM.Collect$$libinit$$0000002E)
    .ARM.Collect$$libinit$$00000030          0x08000202   Section        0  libinit2.o(.ARM.Collect$$libinit$$00000030)
    .ARM.Collect$$libinit$$00000032          0x08000202   Section        0  libinit2.o(.ARM.Collect$$libinit$$00000032)
    .ARM.Collect$$libinit$$00000033          0x08000202   Section        2  libinit2.o(.ARM.Collect$$libinit$$00000033)
    .ARM.Collect$$libshutdown$$00000000      0x08000204   Section        2  libshutdown.o(.ARM.Collect$$libshutdown$$00000000)
    .ARM.Collect$$libshutdown$$00000002      0x08000206   Section        0  libshutdown2.o(.ARM.Collect$$libshutdown$$00000002)
    .ARM.Collect$$libshutdown$$00000004      0x08000206   Section        0  libshutdown2.o(.ARM.Collect$$libshutdown$$00000004)
    .ARM.Collect$$libshutdown$$00000007      0x08000206   Section        0  libshutdown2.o(.ARM.Collect$$libshutdown$$00000007)
    .ARM.Collect$$libshutdown$$0000000A      0x08000206   Section        0  libshutdown2.o(.ARM.Collect$$libshutdown$$0000000A)
    .ARM.Collect$$libshutdown$$0000000C      0x08000206   Section        0  libshutdown2.o(.ARM.Collect$$libshutdown$$0000000C)
    .ARM.Collect$$libshutdown$$0000000F      0x08000206   Section        0  libshutdown2.o(.ARM.Collect$$libshutdown$$0000000F)
    .ARM.Collect$$libshutdown$$00000010      0x08000206   Section        2  libshutdown2.o(.ARM.Collect$$libshutdown$$00000010)
    .ARM.Collect$$rtentry$$00000000          0x08000208   Section        0  __rtentry.o(.ARM.Collect$$rtentry$$00000000)
    .ARM.Collect$$rtentry$$00000002          0x08000208   Section        0  __rtentry2.o(.ARM.Collect$$rtentry$$00000002)
    .ARM.Collect$$rtentry$$00000004          0x08000208   Section        6  __rtentry4.o(.ARM.Collect$$rtentry$$00000004)
    .ARM.Collect$$rtentry$$00000009          0x0800020e   Section        0  __rtentry2.o(.ARM.Collect$$rtentry$$00000009)
    .ARM.Collect$$rtentry$$0000000A          0x0800020e   Section        4  __rtentry2.o(.ARM.Collect$$rtentry$$0000000A)
    .ARM.Collect$$rtentry$$0000000C          0x08000212   Section        0  __rtentry2.o(.ARM.Collect$$rtentry$$0000000C)
    .ARM.Collect$$rtentry$$0000000D          0x08000212   Section        8  __rtentry2.o(.ARM.Collect$$rtentry$$0000000D)
    .ARM.Collect$$rtexit$$00000000           0x0800021a   Section        2  rtexit.o(.ARM.Collect$$rtexit$$00000000)
    .ARM.Collect$$rtexit$$00000002           0x0800021c   Section        0  rtexit2.o(.ARM.Collect$$rtexit$$00000002)
    .ARM.Collect$$rtexit$$00000003           0x0800021c   Section        4  rtexit2.o(.ARM.Collect$$rtexit$$00000003)
    .ARM.Collect$$rtexit$$00000004           0x08000220   Section        6  rtexit2.o(.ARM.Collect$$rtexit$$00000004)
    .text                                    0x08000228   Section       64  startup_stm32f4xx.o(.text)
    $v0                                      0x08000228   Number         0  startup_stm32f4xx.o(.text)
    .text                                    0x08000268   Section      138  rt_memcpy_v6.o(.text)
    .text                                    0x080002f2   Section       78  rt_memclr_w.o(.text)
    .text                                    0x08000340   Section        0  heapauxi.o(.text)
    .text                                    0x08000346   Section      100  rt_memcpy_w.o(.text)
    .text                                    0x080003aa   Section       74  sys_stackheap_outer.o(.text)
    .text                                    0x080003f4   Section        0  exit.o(.text)
    .text                                    0x08000408   Section        8  libspace.o(.text)
    .text                                    0x08000410   Section        0  sys_exit.o(.text)
    .text                                    0x0800041c   Section        2  use_no_semi.o(.text)
    .text                                    0x0800041e   Section        0  indicate_semi.o(.text)
    i.ADC_Cmd                                0x0800041e   Section        0  stm32f4xx_adc.o(i.ADC_Cmd)
    i.ADC_CommonInit                         0x08000434   Section        0  stm32f4xx_adc.o(i.ADC_CommonInit)
    i.ADC_DMACmd                             0x08000460   Section        0  stm32f4xx_adc.o(i.ADC_DMACmd)
    i.ADC_DMARequestAfterLastTransferCmd     0x08000474   Section        0  stm32f4xx_adc.o(i.ADC_DMARequestAfterLastTransferCmd)
    i.ADC_Init                               0x08000488   Section        0  stm32f4xx_adc.o(i.ADC_Init)
    i.ADC_RegularChannelConfig               0x080004d4   Section        0  stm32f4xx_adc.o(i.ADC_RegularChannelConfig)
    i.ADC_SoftwareStartConv                  0x08000548   Section        0  stm32f4xx_adc.o(i.ADC_SoftwareStartConv)
    i.BusFault_Handler                       0x08000554   Section        0  stm32f4xx_it.o(i.BusFault_Handler)
    i.CRC_CalcBlockCRC                       0x08000568   Section        0  stm32f4xx_crc.o(i.CRC_CalcBlockCRC)
    i.CRC_ResetDR                            0x08000584   Section        0  stm32f4xx_crc.o(i.CRC_ResetDR)
    i.DMA_ClearFlag                          0x08000590   Section        0  stm32f4xx_dma.o(i.DMA_ClearFlag)
    i.DMA_Cmd                                0x080005bc   Section        0  stm32f4xx_dma.o(i.DMA_Cmd)
    i.DMA_DeInit                             0x080005d0   Section        0  stm32f4xx_dma.o(i.DMA_DeInit)
    i.DMA_GetFlagStatus                      0x080006f4   Section        0  stm32f4xx_dma.o(i.DMA_GetFlagStatus)
    i.DMA_Init                               0x08000728   Section        0  stm32f4xx_dma.o(i.DMA_Init)
    i.DebugMon_Handler                       0x0800077c   Section        0  stm32f4xx_it.o(i.DebugMon_Handler)
    i.GPIO_Init                              0x0800077e   Section        0  stm32f4xx_gpio.o(i.GPIO_Init)
    i.GPIO_PinAFConfig                       0x08000820   Section        0  stm32f4xx_gpio.o(i.GPIO_PinAFConfig)
    i.HardFault_Handler                      0x08000840   Section        0  stm32f4xx_it.o(i.HardFault_Handler)
    i.MemManage_Handler                      0x08000854   Section        0  stm32f4xx_it.o(i.MemManage_Handler)
    i.NMI_Handler                            0x08000856   Section        0  stm32f4xx_it.o(i.NMI_Handler)
    i.PendSV_Handler                         0x08000858   Section        0  stm32f4xx_it.o(i.PendSV_Handler)
    i.RCC_AHB1PeriphClockCmd                 0x0800085c   Section        0  stm32f4xx_rcc.o(i.RCC_AHB1PeriphClockCmd)
    i.RCC_APB1PeriphClockCmd                 0x08000874   Section        0  stm32f4xx_rcc.o(i.RCC_APB1PeriphClockCmd)
    i.RCC_APB2PeriphClockCmd                 0x0800088c   Section        0  stm32f4xx_rcc.o(i.RCC_APB2PeriphClockCmd)
    i.RCC_GetClocksFreq                      0x080008a4   Section        0  stm32f4xx_rcc.o(i.RCC_GetClocksFreq)
    i.RegularADCStartConversion              0x08000934   Section        0  waijung_hwdrvlib.o(i.RegularADCStartConversion)
    i.SVC_Handler                            0x080009d0   Section        0  stm32f4xx_it.o(i.SVC_Handler)
    i.SetSysClock                            0x080009d4   Section        0  system_stm32f4xx.o(i.SetSysClock)
    SetSysClock                              0x080009d5   Thumb Code   162  system_stm32f4xx.o(i.SetSysClock)
    i.SysTick_Handler                        0x08000a88   Section        0  main.o(i.SysTick_Handler)
    i.SystemInit                             0x08000a8c   Section        0  system_stm32f4xx.o(i.SystemInit)
    i.TIM_ARRPreloadConfig                   0x08000ae8   Section        0  stm32f4xx_tim.o(i.TIM_ARRPreloadConfig)
    i.TIM_Cmd                                0x08000afc   Section        0  stm32f4xx_tim.o(i.TIM_Cmd)
    i.TIM_OC1Init                            0x08000b10   Section        0  stm32f4xx_tim.o(i.TIM_OC1Init)
    i.TIM_OC1PreloadConfig                   0x08000b70   Section        0  stm32f4xx_tim.o(i.TIM_OC1PreloadConfig)
    i.TIM_OCStructInit                       0x08000b7c   Section        0  stm32f4xx_tim.o(i.TIM_OCStructInit)
    i.TIM_TimeBaseInit                       0x08000b90   Section        0  stm32f4xx_tim.o(i.TIM_TimeBaseInit)
    i.UART2_FlushTxBuffer                    0x08000c0c   Section        0  waijung_hwdrvlib.o(i.UART2_FlushTxBuffer)
    i.UART2_Read                             0x08000c6c   Section        0  waijung_hwdrvlib.o(i.UART2_Read)
    i.UART2_ReadBinary                       0x08000cd0   Section        0  waijung_hwdrvlib.o(i.UART2_ReadBinary)
    i.UART2_RestoreBytes                     0x08000dac   Section        0  waijung_hwdrvlib.o(i.UART2_RestoreBytes)
    i.UART2_TxUpdate                         0x08000dd4   Section        0  waijung_hwdrvlib.o(i.UART2_TxUpdate)
    i.UARTRx_Receive                         0x08000e20   Section        0  waijung_hwdrvlib.o(i.UARTRx_Receive)
    i.USART_ClearFlag                        0x08000e44   Section        0  stm32f4xx_usart.o(i.USART_ClearFlag)
    i.USART_Cmd                              0x08000e4a   Section        0  stm32f4xx_usart.o(i.USART_Cmd)
    i.USART_DMACmd                           0x08000e5e   Section        0  stm32f4xx_usart.o(i.USART_DMACmd)
    i.USART_GetFlagStatus                    0x08000e6e   Section        0  stm32f4xx_usart.o(i.USART_GetFlagStatus)
    i.USART_Init                             0x08000e7c   Section        0  stm32f4xx_usart.o(i.USART_Init)
    i.USART_OverSampling8Cmd                 0x08000f28   Section        0  stm32f4xx_usart.o(i.USART_OverSampling8Cmd)
    i.UsageFault_Handler                     0x08000f3c   Section        0  stm32f4xx_it.o(i.UsageFault_Handler)
    i.enable_BasicPWM                        0x08000f40   Section        0  waijung_hwdrvlib.o(i.enable_BasicPWM)
    i.enable_RegularADC                      0x08000fe8   Section        0  waijung_hwdrvlib.o(i.enable_RegularADC)
    i.enable_UARTRx                          0x080010a0   Section        0  waijung_hwdrvlib.o(i.enable_UARTRx)
    i.enable_UARTSetup                       0x080010a4   Section        0  waijung_hwdrvlib.o(i.enable_UARTSetup)
    i.enable_UARTTx                          0x080010a8   Section        0  waijung_hwdrvlib.o(i.enable_UARTTx)
    i.main                                   0x080010ac   Section        0  main.o(i.main)
    i.profiler_init                          0x080010f0   Section        0  waijung_hwdrvlib.o(i.profiler_init)
    i.profiler_update                        0x080011cc   Section        0  waijung_hwdrvlib.o(i.profiler_update)
    i.rtGetInf                               0x0800125c   Section        0  rtGetInf.o(i.rtGetInf)
    i.rtGetInfF                              0x08001270   Section        0  rtGetInf.o(i.rtGetInfF)
    i.rtGetMinusInf                          0x0800127c   Section        0  rtGetInf.o(i.rtGetMinusInf)
    i.rtGetMinusInfF                         0x08001290   Section        0  rtGetInf.o(i.rtGetMinusInfF)
    i.rtGetNaN                               0x0800129c   Section        0  rtGetNaN.o(i.rtGetNaN)
    i.rtGetNaNF                              0x080012b0   Section        0  rtGetNaN.o(i.rtGetNaNF)
    i.rtIsNaN                                0x080012bc   Section        0  rt_nonfinite.o(i.rtIsNaN)
    i.rt_InitInfAndNaN                       0x080012d4   Section        0  rt_nonfinite.o(i.rt_InitInfAndNaN)
    i.rt_OneStep                             0x08001310   Section        0  main.o(i.rt_OneStep)
    i.test2_initialize                       0x08001320   Section        0  test2.o(i.test2_initialize)
    i.test2_step                             0x08001390   Section        0  test2.o(i.test2_step)
    i.waijung_usart2_initial                 0x08001938   Section        0  waijung_hwdrvlib.o(i.waijung_usart2_initial)
    x$fpl$d2f                                0x08001a70   Section       98  d2f.o(x$fpl$d2f)
    $v0                                      0x08001a70   Number         0  d2f.o(x$fpl$d2f)
    x$fpl$dadd                               0x08001ad4   Section      336  daddsub_clz.o(x$fpl$dadd)
    $v0                                      0x08001ad4   Number         0  daddsub_clz.o(x$fpl$dadd)
    _dadd1                                   0x08001ae5   Thumb Code     0  daddsub_clz.o(x$fpl$dadd)
    x$fpl$dcmpinf                            0x08001c24   Section       24  dcmpi.o(x$fpl$dcmpinf)
    $v0                                      0x08001c24   Number         0  dcmpi.o(x$fpl$dcmpinf)
    x$fpl$deqf                               0x08001c3c   Section      120  deqf.o(x$fpl$deqf)
    $v0                                      0x08001c3c   Number         0  deqf.o(x$fpl$deqf)
    x$fpl$dfixu                              0x08001cb4   Section       90  dfixu.o(x$fpl$dfixu)
    $v0                                      0x08001cb4   Number         0  dfixu.o(x$fpl$dfixu)
    x$fpl$dfltu                              0x08001d0e   Section       38  dflt_clz.o(x$fpl$dfltu)
    $v0                                      0x08001d0e   Number         0  dflt_clz.o(x$fpl$dfltu)
    x$fpl$dleqf                              0x08001d34   Section      120  dleqf.o(x$fpl$dleqf)
    $v0                                      0x08001d34   Number         0  dleqf.o(x$fpl$dleqf)
    x$fpl$dmul                               0x08001dac   Section      340  dmul.o(x$fpl$dmul)
    $v0                                      0x08001dac   Number         0  dmul.o(x$fpl$dmul)
    x$fpl$dnaninf                            0x08001f00   Section      156  dnaninf.o(x$fpl$dnaninf)
    $v0                                      0x08001f00   Number         0  dnaninf.o(x$fpl$dnaninf)
    x$fpl$dretinf                            0x08001f9c   Section       12  dretinf.o(x$fpl$dretinf)
    $v0                                      0x08001f9c   Number         0  dretinf.o(x$fpl$dretinf)
    x$fpl$drleqf                             0x08001fa8   Section      108  drleqf.o(x$fpl$drleqf)
    $v0                                      0x08001fa8   Number         0  drleqf.o(x$fpl$drleqf)
    x$fpl$drsb                               0x08002014   Section       22  daddsub_clz.o(x$fpl$drsb)
    $v0                                      0x08002014   Number         0  daddsub_clz.o(x$fpl$drsb)
    x$fpl$dsub                               0x0800202c   Section      468  daddsub_clz.o(x$fpl$dsub)
    $v0                                      0x0800202c   Number         0  daddsub_clz.o(x$fpl$dsub)
    _dsub1                                   0x0800203d   Thumb Code     0  daddsub_clz.o(x$fpl$dsub)
    x$fpl$f2d                                0x08002200   Section       86  f2d.o(x$fpl$f2d)
    $v0                                      0x08002200   Number         0  f2d.o(x$fpl$f2d)
    x$fpl$fnaninf                            0x08002256   Section      140  fnaninf.o(x$fpl$fnaninf)
    $v0                                      0x08002256   Number         0  fnaninf.o(x$fpl$fnaninf)
    x$fpl$fpinit                             0x080022e2   Section       10  fpinit.o(x$fpl$fpinit)
    $v0                                      0x080022e2   Number         0  fpinit.o(x$fpl$fpinit)
    x$fpl$fretinf                            0x080022ec   Section       10  fretinf.o(x$fpl$fretinf)
    $v0                                      0x080022ec   Number         0  fretinf.o(x$fpl$fretinf)
    x$fpl$usenofp                            0x080022f6   Section        0  usenofp.o(x$fpl$usenofp)
    .constdata                               0x080022f8   Section       16  test2_data.o(.constdata)
    .constdata                               0x08002308   Section        4  test2.o(.constdata)
    .data                                    0x20000000   Section       16  stm32f4xx_rcc.o(.data)
    APBAHBPrescTable                         0x20000000   Data          16  stm32f4xx_rcc.o(.data)
    .data                                    0x20000010   Section       40  rt_nonfinite.o(.data)
    .data                                    0x20000038   Section        8  main.o(.data)
    systick_active                           0x2000003c   Data           4  main.o(.data)
    .data                                    0x20000040   Section       32  waijung_hwdrvlib.o(.data)
    waijung_usart2_ready                     0x20000040   Data           1  waijung_hwdrvlib.o(.data)
    .bss                                     0x20000060   Section      152  test2.o(.bss)
    .bss                                     0x200000f8   Section       12  test2.o(.bss)
    .bss                                     0x20000104   Section     1244  waijung_hwdrvlib.o(.bss)
    .bss                                     0x200005e0   Section      512  waijung_hwdrvlib.o(.bss)
    .bss                                     0x200007e0   Section       96  libspace.o(.bss)
    HEAP                                     0x20000840   Section     8192  startup_stm32f4xx.o(HEAP)
    Heap_Mem                                 0x20000840   Data        8192  startup_stm32f4xx.o(HEAP)
    STACK                                    0x20002840   Section     8192  startup_stm32f4xx.o(STACK)
    Stack_Mem                                0x20002840   Data        8192  startup_stm32f4xx.o(STACK)
    __initial_sp                             0x20004840   Data           0  startup_stm32f4xx.o(STACK)

    Global Symbols

    Symbol Name                              Value     Ov Type        Size  Object(Section)

    BuildAttributes$$THM_ISAv4$E$P$D$K$B$S$7EM$VFPi3$EXTD16$VFPS$VFMA$PE$A:L22UL41UL21$X:L11$S22US41US21$IEEE1$IW$USESV6$~STKCKD$USESV7$~SHL$OSPACE$ROPI$EBA8$UX$STANDARDLIB$REQ8$PRES8$EABIv2 0x00000000   Number         0  anon$$obj.o ABSOLUTE
    __ARM_use_no_argv                        0x00000000   Number         0  main.o ABSOLUTE
    __ARM_exceptions_init                     - Undefined Weak Reference
    __alloca_initialize                       - Undefined Weak Reference
    __arm_preinit_                            - Undefined Weak Reference
    __cpp_initialize__aeabi_                  - Undefined Weak Reference
    __cxa_finalize                            - Undefined Weak Reference
    __rt_locale                               - Undefined Weak Reference
    __sigvec_lookup                           - Undefined Weak Reference
    _atexit_init                              - Undefined Weak Reference
    _call_atexit_fns                          - Undefined Weak Reference
    _clock_init                               - Undefined Weak Reference
    _fp_trap_init                             - Undefined Weak Reference
    _fp_trap_shutdown                         - Undefined Weak Reference
    _get_lc_collate                           - Undefined Weak Reference
    _get_lc_ctype                             - Undefined Weak Reference
    _get_lc_monetary                          - Undefined Weak Reference
    _get_lc_numeric                           - Undefined Weak Reference
    _get_lc_time                              - Undefined Weak Reference
    _getenv_init                              - Undefined Weak Reference
    _handle_redirection                       - Undefined Weak Reference
    _init_alloc                               - Undefined Weak Reference
    _init_user_alloc                          - Undefined Weak Reference
    _initio                                   - Undefined Weak Reference
    _rand_init                                - Undefined Weak Reference
    _signal_finish                            - Undefined Weak Reference
    _signal_init                              - Undefined Weak Reference
    _terminate_alloc                          - Undefined Weak Reference
    _terminate_user_alloc                     - Undefined Weak Reference
    _terminateio                              - Undefined Weak Reference
    __Vectors_Size                           0x00000188   Number         0  startup_stm32f4xx.o ABSOLUTE
    __Vectors                                0x08000000   Data           4  startup_stm32f4xx.o(RESET)
    __Vectors_End                            0x08000188   Data           0  startup_stm32f4xx.o(RESET)
    __main                                   0x08000189   Thumb Code     8  __main.o(!!!main)
    __scatterload                            0x08000191   Thumb Code     0  __scatter.o(!!!scatter)
    __scatterload_rt2                        0x08000191   Thumb Code    44  __scatter.o(!!!scatter)
    __scatterload_rt2_thumb_only             0x08000191   Thumb Code     0  __scatter.o(!!!scatter)
    __scatterload_null                       0x0800019f   Thumb Code     0  __scatter.o(!!!scatter)
    __scatterload_copy                       0x080001c5   Thumb Code    26  __scatter_copy.o(!!handler_copy)
    __scatterload_zeroinit                   0x080001e1   Thumb Code    28  __scatter_zi.o(!!handler_zi)
    __rt_lib_init                            0x080001fd   Thumb Code     0  libinit.o(.ARM.Collect$$libinit$$00000000)
    __rt_lib_init_fp_1                       0x080001ff   Thumb Code     0  libinit2.o(.ARM.Collect$$libinit$$00000001)
    __rt_lib_init_alloca_1                   0x08000203   Thumb Code     0  libinit2.o(.ARM.Collect$$libinit$$0000002E)
    __rt_lib_init_argv_1                     0x08000203   Thumb Code     0  libinit2.o(.ARM.Collect$$libinit$$0000002C)
    __rt_lib_init_atexit_1                   0x08000203   Thumb Code     0  libinit2.o(.ARM.Collect$$libinit$$0000001B)
    __rt_lib_init_clock_1                    0x08000203   Thumb Code     0  libinit2.o(.ARM.Collect$$libinit$$00000021)
    __rt_lib_init_cpp_1                      0x08000203   Thumb Code     0  libinit2.o(.ARM.Collect$$libinit$$00000032)
    __rt_lib_init_exceptions_1               0x08000203   Thumb Code     0  libinit2.o(.ARM.Collect$$libinit$$00000030)
    __rt_lib_init_fp_trap_1                  0x08000203   Thumb Code     0  libinit2.o(.ARM.Collect$$libinit$$0000001F)
    __rt_lib_init_getenv_1                   0x08000203   Thumb Code     0  libinit2.o(.ARM.Collect$$libinit$$00000023)
    __rt_lib_init_heap_1                     0x08000203   Thumb Code     0  libinit2.o(.ARM.Collect$$libinit$$0000000A)
    __rt_lib_init_lc_collate_1               0x08000203   Thumb Code     0  libinit2.o(.ARM.Collect$$libinit$$00000011)
    __rt_lib_init_lc_ctype_1                 0x08000203   Thumb Code     0  libinit2.o(.ARM.Collect$$libinit$$00000013)
    __rt_lib_init_lc_monetary_1              0x08000203   Thumb Code     0  libinit2.o(.ARM.Collect$$libinit$$00000015)
    __rt_lib_init_lc_numeric_1               0x08000203   Thumb Code     0  libinit2.o(.ARM.Collect$$libinit$$00000017)
    __rt_lib_init_lc_time_1                  0x08000203   Thumb Code     0  libinit2.o(.ARM.Collect$$libinit$$00000019)
    __rt_lib_init_preinit_1                  0x08000203   Thumb Code     0  libinit2.o(.ARM.Collect$$libinit$$00000004)
    __rt_lib_init_rand_1                     0x08000203   Thumb Code     0  libinit2.o(.ARM.Collect$$libinit$$0000000E)
    __rt_lib_init_return                     0x08000203   Thumb Code     0  libinit2.o(.ARM.Collect$$libinit$$00000033)
    __rt_lib_init_signal_1                   0x08000203   Thumb Code     0  libinit2.o(.ARM.Collect$$libinit$$0000001D)
    __rt_lib_init_stdio_1                    0x08000203   Thumb Code     0  libinit2.o(.ARM.Collect$$libinit$$00000025)
    __rt_lib_init_user_alloc_1               0x08000203   Thumb Code     0  libinit2.o(.ARM.Collect$$libinit$$0000000C)
    __rt_lib_shutdown                        0x08000205   Thumb Code     0  libshutdown.o(.ARM.Collect$$libshutdown$$00000000)
    __rt_lib_shutdown_cpp_1                  0x08000207   Thumb Code     0  libshutdown2.o(.ARM.Collect$$libshutdown$$00000002)
    __rt_lib_shutdown_fp_trap_1              0x08000207   Thumb Code     0  libshutdown2.o(.ARM.Collect$$libshutdown$$00000007)
    __rt_lib_shutdown_heap_1                 0x08000207   Thumb Code     0  libshutdown2.o(.ARM.Collect$$libshutdown$$0000000F)
    __rt_lib_shutdown_return                 0x08000207   Thumb Code     0  libshutdown2.o(.ARM.Collect$$libshutdown$$00000010)
    __rt_lib_shutdown_signal_1               0x08000207   Thumb Code     0  libshutdown2.o(.ARM.Collect$$libshutdown$$0000000A)
    __rt_lib_shutdown_stdio_1                0x08000207   Thumb Code     0  libshutdown2.o(.ARM.Collect$$libshutdown$$00000004)
    __rt_lib_shutdown_user_alloc_1           0x08000207   Thumb Code     0  libshutdown2.o(.ARM.Collect$$libshutdown$$0000000C)
    __rt_entry                               0x08000209   Thumb Code     0  __rtentry.o(.ARM.Collect$$rtentry$$00000000)
    __rt_entry_presh_1                       0x08000209   Thumb Code     0  __rtentry2.o(.ARM.Collect$$rtentry$$00000002)
    __rt_entry_sh                            0x08000209   Thumb Code     0  __rtentry4.o(.ARM.Collect$$rtentry$$00000004)
    __rt_entry_li                            0x0800020f   Thumb Code     0  __rtentry2.o(.ARM.Collect$$rtentry$$0000000A)
    __rt_entry_postsh_1                      0x0800020f   Thumb Code     0  __rtentry2.o(.ARM.Collect$$rtentry$$00000009)
    __rt_entry_main                          0x08000213   Thumb Code     0  __rtentry2.o(.ARM.Collect$$rtentry$$0000000D)
    __rt_entry_postli_1                      0x08000213   Thumb Code     0  __rtentry2.o(.ARM.Collect$$rtentry$$0000000C)
    __rt_exit                                0x0800021b   Thumb Code     0  rtexit.o(.ARM.Collect$$rtexit$$00000000)
    __rt_exit_ls                             0x0800021d   Thumb Code     0  rtexit2.o(.ARM.Collect$$rtexit$$00000003)
    __rt_exit_prels_1                        0x0800021d   Thumb Code     0  rtexit2.o(.ARM.Collect$$rtexit$$00000002)
    __rt_exit_exit                           0x08000221   Thumb Code     0  rtexit2.o(.ARM.Collect$$rtexit$$00000004)
    Reset_Handler                            0x08000229   Thumb Code     8  startup_stm32f4xx.o(.text)
    ADC_IRQHandler                           0x08000243   Thumb Code     0  startup_stm32f4xx.o(.text)
    CAN1_RX0_IRQHandler                      0x08000243   Thumb Code     0  startup_stm32f4xx.o(.text)
    CAN1_RX1_IRQHandler                      0x08000243   Thumb Code     0  startup_stm32f4xx.o(.text)
    CAN1_SCE_IRQHandler                      0x08000243   Thumb Code     0  startup_stm32f4xx.o(.text)
    CAN1_TX_IRQHandler                       0x08000243   Thumb Code     0  startup_stm32f4xx.o(.text)
    CAN2_RX0_IRQHandler                      0x08000243   Thumb Code     0  startup_stm32f4xx.o(.text)
    CAN2_RX1_IRQHandler                      0x08000243   Thumb Code     0  startup_stm32f4xx.o(.text)
    CAN2_SCE_IRQHandler                      0x08000243   Thumb Code     0  startup_stm32f4xx.o(.text)
    CAN2_TX_IRQHandler                       0x08000243   Thumb Code     0  startup_stm32f4xx.o(.text)
    CRYP_IRQHandler                          0x08000243   Thumb Code     0  startup_stm32f4xx.o(.text)
    DCMI_IRQHandler                          0x08000243   Thumb Code     0  startup_stm32f4xx.o(.text)
    DMA1_Stream0_IRQHandler                  0x08000243   Thumb Code     0  startup_stm32f4xx.o(.text)
    DMA1_Stream1_IRQHandler                  0x08000243   Thumb Code     0  startup_stm32f4xx.o(.text)
    DMA1_Stream2_IRQHandler                  0x08000243   Thumb Code     0  startup_stm32f4xx.o(.text)
    DMA1_Stream3_IRQHandler                  0x08000243   Thumb Code     0  startup_stm32f4xx.o(.text)
    DMA1_Stream4_IRQHandler                  0x08000243   Thumb Code     0  startup_stm32f4xx.o(.text)
    DMA1_Stream5_IRQHandler                  0x08000243   Thumb Code     0  startup_stm32f4xx.o(.text)
    DMA1_Stream6_IRQHandler                  0x08000243   Thumb Code     0  startup_stm32f4xx.o(.text)
    DMA1_Stream7_IRQHandler                  0x08000243   Thumb Code     0  startup_stm32f4xx.o(.text)
    DMA2_Stream0_IRQHandler                  0x08000243   Thumb Code     0  startup_stm32f4xx.o(.text)
    DMA2_Stream1_IRQHandler                  0x08000243   Thumb Code     0  startup_stm32f4xx.o(.text)
    DMA2_Stream2_IRQHandler                  0x08000243   Thumb Code     0  startup_stm32f4xx.o(.text)
    DMA2_Stream3_IRQHandler                  0x08000243   Thumb Code     0  startup_stm32f4xx.o(.text)
    DMA2_Stream4_IRQHandler                  0x08000243   Thumb Code     0  startup_stm32f4xx.o(.text)
    DMA2_Stream5_IRQHandler                  0x08000243   Thumb Code     0  startup_stm32f4xx.o(.text)
    DMA2_Stream6_IRQHandler                  0x08000243   Thumb Code     0  startup_stm32f4xx.o(.text)
    DMA2_Stream7_IRQHandler                  0x08000243   Thumb Code     0  startup_stm32f4xx.o(.text)
    ETH_IRQHandler                           0x08000243   Thumb Code     0  startup_stm32f4xx.o(.text)
    ETH_WKUP_IRQHandler                      0x08000243   Thumb Code     0  startup_stm32f4xx.o(.text)
    EXTI0_IRQHandler                         0x08000243   Thumb Code     0  startup_stm32f4xx.o(.text)
    EXTI15_10_IRQHandler                     0x08000243   Thumb Code     0  startup_stm32f4xx.o(.text)
    EXTI1_IRQHandler                         0x08000243   Thumb Code     0  startup_stm32f4xx.o(.text)
    EXTI2_IRQHandler                         0x08000243   Thumb Code     0  startup_stm32f4xx.o(.text)
    EXTI3_IRQHandler                         0x08000243   Thumb Code     0  startup_stm32f4xx.o(.text)
    EXTI4_IRQHandler                         0x08000243   Thumb Code     0  startup_stm32f4xx.o(.text)
    EXTI9_5_IRQHandler                       0x08000243   Thumb Code     0  startup_stm32f4xx.o(.text)
    FLASH_IRQHandler                         0x08000243   Thumb Code     0  startup_stm32f4xx.o(.text)
    FPU_IRQHandler                           0x08000243   Thumb Code     0  startup_stm32f4xx.o(.text)
    FSMC_IRQHandler                          0x08000243   Thumb Code     0  startup_stm32f4xx.o(.text)
    HASH_RNG_IRQHandler                      0x08000243   Thumb Code     0  startup_stm32f4xx.o(.text)
    I2C1_ER_IRQHandler                       0x08000243   Thumb Code     0  startup_stm32f4xx.o(.text)
    I2C1_EV_IRQHandler                       0x08000243   Thumb Code     0  startup_stm32f4xx.o(.text)
    I2C2_ER_IRQHandler                       0x08000243   Thumb Code     0  startup_stm32f4xx.o(.text)
    I2C2_EV_IRQHandler                       0x08000243   Thumb Code     0  startup_stm32f4xx.o(.text)
    I2C3_ER_IRQHandler                       0x08000243   Thumb Code     0  startup_stm32f4xx.o(.text)
    I2C3_EV_IRQHandler                       0x08000243   Thumb Code     0  startup_stm32f4xx.o(.text)
    OTG_FS_IRQHandler                        0x08000243   Thumb Code     0  startup_stm32f4xx.o(.text)
    OTG_FS_WKUP_IRQHandler                   0x08000243   Thumb Code     0  startup_stm32f4xx.o(.text)
    OTG_HS_EP1_IN_IRQHandler                 0x08000243   Thumb Code     0  startup_stm32f4xx.o(.text)
    OTG_HS_EP1_OUT_IRQHandler                0x08000243   Thumb Code     0  startup_stm32f4xx.o(.text)
    OTG_HS_IRQHandler                        0x08000243   Thumb Code     0  startup_stm32f4xx.o(.text)
    OTG_HS_WKUP_IRQHandler                   0x08000243   Thumb Code     0  startup_stm32f4xx.o(.text)
    PVD_IRQHandler                           0x08000243   Thumb Code     0  startup_stm32f4xx.o(.text)
    RCC_IRQHandler                           0x08000243   Thumb Code     0  startup_stm32f4xx.o(.text)
    RTC_Alarm_IRQHandler                     0x08000243   Thumb Code     0  startup_stm32f4xx.o(.text)
    RTC_WKUP_IRQHandler                      0x08000243   Thumb Code     0  startup_stm32f4xx.o(.text)
    SDIO_IRQHandler                          0x08000243   Thumb Code     0  startup_stm32f4xx.o(.text)
    SPI1_IRQHandler                          0x08000243   Thumb Code     0  startup_stm32f4xx.o(.text)
    SPI2_IRQHandler                          0x08000243   Thumb Code     0  startup_stm32f4xx.o(.text)
    SPI3_IRQHandler                          0x08000243   Thumb Code     0  startup_stm32f4xx.o(.text)
    TAMP_STAMP_IRQHandler                    0x08000243   Thumb Code     0  startup_stm32f4xx.o(.text)
    TIM1_BRK_TIM9_IRQHandler                 0x08000243   Thumb Code     0  startup_stm32f4xx.o(.text)
    TIM1_CC_IRQHandler                       0x08000243   Thumb Code     0  startup_stm32f4xx.o(.text)
    TIM1_TRG_COM_TIM11_IRQHandler            0x08000243   Thumb Code     0  startup_stm32f4xx.o(.text)
    TIM1_UP_TIM10_IRQHandler                 0x08000243   Thumb Code     0  startup_stm32f4xx.o(.text)
    TIM2_IRQHandler                          0x08000243   Thumb Code     0  startup_stm32f4xx.o(.text)
    TIM3_IRQHandler                          0x08000243   Thumb Code     0  startup_stm32f4xx.o(.text)
    TIM4_IRQHandler                          0x08000243   Thumb Code     0  startup_stm32f4xx.o(.text)
    TIM5_IRQHandler                          0x08000243   Thumb Code     0  startup_stm32f4xx.o(.text)
    TIM6_DAC_IRQHandler                      0x08000243   Thumb Code     0  startup_stm32f4xx.o(.text)
    TIM7_IRQHandler                          0x08000243   Thumb Code     0  startup_stm32f4xx.o(.text)
    TIM8_BRK_TIM12_IRQHandler                0x08000243   Thumb Code     0  startup_stm32f4xx.o(.text)
    TIM8_CC_IRQHandler                       0x08000243   Thumb Code     0  startup_stm32f4xx.o(.text)
    TIM8_TRG_COM_TIM14_IRQHandler            0x08000243   Thumb Code     0  startup_stm32f4xx.o(.text)
    TIM8_UP_TIM13_IRQHandler                 0x08000243   Thumb Code     0  startup_stm32f4xx.o(.text)
    UART4_IRQHandler                         0x08000243   Thumb Code     0  startup_stm32f4xx.o(.text)
    UART5_IRQHandler                         0x08000243   Thumb Code     0  startup_stm32f4xx.o(.text)
    USART1_IRQHandler                        0x08000243   Thumb Code     0  startup_stm32f4xx.o(.text)
    USART2_IRQHandler                        0x08000243   Thumb Code     0  startup_stm32f4xx.o(.text)
    USART3_IRQHandler                        0x08000243   Thumb Code     0  startup_stm32f4xx.o(.text)
    USART6_IRQHandler                        0x08000243   Thumb Code     0  startup_stm32f4xx.o(.text)
    WWDG_IRQHandler                          0x08000243   Thumb Code     0  startup_stm32f4xx.o(.text)
    __user_initial_stackheap                 0x08000245   Thumb Code     0  startup_stm32f4xx.o(.text)
    __aeabi_memcpy                           0x08000269   Thumb Code     0  rt_memcpy_v6.o(.text)
    __rt_memcpy                              0x08000269   Thumb Code   138  rt_memcpy_v6.o(.text)
    _memcpy_lastbytes                        0x080002cf   Thumb Code     0  rt_memcpy_v6.o(.text)
    __aeabi_memclr4                          0x080002f3   Thumb Code     0  rt_memclr_w.o(.text)
    __aeabi_memclr8                          0x080002f3   Thumb Code     0  rt_memclr_w.o(.text)
    __rt_memclr_w                            0x080002f3   Thumb Code    78  rt_memclr_w.o(.text)
    _memset_w                                0x080002f7   Thumb Code     0  rt_memclr_w.o(.text)
    __use_two_region_memory                  0x08000341   Thumb Code     2  heapauxi.o(.text)
    __rt_heap_escrow$2region                 0x08000343   Thumb Code     2  heapauxi.o(.text)
    __rt_heap_expand$2region                 0x08000345   Thumb Code     2  heapauxi.o(.text)
    __aeabi_memcpy4                          0x08000347   Thumb Code     0  rt_memcpy_w.o(.text)
    __aeabi_memcpy8                          0x08000347   Thumb Code     0  rt_memcpy_w.o(.text)
    __rt_memcpy_w                            0x08000347   Thumb Code   100  rt_memcpy_w.o(.text)
    _memcpy_lastbytes_aligned                0x0800038f   Thumb Code     0  rt_memcpy_w.o(.text)
    __user_setup_stackheap                   0x080003ab   Thumb Code    74  sys_stackheap_outer.o(.text)
    exit                                     0x080003f5   Thumb Code    18  exit.o(.text)
    __user_libspace                          0x08000409   Thumb Code     8  libspace.o(.text)
    __user_perproc_libspace                  0x08000409   Thumb Code     0  libspace.o(.text)
    __user_perthread_libspace                0x08000409   Thumb Code     0  libspace.o(.text)
    _sys_exit                                0x08000411   Thumb Code     8  sys_exit.o(.text)
    __I$use$semihosting                      0x0800041d   Thumb Code     0  use_no_semi.o(.text)
    __use_no_semihosting_swi                 0x0800041d   Thumb Code     2  use_no_semi.o(.text)
    ADC_Cmd                                  0x0800041f   Thumb Code    20  stm32f4xx_adc.o(i.ADC_Cmd)
    __semihosting_library_function           0x0800041f   Thumb Code     0  indicate_semi.o(.text)
    ADC_CommonInit                           0x08000435   Thumb Code    34  stm32f4xx_adc.o(i.ADC_CommonInit)
    ADC_DMACmd                               0x08000461   Thumb Code    20  stm32f4xx_adc.o(i.ADC_DMACmd)
    ADC_DMARequestAfterLastTransferCmd       0x08000475   Thumb Code    20  stm32f4xx_adc.o(i.ADC_DMARequestAfterLastTransferCmd)
    ADC_Init                                 0x08000489   Thumb Code    66  stm32f4xx_adc.o(i.ADC_Init)
    ADC_RegularChannelConfig                 0x080004d5   Thumb Code   116  stm32f4xx_adc.o(i.ADC_RegularChannelConfig)
    ADC_SoftwareStartConv                    0x08000549   Thumb Code    10  stm32f4xx_adc.o(i.ADC_SoftwareStartConv)
    BusFault_Handler                         0x08000555   Thumb Code    16  stm32f4xx_it.o(i.BusFault_Handler)
    CRC_CalcBlockCRC                         0x08000569   Thumb Code    24  stm32f4xx_crc.o(i.CRC_CalcBlockCRC)
    CRC_ResetDR                              0x08000585   Thumb Code     8  stm32f4xx_crc.o(i.CRC_ResetDR)
    DMA_ClearFlag                            0x08000591   Thumb Code    32  stm32f4xx_dma.o(i.DMA_ClearFlag)
    DMA_Cmd                                  0x080005bd   Thumb Code    20  stm32f4xx_dma.o(i.DMA_Cmd)
    DMA_DeInit                               0x080005d1   Thumb Code   272  stm32f4xx_dma.o(i.DMA_DeInit)
    DMA_GetFlagStatus                        0x080006f5   Thumb Code    40  stm32f4xx_dma.o(i.DMA_GetFlagStatus)
    DMA_Init                                 0x08000729   Thumb Code    80  stm32f4xx_dma.o(i.DMA_Init)
    DebugMon_Handler                         0x0800077d   Thumb Code     2  stm32f4xx_it.o(i.DebugMon_Handler)
    GPIO_Init                                0x0800077f   Thumb Code   162  stm32f4xx_gpio.o(i.GPIO_Init)
    GPIO_PinAFConfig                         0x08000821   Thumb Code    32  stm32f4xx_gpio.o(i.GPIO_PinAFConfig)
    HardFault_Handler                        0x08000841   Thumb Code    16  stm32f4xx_it.o(i.HardFault_Handler)
    MemManage_Handler                        0x08000855   Thumb Code     2  stm32f4xx_it.o(i.MemManage_Handler)
    NMI_Handler                              0x08000857   Thumb Code     2  stm32f4xx_it.o(i.NMI_Handler)
    PendSV_Handler                           0x08000859   Thumb Code     2  stm32f4xx_it.o(i.PendSV_Handler)
    RCC_AHB1PeriphClockCmd                   0x0800085d   Thumb Code    18  stm32f4xx_rcc.o(i.RCC_AHB1PeriphClockCmd)
    RCC_APB1PeriphClockCmd                   0x08000875   Thumb Code    18  stm32f4xx_rcc.o(i.RCC_APB1PeriphClockCmd)
    RCC_APB2PeriphClockCmd                   0x0800088d   Thumb Code    18  stm32f4xx_rcc.o(i.RCC_APB2PeriphClockCmd)
    RCC_GetClocksFreq                        0x080008a5   Thumb Code   132  stm32f4xx_rcc.o(i.RCC_GetClocksFreq)
    RegularADCStartConversion                0x08000935   Thumb Code   138  waijung_hwdrvlib.o(i.RegularADCStartConversion)
    SVC_Handler                              0x080009d1   Thumb Code     2  stm32f4xx_it.o(i.SVC_Handler)
    SysTick_Handler                          0x08000a89   Thumb Code     4  main.o(i.SysTick_Handler)
    SystemInit                               0x08000a8d   Thumb Code    74  system_stm32f4xx.o(i.SystemInit)
    TIM_ARRPreloadConfig                     0x08000ae9   Thumb Code    20  stm32f4xx_tim.o(i.TIM_ARRPreloadConfig)
    TIM_Cmd                                  0x08000afd   Thumb Code    20  stm32f4xx_tim.o(i.TIM_Cmd)
    TIM_OC1Init                              0x08000b11   Thumb Code    88  stm32f4xx_tim.o(i.TIM_OC1Init)
    TIM_OC1PreloadConfig                     0x08000b71   Thumb Code    12  stm32f4xx_tim.o(i.TIM_OC1PreloadConfig)
    TIM_OCStructInit                         0x08000b7d   Thumb Code    20  stm32f4xx_tim.o(i.TIM_OCStructInit)
    TIM_TimeBaseInit                         0x08000b91   Thumb Code    96  stm32f4xx_tim.o(i.TIM_TimeBaseInit)
    UART2_FlushTxBuffer                      0x08000c0d   Thumb Code    76  waijung_hwdrvlib.o(i.UART2_FlushTxBuffer)
    UART2_Read                               0x08000c6d   Thumb Code    90  waijung_hwdrvlib.o(i.UART2_Read)
    UART2_ReadBinary                         0x08000cd1   Thumb Code   218  waijung_hwdrvlib.o(i.UART2_ReadBinary)
    UART2_RestoreBytes                       0x08000dad   Thumb Code    38  waijung_hwdrvlib.o(i.UART2_RestoreBytes)
    UART2_TxUpdate                           0x08000dd5   Thumb Code    60  waijung_hwdrvlib.o(i.UART2_TxUpdate)
    UARTRx_Receive                           0x08000e21   Thumb Code    32  waijung_hwdrvlib.o(i.UARTRx_Receive)
    USART_ClearFlag                          0x08000e45   Thumb Code     6  stm32f4xx_usart.o(i.USART_ClearFlag)
    USART_Cmd                                0x08000e4b   Thumb Code    20  stm32f4xx_usart.o(i.USART_Cmd)
    USART_DMACmd                             0x08000e5f   Thumb Code    16  stm32f4xx_usart.o(i.USART_DMACmd)
    USART_GetFlagStatus                      0x08000e6f   Thumb Code    14  stm32f4xx_usart.o(i.USART_GetFlagStatus)
    USART_Init                               0x08000e7d   Thumb Code   164  stm32f4xx_usart.o(i.USART_Init)
    USART_OverSampling8Cmd                   0x08000f29   Thumb Code    20  stm32f4xx_usart.o(i.USART_OverSampling8Cmd)
    UsageFault_Handler                       0x08000f3d   Thumb Code     2  stm32f4xx_it.o(i.UsageFault_Handler)
    enable_BasicPWM                          0x08000f41   Thumb Code   158  waijung_hwdrvlib.o(i.enable_BasicPWM)
    enable_RegularADC                        0x08000fe9   Thumb Code   166  waijung_hwdrvlib.o(i.enable_RegularADC)
    enable_UARTRx                            0x080010a1   Thumb Code     4  waijung_hwdrvlib.o(i.enable_UARTRx)
    enable_UARTSetup                         0x080010a5   Thumb Code     4  waijung_hwdrvlib.o(i.enable_UARTSetup)
    enable_UARTTx                            0x080010a9   Thumb Code     4  waijung_hwdrvlib.o(i.enable_UARTTx)
    main                                     0x080010ad   Thumb Code    60  main.o(i.main)
    profiler_init                            0x080010f1   Thumb Code   198  waijung_hwdrvlib.o(i.profiler_init)
    profiler_update                          0x080011cd   Thumb Code   128  waijung_hwdrvlib.o(i.profiler_update)
    rtGetInf                                 0x0800125d   Thumb Code    16  rtGetInf.o(i.rtGetInf)
    rtGetInfF                                0x08001271   Thumb Code    10  rtGetInf.o(i.rtGetInfF)
    rtGetMinusInf                            0x0800127d   Thumb Code    16  rtGetInf.o(i.rtGetMinusInf)
    rtGetMinusInfF                           0x08001291   Thumb Code     8  rtGetInf.o(i.rtGetMinusInfF)
    rtGetNaN                                 0x0800129d   Thumb Code    16  rtGetNaN.o(i.rtGetNaN)
    rtGetNaNF                                0x080012b1   Thumb Code     8  rtGetNaN.o(i.rtGetNaNF)
    rtIsNaN                                  0x080012bd   Thumb Code    24  rt_nonfinite.o(i.rtIsNaN)
    rt_InitInfAndNaN                         0x080012d5   Thumb Code    54  rt_nonfinite.o(i.rt_InitInfAndNaN)
    rt_OneStep                               0x08001311   Thumb Code    10  main.o(i.rt_OneStep)
    test2_initialize                         0x08001321   Thumb Code    90  test2.o(i.test2_initialize)
    test2_step                               0x08001391   Thumb Code  1418  test2.o(i.test2_step)
    waijung_usart2_initial                   0x08001939   Thumb Code   284  waijung_hwdrvlib.o(i.waijung_usart2_initial)
    __aeabi_d2f                              0x08001a71   Thumb Code     0  d2f.o(x$fpl$d2f)
    _d2f                                     0x08001a71   Thumb Code    98  d2f.o(x$fpl$d2f)
    __aeabi_dadd                             0x08001ad5   Thumb Code     0  daddsub_clz.o(x$fpl$dadd)
    _dadd                                    0x08001ad5   Thumb Code   332  daddsub_clz.o(x$fpl$dadd)
    __fpl_dcmp_Inf                           0x08001c25   Thumb Code    24  dcmpi.o(x$fpl$dcmpinf)
    __aeabi_cdcmpeq                          0x08001c3d   Thumb Code     0  deqf.o(x$fpl$deqf)
    _dcmpeq                                  0x08001c3d   Thumb Code   120  deqf.o(x$fpl$deqf)
    __aeabi_d2uiz                            0x08001cb5   Thumb Code     0  dfixu.o(x$fpl$dfixu)
    _dfixu                                   0x08001cb5   Thumb Code    90  dfixu.o(x$fpl$dfixu)
    __aeabi_ui2d                             0x08001d0f   Thumb Code     0  dflt_clz.o(x$fpl$dfltu)
    _dfltu                                   0x08001d0f   Thumb Code    38  dflt_clz.o(x$fpl$dfltu)
    __aeabi_cdcmple                          0x08001d35   Thumb Code     0  dleqf.o(x$fpl$dleqf)
    _dcmple                                  0x08001d35   Thumb Code   120  dleqf.o(x$fpl$dleqf)
    __fpl_dcmple_InfNaN                      0x08001d97   Thumb Code     0  dleqf.o(x$fpl$dleqf)
    __aeabi_dmul                             0x08001dad   Thumb Code     0  dmul.o(x$fpl$dmul)
    _dmul                                    0x08001dad   Thumb Code   332  dmul.o(x$fpl$dmul)
    __fpl_dnaninf                            0x08001f01   Thumb Code   156  dnaninf.o(x$fpl$dnaninf)
    __fpl_dretinf                            0x08001f9d   Thumb Code    12  dretinf.o(x$fpl$dretinf)
    __aeabi_cdrcmple                         0x08001fa9   Thumb Code     0  drleqf.o(x$fpl$drleqf)
    _drcmple                                 0x08001fa9   Thumb Code   108  drleqf.o(x$fpl$drleqf)
    __aeabi_drsub                            0x08002015   Thumb Code     0  daddsub_clz.o(x$fpl$drsb)
    _drsb                                    0x08002015   Thumb Code    22  daddsub_clz.o(x$fpl$drsb)
    __aeabi_dsub                             0x0800202d   Thumb Code     0  daddsub_clz.o(x$fpl$dsub)
    _dsub                                    0x0800202d   Thumb Code   464  daddsub_clz.o(x$fpl$dsub)
    __aeabi_f2d                              0x08002201   Thumb Code     0  f2d.o(x$fpl$f2d)
    _f2d                                     0x08002201   Thumb Code    86  f2d.o(x$fpl$f2d)
    __fpl_fnaninf                            0x08002257   Thumb Code   140  fnaninf.o(x$fpl$fnaninf)
    _fp_init                                 0x080022e3   Thumb Code    10  fpinit.o(x$fpl$fpinit)
    __fplib_config_fpu_vfp                   0x080022eb   Thumb Code     0  fpinit.o(x$fpl$fpinit)
    __fplib_config_pureend_doubles           0x080022eb   Thumb Code     0  fpinit.o(x$fpl$fpinit)
    __fpl_fretinf                            0x080022ed   Thumb Code    10  fretinf.o(x$fpl$fretinf)
    __I$use$fp                               0x080022f6   Number         0  usenofp.o(x$fpl$usenofp)
    test2_ConstB                             0x080022f8   Data          16  test2_data.o(.constdata)
    test2_M                                  0x08002308   Data           4  test2.o(.constdata)
    Region$$Table$$Base                      0x0800230c   Number         0  anon$$obj.o(Region$$Table)
    Region$$Table$$Limit                     0x0800232c   Number         0  anon$$obj.o(Region$$Table)
    rtInfF                                   0x20000010   Data           4  rt_nonfinite.o(.data)
    rtMinusInfF                              0x20000014   Data           4  rt_nonfinite.o(.data)
    rtNaNF                                   0x20000018   Data           4  rt_nonfinite.o(.data)
    rtInf                                    0x20000020   Data           8  rt_nonfinite.o(.data)
    rtMinusInf                               0x20000028   Data           8  rt_nonfinite.o(.data)
    rtNaN                                    0x20000030   Data           8  rt_nonfinite.o(.data)
    systick_count                            0x20000038   Data           4  main.o(.data)
    UARTSetup_Tx_State                       0x20000041   Data           1  waijung_hwdrvlib.o(.data)
    profiler_records_ptr                     0x20000044   Data           4  waijung_hwdrvlib.o(.data)
    RegularADC_ConvertedValue                0x20000048   Data           6  waijung_hwdrvlib.o(.data)
    UARTRx_read_structure                    0x20000050   Data           8  waijung_hwdrvlib.o(.data)
    profiler_records                         0x20000058   Data           8  waijung_hwdrvlib.o(.data)
    test2_B                                  0x20000060   Data         112  test2.o(.bss)
    test2_DW                                 0x200000d0   Data          40  test2.o(.bss)
    test2_M_                                 0x200000f8   Data          12  test2.o(.bss)
    TargetSetup_DMA_Init                     0x20000104   Data          60  waijung_hwdrvlib.o(.bss)
    RegularADC_ADC_InitStructure             0x20000140   Data          24  waijung_hwdrvlib.o(.bss)
    RegularADC_ADC_CommonInitStructure       0x20000158   Data          16  waijung_hwdrvlib.o(.bss)
    RegularADC_DMA_InitStructure             0x20000168   Data          60  waijung_hwdrvlib.o(.bss)
    UART2_Tx_Buffer                          0x200001a4   Data         512  waijung_hwdrvlib.o(.bss)
    UART2_Rx_Buffer                          0x200003a4   Data         512  waijung_hwdrvlib.o(.bss)
    UARTSetup_DMA_Init                       0x200005a4   Data          60  waijung_hwdrvlib.o(.bss)
    UART2_Temp_Buffer                        0x200005e0   Data         512  waijung_hwdrvlib.o(.bss)
    __libspace_start                         0x200007e0   Data          96  libspace.o(.bss)
    __temporary_stack_top$libspace           0x20000840   Data           0  libspace.o(.bss)



==============================================================================

Memory Map of the image

  Image Entry point : 0x08000189

  Load Region LR_IROM1 (Base: 0x08000000, Size: 0x0000238c, Max: 0x00080000, ABSOLUTE)

    Execution Region ER_IROM1 (Base: 0x08000000, Size: 0x0000232c, Max: 0x00080000, ABSOLUTE)

    Base Addr    Size         Type   Attr      Idx    E Section Name        Object

    0x08000000   0x00000188   Data   RO         2457    RESET               startup_stm32f4xx.o
    0x08000188   0x00000008   Code   RO         2472  * !!!main             c_w.l(__main.o)
    0x08000190   0x00000034   Code   RO         2670    !!!scatter          c_w.l(__scatter.o)
    0x080001c4   0x0000001a   Code   RO         2672    !!handler_copy      c_w.l(__scatter_copy.o)
    0x080001de   0x00000002   PAD
    0x080001e0   0x0000001c   Code   RO         2674    !!handler_zi        c_w.l(__scatter_zi.o)
    0x080001fc   0x00000002   Code   RO         2540    .ARM.Collect$$libinit$$00000000  c_w.l(libinit.o)
    0x080001fe   0x00000004   Code   RO         2546    .ARM.Collect$$libinit$$00000001  c_w.l(libinit2.o)
    0x08000202   0x00000000   Code   RO         2549    .ARM.Collect$$libinit$$00000004  c_w.l(libinit2.o)
    0x08000202   0x00000000   Code   RO         2552    .ARM.Collect$$libinit$$0000000A  c_w.l(libinit2.o)
    0x08000202   0x00000000   Code   RO         2554    .ARM.Collect$$libinit$$0000000C  c_w.l(libinit2.o)
    0x08000202   0x00000000   Code   RO         2556    .ARM.Collect$$libinit$$0000000E  c_w.l(libinit2.o)
    0x08000202   0x00000000   Code   RO         2559    .ARM.Collect$$libinit$$00000011  c_w.l(libinit2.o)
    0x08000202   0x00000000   Code   RO         2561    .ARM.Collect$$libinit$$00000013  c_w.l(libinit2.o)
    0x08000202   0x00000000   Code   RO         2563    .ARM.Collect$$libinit$$00000015  c_w.l(libinit2.o)
    0x08000202   0x00000000   Code   RO         2565    .ARM.Collect$$libinit$$00000017  c_w.l(libinit2.o)
    0x08000202   0x00000000   Code   RO         2567    .ARM.Collect$$libinit$$00000019  c_w.l(libinit2.o)
    0x08000202   0x00000000   Code   RO         2569    .ARM.Collect$$libinit$$0000001B  c_w.l(libinit2.o)
    0x08000202   0x00000000   Code   RO         2571    .ARM.Collect$$libinit$$0000001D  c_w.l(libinit2.o)
    0x08000202   0x00000000   Code   RO         2573    .ARM.Collect$$libinit$$0000001F  c_w.l(libinit2.o)
    0x08000202   0x00000000   Code   RO         2575    .ARM.Collect$$libinit$$00000021  c_w.l(libinit2.o)
    0x08000202   0x00000000   Code   RO         2577    .ARM.Collect$$libinit$$00000023  c_w.l(libinit2.o)
    0x08000202   0x00000000   Code   RO         2579    .ARM.Collect$$libinit$$00000025  c_w.l(libinit2.o)
    0x08000202   0x00000000   Code   RO         2583    .ARM.Collect$$libinit$$0000002C  c_w.l(libinit2.o)
    0x08000202   0x00000000   Code   RO         2585    .ARM.Collect$$libinit$$0000002E  c_w.l(libinit2.o)
    0x08000202   0x00000000   Code   RO         2587    .ARM.Collect$$libinit$$00000030  c_w.l(libinit2.o)
    0x08000202   0x00000000   Code   RO         2589    .ARM.Collect$$libinit$$00000032  c_w.l(libinit2.o)
    0x08000202   0x00000002   Code   RO         2590    .ARM.Collect$$libinit$$00000033  c_w.l(libinit2.o)
    0x08000204   0x00000002   Code   RO         2610    .ARM.Collect$$libshutdown$$00000000  c_w.l(libshutdown.o)
    0x08000206   0x00000000   Code   RO         2623    .ARM.Collect$$libshutdown$$00000002  c_w.l(libshutdown2.o)
    0x08000206   0x00000000   Code   RO         2625    .ARM.Collect$$libshutdown$$00000004  c_w.l(libshutdown2.o)
    0x08000206   0x00000000   Code   RO         2628    .ARM.Collect$$libshutdown$$00000007  c_w.l(libshutdown2.o)
    0x08000206   0x00000000   Code   RO         2631    .ARM.Collect$$libshutdown$$0000000A  c_w.l(libshutdown2.o)
    0x08000206   0x00000000   Code   RO         2633    .ARM.Collect$$libshutdown$$0000000C  c_w.l(libshutdown2.o)
    0x08000206   0x00000000   Code   RO         2636    .ARM.Collect$$libshutdown$$0000000F  c_w.l(libshutdown2.o)
    0x08000206   0x00000002   Code   RO         2637    .ARM.Collect$$libshutdown$$00000010  c_w.l(libshutdown2.o)
    0x08000208   0x00000000   Code   RO         2502    .ARM.Collect$$rtentry$$00000000  c_w.l(__rtentry.o)
    0x08000208   0x00000000   Code   RO         2517    .ARM.Collect$$rtentry$$00000002  c_w.l(__rtentry2.o)
    0x08000208   0x00000006   Code   RO         2529    .ARM.Collect$$rtentry$$00000004  c_w.l(__rtentry4.o)
    0x0800020e   0x00000000   Code   RO         2519    .ARM.Collect$$rtentry$$00000009  c_w.l(__rtentry2.o)
    0x0800020e   0x00000004   Code   RO         2520    .ARM.Collect$$rtentry$$0000000A  c_w.l(__rtentry2.o)
    0x08000212   0x00000000   Code   RO         2522    .ARM.Collect$$rtentry$$0000000C  c_w.l(__rtentry2.o)
    0x08000212   0x00000008   Code   RO         2523    .ARM.Collect$$rtentry$$0000000D  c_w.l(__rtentry2.o)
    0x0800021a   0x00000002   Code   RO         2544    .ARM.Collect$$rtexit$$00000000  c_w.l(rtexit.o)
    0x0800021c   0x00000000   Code   RO         2592    .ARM.Collect$$rtexit$$00000002  c_w.l(rtexit2.o)
    0x0800021c   0x00000004   Code   RO         2593    .ARM.Collect$$rtexit$$00000003  c_w.l(rtexit2.o)
    0x08000220   0x00000006   Code   RO         2594    .ARM.Collect$$rtexit$$00000004  c_w.l(rtexit2.o)
    0x08000226   0x00000002   PAD
    0x08000228   0x00000040   Code   RO         2458    .text               startup_stm32f4xx.o
    0x08000268   0x0000008a   Code   RO         2466    .text               c_w.l(rt_memcpy_v6.o)
    0x080002f2   0x0000004e   Code   RO         2468    .text               c_w.l(rt_memclr_w.o)
    0x08000340   0x00000006   Code   RO         2470    .text               c_w.l(heapauxi.o)
    0x08000346   0x00000064   Code   RO         2503    .text               c_w.l(rt_memcpy_w.o)
    0x080003aa   0x0000004a   Code   RO         2531    .text               c_w.l(sys_stackheap_outer.o)
    0x080003f4   0x00000012   Code   RO         2533    .text               c_w.l(exit.o)
    0x08000406   0x00000002   PAD
    0x08000408   0x00000008   Code   RO         2541    .text               c_w.l(libspace.o)
    0x08000410   0x0000000c   Code   RO         2602    .text               c_w.l(sys_exit.o)
    0x0800041c   0x00000002   Code   RO         2613    .text               c_w.l(use_no_semi.o)
    0x0800041e   0x00000000   Code   RO         2615    .text               c_w.l(indicate_semi.o)
    0x0800041e   0x00000014   Code   RO           10    i.ADC_Cmd           stm32f4xx_adc.o
    0x08000432   0x00000002   PAD
    0x08000434   0x0000002c   Code   RO           11    i.ADC_CommonInit    stm32f4xx_adc.o
    0x08000460   0x00000014   Code   RO           14    i.ADC_DMACmd        stm32f4xx_adc.o
    0x08000474   0x00000014   Code   RO           15    i.ADC_DMARequestAfterLastTransferCmd  stm32f4xx_adc.o
    0x08000488   0x0000004c   Code   RO           30    i.ADC_Init          stm32f4xx_adc.o
    0x080004d4   0x00000074   Code   RO           35    i.ADC_RegularChannelConfig  stm32f4xx_adc.o
    0x08000548   0x0000000a   Code   RO           37    i.ADC_SoftwareStartConv  stm32f4xx_adc.o
    0x08000552   0x00000002   PAD
    0x08000554   0x00000014   Code   RO         1843    i.BusFault_Handler  stm32f4xx_it.o
    0x08000568   0x0000001c   Code   RO         1509    i.CRC_CalcBlockCRC  stm32f4xx_crc.o
    0x08000584   0x0000000c   Code   RO         1513    i.CRC_ResetDR       stm32f4xx_crc.o
    0x08000590   0x0000002c   Code   RO         2020    i.DMA_ClearFlag     stm32f4xx_dma.o
    0x080005bc   0x00000014   Code   RO         2022    i.DMA_Cmd           stm32f4xx_dma.o
    0x080005d0   0x00000124   Code   RO         2023    i.DMA_DeInit        stm32f4xx_dma.o
    0x080006f4   0x00000034   Code   RO         2031    i.DMA_GetFlagStatus  stm32f4xx_dma.o
    0x08000728   0x00000054   Code   RO         2034    i.DMA_Init          stm32f4xx_dma.o
    0x0800077c   0x00000002   Code   RO         1844    i.DebugMon_Handler  stm32f4xx_it.o
    0x0800077e   0x000000a2   Code   RO         2339    i.GPIO_Init         stm32f4xx_gpio.o
    0x08000820   0x00000020   Code   RO         2340    i.GPIO_PinAFConfig  stm32f4xx_gpio.o
    0x08000840   0x00000014   Code   RO         1845    i.HardFault_Handler  stm32f4xx_it.o
    0x08000854   0x00000002   Code   RO         1846    i.MemManage_Handler  stm32f4xx_it.o
    0x08000856   0x00000002   Code   RO         1847    i.NMI_Handler       stm32f4xx_it.o
    0x08000858   0x00000002   Code   RO         1848    i.PendSV_Handler    stm32f4xx_it.o
    0x0800085a   0x00000002   PAD
    0x0800085c   0x00000018   Code   RO         1171    i.RCC_AHB1PeriphClockCmd  stm32f4xx_rcc.o
    0x08000874   0x00000018   Code   RO         1180    i.RCC_APB1PeriphClockCmd  stm32f4xx_rcc.o
    0x0800088c   0x00000018   Code   RO         1183    i.RCC_APB2PeriphClockCmd  stm32f4xx_rcc.o
    0x080008a4   0x00000090   Code   RO         1192    i.RCC_GetClocksFreq  stm32f4xx_rcc.o
    0x08000934   0x0000009c   Code   RO         2152    i.RegularADCStartConversion  waijung_hwdrvlib.o
    0x080009d0   0x00000002   Code   RO         1849    i.SVC_Handler       stm32f4xx_it.o
    0x080009d2   0x00000002   PAD
    0x080009d4   0x000000b4   Code   RO         1773    i.SetSysClock       system_stm32f4xx.o
    0x08000a88   0x00000004   Code   RO         1925    i.SysTick_Handler   main.o
    0x08000a8c   0x0000005c   Code   RO         1775    i.SystemInit        system_stm32f4xx.o
    0x08000ae8   0x00000014   Code   RO          315    i.TIM_ARRPreloadConfig  stm32f4xx_tim.o
    0x08000afc   0x00000014   Code   RO          327    i.TIM_Cmd           stm32f4xx_tim.o
    0x08000b10   0x00000060   Code   RO          356    i.TIM_OC1Init       stm32f4xx_tim.o
    0x08000b70   0x0000000c   Code   RO          359    i.TIM_OC1PreloadConfig  stm32f4xx_tim.o
    0x08000b7c   0x00000014   Code   RO          374    i.TIM_OCStructInit  stm32f4xx_tim.o
    0x08000b90   0x0000007c   Code   RO          399    i.TIM_TimeBaseInit  stm32f4xx_tim.o
    0x08000c0c   0x00000060   Code   RO         2159    i.UART2_FlushTxBuffer  waijung_hwdrvlib.o
    0x08000c6c   0x00000064   Code   RO         2160    i.UART2_Read        waijung_hwdrvlib.o
    0x08000cd0   0x000000da   Code   RO         2161    i.UART2_ReadBinary  waijung_hwdrvlib.o
    0x08000daa   0x00000002   PAD
    0x08000dac   0x00000026   Code   RO         2164    i.UART2_RestoreBytes  waijung_hwdrvlib.o
    0x08000dd2   0x00000002   PAD
    0x08000dd4   0x0000004c   Code   RO         2165    i.UART2_TxUpdate    waijung_hwdrvlib.o
    0x08000e20   0x00000024   Code   RO         2167    i.UARTRx_Receive    waijung_hwdrvlib.o
    0x08000e44   0x00000006   Code   RO          864    i.USART_ClearFlag   stm32f4xx_usart.o
    0x08000e4a   0x00000014   Code   RO          868    i.USART_Cmd         stm32f4xx_usart.o
    0x08000e5e   0x00000010   Code   RO          869    i.USART_DMACmd      stm32f4xx_usart.o
    0x08000e6e   0x0000000e   Code   RO          871    i.USART_GetFlagStatus  stm32f4xx_usart.o
    0x08000e7c   0x000000ac   Code   RO          875    i.USART_Init        stm32f4xx_usart.o
    0x08000f28   0x00000014   Code   RO          881    i.USART_OverSampling8Cmd  stm32f4xx_usart.o
    0x08000f3c   0x00000002   Code   RO         1850    i.UsageFault_Handler  stm32f4xx_it.o
    0x08000f3e   0x00000002   PAD
    0x08000f40   0x000000a8   Code   RO         2170    i.enable_BasicPWM   waijung_hwdrvlib.o
    0x08000fe8   0x000000b8   Code   RO         2171    i.enable_RegularADC  waijung_hwdrvlib.o
    0x080010a0   0x00000004   Code   RO         2172    i.enable_UARTRx     waijung_hwdrvlib.o
    0x080010a4   0x00000004   Code   RO         2173    i.enable_UARTSetup  waijung_hwdrvlib.o
    0x080010a8   0x00000004   Code   RO         2174    i.enable_UARTTx     waijung_hwdrvlib.o
    0x080010ac   0x00000044   Code   RO         1926    i.main              main.o
    0x080010f0   0x000000dc   Code   RO         2175    i.profiler_init     waijung_hwdrvlib.o
    0x080011cc   0x00000090   Code   RO         2176    i.profiler_update   waijung_hwdrvlib.o
    0x0800125c   0x00000014   Code   RO         1811    i.rtGetInf          rtGetInf.o
    0x08001270   0x0000000a   Code   RO         1812    i.rtGetInfF         rtGetInf.o
    0x0800127a   0x00000002   PAD
    0x0800127c   0x00000014   Code   RO         1813    i.rtGetMinusInf     rtGetInf.o
    0x08001290   0x0000000c   Code   RO         1814    i.rtGetMinusInfF    rtGetInf.o
    0x0800129c   0x00000014   Code   RO         2437    i.rtGetNaN          rtGetNaN.o
    0x080012b0   0x0000000c   Code   RO         2438    i.rtGetNaNF         rtGetNaN.o
    0x080012bc   0x00000018   Code   RO         1724    i.rtIsNaN           rt_nonfinite.o
    0x080012d4   0x0000003c   Code   RO         1726    i.rt_InitInfAndNaN  rt_nonfinite.o
    0x08001310   0x00000010   Code   RO         1927    i.rt_OneStep        main.o
    0x08001320   0x00000070   Code   RO         1677    i.test2_initialize  test2.o
    0x08001390   0x000005a8   Code   RO         1678    i.test2_step        test2.o
    0x08001938   0x00000138   Code   RO         2178    i.waijung_usart2_initial  waijung_hwdrvlib.o
    0x08001a70   0x00000062   Code   RO         2474    x$fpl$d2f           fz_wm.l(d2f.o)
    0x08001ad2   0x00000002   PAD
    0x08001ad4   0x00000150   Code   RO         2476    x$fpl$dadd          fz_wm.l(daddsub_clz.o)
    0x08001c24   0x00000018   Code   RO         2505    x$fpl$dcmpinf       fz_wm.l(dcmpi.o)
    0x08001c3c   0x00000078   Code   RO         2482    x$fpl$deqf          fz_wm.l(deqf.o)
    0x08001cb4   0x0000005a   Code   RO         2484    x$fpl$dfixu         fz_wm.l(dfixu.o)
    0x08001d0e   0x00000026   Code   RO         2488    x$fpl$dfltu         fz_wm.l(dflt_clz.o)
    0x08001d34   0x00000078   Code   RO         2494    x$fpl$dleqf         fz_wm.l(dleqf.o)
    0x08001dac   0x00000154   Code   RO         2496    x$fpl$dmul          fz_wm.l(dmul.o)
    0x08001f00   0x0000009c   Code   RO         2507    x$fpl$dnaninf       fz_wm.l(dnaninf.o)
    0x08001f9c   0x0000000c   Code   RO         2509    x$fpl$dretinf       fz_wm.l(dretinf.o)
    0x08001fa8   0x0000006c   Code   RO         2498    x$fpl$drleqf        fz_wm.l(drleqf.o)
    0x08002014   0x00000016   Code   RO         2477    x$fpl$drsb          fz_wm.l(daddsub_clz.o)
    0x0800202a   0x00000002   PAD
    0x0800202c   0x000001d4   Code   RO         2478    x$fpl$dsub          fz_wm.l(daddsub_clz.o)
    0x08002200   0x00000056   Code   RO         2500    x$fpl$f2d           fz_wm.l(f2d.o)
    0x08002256   0x0000008c   Code   RO         2511    x$fpl$fnaninf       fz_wm.l(fnaninf.o)
    0x080022e2   0x0000000a   Code   RO         2600    x$fpl$fpinit        fz_wm.l(fpinit.o)
    0x080022ec   0x0000000a   Code   RO         2513    x$fpl$fretinf       fz_wm.l(fretinf.o)
    0x080022f6   0x00000000   Code   RO         2515    x$fpl$usenofp       fz_wm.l(usenofp.o)
    0x080022f6   0x00000002   PAD
    0x080022f8   0x00000010   Data   RO         1056    .constdata          test2_data.o
    0x08002308   0x00000004   Data   RO         1682    .constdata          test2.o
    0x0800230c   0x00000020   Data   RO         2668    Region$$Table       anon$$obj.o


    Execution Region RW_IRAM1 (Base: 0x20000000, Size: 0x00004840, Max: 0x00020000, ABSOLUTE)

    Base Addr    Size         Type   Attr      Idx    E Section Name        Object

    0x20000000   0x00000010   Data   RW         1224    .data               stm32f4xx_rcc.o
    0x20000010   0x00000028   Data   RW         1727    .data               rt_nonfinite.o
    0x20000038   0x00000008   Data   RW         1928    .data               main.o
    0x20000040   0x00000020   Data   RW         2181    .data               waijung_hwdrvlib.o
    0x20000060   0x00000098   Zero   RW         1680    .bss                test2.o
    0x200000f8   0x0000000c   Zero   RW         1681    .bss                test2.o
    0x20000104   0x000004dc   Zero   RW         2179    .bss                waijung_hwdrvlib.o
    0x200005e0   0x00000200   Zero   RW         2180    .bss                waijung_hwdrvlib.o
    0x200007e0   0x00000060   Zero   RW         2542    .bss                c_w.l(libspace.o)
    0x20000840   0x00002000   Zero   RW         2456    HEAP                startup_stm32f4xx.o
    0x20002840   0x00002000   Zero   RW         2455    STACK               startup_stm32f4xx.o


==============================================================================

Image component sizes


      Code (inc. data)   RO Data    RW Data    ZI Data      Debug   Object Name

        88         14          0          8          0      28069   main.o
        62         12          0          0          0       2366   rtGetInf.o
        32          8          0          0          0       1299   rtGetNaN.o
        84          6          0         40          0       1948   rt_nonfinite.o
        64         26        392          0      16384        808   startup_stm32f4xx.o
       306         20          0          0          0     320223   stm32f4xx_adc.o
        40          8          0          0          0       1305   stm32f4xx_crc.o
       492         48          0          0          0       4462   stm32f4xx_dma.o
       194          0          0          0          0       1647   stm32f4xx_gpio.o
        52          8          0          0          0       3564   stm32f4xx_it.o
       216         30          0         16          0       4563   stm32f4xx_rcc.o
       292         36          0          0          0       4995   stm32f4xx_tim.o
       248          8          0          0          0       4317   stm32f4xx_usart.o
       272         36          0          0          0       1473   system_stm32f4xx.o
      1560        152          4          0        164       4823   test2.o
         0          0         16          0          0       4741   test2_data.o
      1760        162          0         32       1756      13275   waijung_hwdrvlib.o

    ----------------------------------------------------------------------
      5778        574        444         96      18304     403878   Object Totals
         0          0         32          0          0          0   (incl. Generated)
        16          0          0          0          0          0   (incl. Padding)

    ----------------------------------------------------------------------

      Code (inc. data)   RO Data    RW Data    ZI Data      Debug   Library Member Name

         8          0          0          0          0         68   __main.o
         0          0          0          0          0          0   __rtentry.o
        12          0          0          0          0          0   __rtentry2.o
         6          0          0          0          0          0   __rtentry4.o
        52          8          0          0          0          0   __scatter.o
        26          0          0          0          0          0   __scatter_copy.o
        28          0          0          0          0          0   __scatter_zi.o
        18          0          0          0          0         80   exit.o
         6          0          0          0          0        152   heapauxi.o
         0          0          0          0          0          0   indicate_semi.o
         2          0          0          0          0          0   libinit.o
         6          0          0          0          0          0   libinit2.o
         2          0          0          0          0          0   libshutdown.o
         2          0          0          0          0          0   libshutdown2.o
         8          4          0          0         96         68   libspace.o
        78          0          0          0          0         80   rt_memclr_w.o
       138          0          0          0          0         68   rt_memcpy_v6.o
       100          0          0          0          0         80   rt_memcpy_w.o
         2          0          0          0          0          0   rtexit.o
        10          0          0          0          0          0   rtexit2.o
        12          4          0          0          0         68   sys_exit.o
        74          0          0          0          0         80   sys_stackheap_outer.o
         2          0          0          0          0         68   use_no_semi.o
        98          4          0          0          0        140   d2f.o
       826         16          0          0          0        492   daddsub_clz.o
        24          0          0          0          0        116   dcmpi.o
       120          4          0          0          0        140   deqf.o
        90          4          0          0          0        140   dfixu.o
        38          0          0          0          0        116   dflt_clz.o
       120          4          0          0          0        140   dleqf.o
       340         12          0          0          0        152   dmul.o
       156          4          0          0          0        140   dnaninf.o
        12          0          0          0          0        116   dretinf.o
       108          0          0          0          0        128   drleqf.o
        86          4          0          0          0        132   f2d.o
       140          4          0          0          0        132   fnaninf.o
        10          0          0          0          0        116   fpinit.o
        10          0          0          0          0        116   fretinf.o
         0          0          0          0          0          0   usenofp.o

    ----------------------------------------------------------------------
      2782         72          0          0         96       3128   Library Totals
        12          0          0          0          0          0   (incl. Padding)

    ----------------------------------------------------------------------

      Code (inc. data)   RO Data    RW Data    ZI Data      Debug   Library Name

       592         16          0          0         96        812   c_w.l
      2178         56          0          0          0       2316   fz_wm.l

    ----------------------------------------------------------------------
      2782         72          0          0         96       3128   Library Totals

    ----------------------------------------------------------------------

==============================================================================


      Code (inc. data)   RO Data    RW Data    ZI Data      Debug   

      8560        646        444         96      18400     398994   Grand Totals
      8560        646        444         96      18400     398994   ELF Image Totals
      8560        646        444         96          0          0   ROM Totals

==============================================================================

    Total RO  Size (Code + RO Data)                 9004 (   8.79kB)
    Total RW  Size (RW Data + ZI Data)             18496 (  18.06kB)
    Total ROM Size (Code + RO Data + RW Data)       9100 (   8.89kB)

==============================================================================

